/home3/davidlcs/Econ-Rag/Local_LLM/test_meeting/Stormcast-Distilation/physicsnemo/distributed/manager.py:415: UserWarning: Could not initialize using ENV, SLURM or OPENMPI methods. Assuming this is a single process job
  warn(
[device] cuda:0
[data] /home3/davidlcs/Econ-Rag/Local_LLM/test_meeting/Stormcast-Distilation/exp_3_train_2_5_yrs_val_1yr_tp1/zarr_exp3_L_24_H_24_train_2_5_years_full_cleaned_4_27_2026 valid=['2022/01/01', '2022/12/31'] hr=[192, 96]
[data] usable pairs=8759 channels=['u10', 'v10', 't2m', 'qpepre']
[seqs] 6 sequences x 12 steps (first=0, last=8746)
[load] regression /home3/davidlcs/Econ-Rag/Local_LLM/test_meeting/Stormcast-Distilation/runs/regression_zettabyte_v1_cleaned_4_27_2026/regression_zettabyte_cleaned_4_27_2026/run_0/checkpoints_regression/StormCastUNet.0.8000.mdlus
[load] diffusion /home3/davidlcs/Econ-Rag/Local_LLM/test_meeting/Stormcast-Distilation/runs/diffusion_zettabyte_v1_cleaned_4_27_2026/diffusion_zettabyte_cleaned_4_27_2026/run_0/checkpoints_diffusion/EDMPrecond.0.31000.mdlus
[run] diffusion ensemble (K=4, NFE/step≈36)
[run] diffusion ensemble starting: K=4 x S=6 x T=12 = 24 sequence-rollouts
[run] diffusion  k=1/4 seq=1/6 (1/24)  t0=0      rollout= 20.4s  avg=20.4s/seq  elapsed=  0.3m  eta=  7.8m
[run] diffusion  k=1/4 seq=2/6 (2/24)  t0=1749   rollout= 22.0s  avg=21.2s/seq  elapsed=  0.7m  eta=  7.8m
[run] diffusion  k=1/4 seq=3/6 (3/24)  t0=3498   rollout= 23.1s  avg=21.8s/seq  elapsed=  1.1m  eta=  7.6m
[run] diffusion  k=1/4 seq=4/6 (4/24)  t0=5247   rollout= 19.9s  avg=21.4s/seq  elapsed=  1.4m  eta=  7.1m
[run] diffusion  k=1/4 seq=5/6 (5/24)  t0=6996   rollout= 18.7s  avg=20.8s/seq  elapsed=  1.7m  eta=  6.6m
[run] diffusion  k=1/4 seq=6/6 (6/24)  t0=8746   rollout= 18.8s  avg=20.5s/seq  elapsed=  2.0m  eta=  6.1m
[run] diffusion  k=2/4 seq=1/6 (7/24)  t0=0      rollout= 18.7s  avg=20.2s/seq  elapsed=  2.4m  eta=  5.7m
[run] diffusion  k=2/4 seq=2/6 (8/24)  t0=1749   rollout= 18.7s  avg=20.0s/seq  elapsed=  2.7m  eta=  5.3m
[run] diffusion  k=2/4 seq=3/6 (9/24)  t0=3498   rollout= 18.7s  avg=19.9s/seq  elapsed=  3.0m  eta=  5.0m
[run] diffusion  k=2/4 seq=4/6 (10/24)  t0=5247   rollout= 18.6s  avg=19.8s/seq  elapsed=  3.3m  eta=  4.6m
[run] diffusion  k=2/4 seq=5/6 (11/24)  t0=6996   rollout= 18.8s  avg=19.7s/seq  elapsed=  3.6m  eta=  4.3m
[run] diffusion  k=2/4 seq=6/6 (12/24)  t0=8746   rollout= 18.5s  avg=19.6s/seq  elapsed=  3.9m  eta=  3.9m
[run] diffusion  k=3/4 seq=1/6 (13/24)  t0=0      rollout= 19.0s  avg=19.5s/seq  elapsed=  4.2m  eta=  3.6m
[run] diffusion  k=3/4 seq=2/6 (14/24)  t0=1749   rollout= 18.8s  avg=19.5s/seq  elapsed=  4.5m  eta=  3.2m
[run] diffusion  k=3/4 seq=3/6 (15/24)  t0=3498   rollout= 18.7s  avg=19.4s/seq  elapsed=  4.9m  eta=  2.9m
[run] diffusion  k=3/4 seq=4/6 (16/24)  t0=5247   rollout= 18.8s  avg=19.4s/seq  elapsed=  5.2m  eta=  2.6m
[run] diffusion  k=3/4 seq=5/6 (17/24)  t0=6996   rollout= 18.7s  avg=19.4s/seq  elapsed=  5.5m  eta=  2.3m
[run] diffusion  k=3/4 seq=6/6 (18/24)  t0=8746   rollout= 18.8s  avg=19.3s/seq  elapsed=  5.8m  eta=  1.9m
[run] diffusion  k=4/4 seq=1/6 (19/24)  t0=0      rollout= 18.6s  avg=19.3s/seq  elapsed=  6.1m  eta=  1.6m
[run] diffusion  k=4/4 seq=2/6 (20/24)  t0=1749   rollout= 18.7s  avg=19.3s/seq  elapsed=  6.4m  eta=  1.3m
[run] diffusion  k=4/4 seq=3/6 (21/24)  t0=3498   rollout= 18.7s  avg=19.2s/seq  elapsed=  6.7m  eta=  1.0m
[run] diffusion  k=4/4 seq=4/6 (22/24)  t0=5247   rollout= 18.8s  avg=19.2s/seq  elapsed=  7.0m  eta=  0.6m
[run] diffusion  k=4/4 seq=5/6 (23/24)  t0=6996   rollout= 18.5s  avg=19.2s/seq  elapsed=  7.4m  eta=  0.3m
[run] diffusion  k=4/4 seq=6/6 (24/24)  t0=8746   rollout= 18.6s  avg=19.2s/seq  elapsed=  7.7m  eta=  0.0m
[run] diffusion ensemble finished in 7.7m
[load] flowcast /home3/davidlcs/Econ-Rag/Local_LLM/test_meeting/Stormcast-Distilation/runs/flowcast_zettabyte_v1_cleaned_4_27_2026/flowcast_zettabyte_cleaned_4_27_2026/run_0/checkpoints_flowcast/FlowCastPrecond.0.20000.mdlus
[run] flowcast ensemble (K=4, NFE=10)
[run] flowcast ensemble starting: K=4 x S=6 x T=12 = 24 sequence-rollouts
[run] flowcast  k=1/4 seq=1/6 (1/24)  t0=0      rollout=  6.0s  avg= 6.0s/seq  elapsed=  0.1m  eta=  2.3m
[run] flowcast  k=1/4 seq=2/6 (2/24)  t0=1749   rollout=  5.9s  avg= 6.0s/seq  elapsed=  0.2m  eta=  2.2m
[run] flowcast  k=1/4 seq=3/6 (3/24)  t0=3498   rollout=  6.0s  avg= 6.0s/seq  elapsed=  0.3m  eta=  2.1m
[run] flowcast  k=1/4 seq=4/6 (4/24)  t0=5247   rollout=  5.8s  avg= 5.9s/seq  elapsed=  0.4m  eta=  2.0m
[run] flowcast  k=1/4 seq=5/6 (5/24)  t0=6996   rollout=  5.9s  avg= 5.9s/seq  elapsed=  0.5m  eta=  1.9m
[run] flowcast  k=1/4 seq=6/6 (6/24)  t0=8746   rollout=  5.9s  avg= 5.9s/seq  elapsed=  0.6m  eta=  1.8m
[run] flowcast  k=2/4 seq=1/6 (7/24)  t0=0      rollout=  5.9s  avg= 5.9s/seq  elapsed=  0.7m  eta=  1.7m
[run] flowcast  k=2/4 seq=2/6 (8/24)  t0=1749   rollout=  6.0s  avg= 5.9s/seq  elapsed=  0.8m  eta=  1.6m
[run] flowcast  k=2/4 seq=3/6 (9/24)  t0=3498   rollout=  6.3s  avg= 6.0s/seq  elapsed=  0.9m  eta=  1.5m
[run] flowcast  k=2/4 seq=4/6 (10/24)  t0=5247   rollout=  7.3s  avg= 6.1s/seq  elapsed=  1.0m  eta=  1.4m
[run] flowcast  k=2/4 seq=5/6 (11/24)  t0=6996   rollout=  5.9s  avg= 6.1s/seq  elapsed=  1.1m  eta=  1.3m
[run] flowcast  k=2/4 seq=6/6 (12/24)  t0=8746   rollout=  5.9s  avg= 6.1s/seq  elapsed=  1.2m  eta=  1.2m
[run] flowcast  k=3/4 seq=1/6 (13/24)  t0=0      rollout=  5.9s  avg= 6.1s/seq  elapsed=  1.3m  eta=  1.1m
[run] flowcast  k=3/4 seq=2/6 (14/24)  t0=1749   rollout=  6.0s  avg= 6.0s/seq  elapsed=  1.4m  eta=  1.0m
[run] flowcast  k=3/4 seq=3/6 (15/24)  t0=3498   rollout=  5.9s  avg= 6.0s/seq  elapsed=  1.5m  eta=  0.9m
[run] flowcast  k=3/4 seq=4/6 (16/24)  t0=5247   rollout=  6.0s  avg= 6.0s/seq  elapsed=  1.6m  eta=  0.8m
[run] flowcast  k=3/4 seq=5/6 (17/24)  t0=6996   rollout=  6.1s  avg= 6.0s/seq  elapsed=  1.7m  eta=  0.7m
[run] flowcast  k=3/4 seq=6/6 (18/24)  t0=8746   rollout=  6.0s  avg= 6.0s/seq  elapsed=  1.8m  eta=  0.6m
[run] flowcast  k=4/4 seq=1/6 (19/24)  t0=0      rollout=  6.0s  avg= 6.0s/seq  elapsed=  1.9m  eta=  0.5m
[run] flowcast  k=4/4 seq=2/6 (20/24)  t0=1749   rollout=  6.1s  avg= 6.0s/seq  elapsed=  2.0m  eta=  0.4m
[run] flowcast  k=4/4 seq=3/6 (21/24)  t0=3498   rollout=  6.0s  avg= 6.0s/seq  elapsed=  2.1m  eta=  0.3m
[run] flowcast  k=4/4 seq=4/6 (22/24)  t0=5247   rollout=  5.9s  avg= 6.0s/seq  elapsed=  2.2m  eta=  0.2m
[run] flowcast  k=4/4 seq=5/6 (23/24)  t0=6996   rollout=  6.2s  avg= 6.0s/seq  elapsed=  2.3m  eta=  0.1m
[run] flowcast  k=4/4 seq=6/6 (24/24)  t0=8746   rollout=  7.2s  avg= 6.1s/seq  elapsed=  2.4m  eta=  0.0m
[run] flowcast ensemble finished in 2.4m
[load] meanflow /home3/davidlcs/Econ-Rag/Local_LLM/test_meeting/Stormcast-Distilation/runs/meanflow_zettabyte_v1_cleaned_4_27_2026/meanflow_zettabyte_cleaned_4_27_2026/run_0/checkpoints_meanflow/MeanFlowPrecond.0.20000.mdlus
[run] meanflow ensemble (K=4, NFE=2)
[run] meanflow ensemble starting: K=4 x S=6 x T=12 = 24 sequence-rollouts
[run] meanflow  k=1/4 seq=1/6 (1/24)  t0=0      rollout=  2.3s  avg= 2.4s/seq  elapsed=  0.0m  eta=  0.9m
[run] meanflow  k=1/4 seq=2/6 (2/24)  t0=1749   rollout=  2.3s  avg= 2.3s/seq  elapsed=  0.1m  eta=  0.9m
[run] meanflow  k=1/4 seq=3/6 (3/24)  t0=3498   rollout=  2.4s  avg= 2.4s/seq  elapsed=  0.1m  eta=  0.8m
[run] meanflow  k=1/4 seq=4/6 (4/24)  t0=5247   rollout=  2.4s  avg= 2.4s/seq  elapsed=  0.2m  eta=  0.8m
[run] meanflow  k=1/4 seq=5/6 (5/24)  t0=6996   rollout=  2.3s  avg= 2.4s/seq  elapsed=  0.2m  eta=  0.7m
[run] meanflow  k=1/4 seq=6/6 (6/24)  t0=8746   rollout=  2.3s  avg= 2.3s/seq  elapsed=  0.2m  eta=  0.7m
[run] meanflow  k=2/4 seq=1/6 (7/24)  t0=0      rollout=  2.3s  avg= 2.3s/seq  elapsed=  0.3m  eta=  0.7m
[run] meanflow  k=2/4 seq=2/6 (8/24)  t0=1749   rollout=  2.2s  avg= 2.3s/seq  elapsed=  0.3m  eta=  0.6m
[run] meanflow  k=2/4 seq=3/6 (9/24)  t0=3498   rollout=  2.3s  avg= 2.3s/seq  elapsed=  0.3m  eta=  0.6m
[run] meanflow  k=2/4 seq=4/6 (10/24)  t0=5247   rollout=  2.3s  avg= 2.3s/seq  elapsed=  0.4m  eta=  0.5m
[run] meanflow  k=2/4 seq=5/6 (11/24)  t0=6996   rollout=  2.3s  avg= 2.3s/seq  elapsed=  0.4m  eta=  0.5m
[run] meanflow  k=2/4 seq=6/6 (12/24)  t0=8746   rollout=  2.3s  avg= 2.3s/seq  elapsed=  0.5m  eta=  0.5m
[run] meanflow  k=3/4 seq=1/6 (13/24)  t0=0      rollout=  2.2s  avg= 2.3s/seq  elapsed=  0.5m  eta=  0.4m
[run] meanflow  k=3/4 seq=2/6 (14/24)  t0=1749   rollout=  2.6s  avg= 2.3s/seq  elapsed=  0.5m  eta=  0.4m
[run] meanflow  k=3/4 seq=3/6 (15/24)  t0=3498   rollout=  2.6s  avg= 2.3s/seq  elapsed=  0.6m  eta=  0.3m
[run] meanflow  k=3/4 seq=4/6 (16/24)  t0=5247   rollout=  2.6s  avg= 2.3s/seq  elapsed=  0.6m  eta=  0.3m
[run] meanflow  k=3/4 seq=5/6 (17/24)  t0=6996   rollout=  2.6s  avg= 2.4s/seq  elapsed=  0.7m  eta=  0.3m
[run] meanflow  k=3/4 seq=6/6 (18/24)  t0=8746   rollout=  2.4s  avg= 2.4s/seq  elapsed=  0.7m  eta=  0.2m
[run] meanflow  k=4/4 seq=1/6 (19/24)  t0=0      rollout=  2.2s  avg= 2.4s/seq  elapsed=  0.7m  eta=  0.2m
[run] meanflow  k=4/4 seq=2/6 (20/24)  t0=1749   rollout=  2.2s  avg= 2.4s/seq  elapsed=  0.8m  eta=  0.2m
[run] meanflow  k=4/4 seq=3/6 (21/24)  t0=3498   rollout=  2.3s  avg= 2.4s/seq  elapsed=  0.8m  eta=  0.1m
[run] meanflow  k=4/4 seq=4/6 (22/24)  t0=5247   rollout=  2.2s  avg= 2.3s/seq  elapsed=  0.9m  eta=  0.1m
[run] meanflow  k=4/4 seq=5/6 (23/24)  t0=6996   rollout=  2.2s  avg= 2.3s/seq  elapsed=  0.9m  eta=  0.0m
[run] meanflow  k=4/4 seq=6/6 (24/24)  t0=8746   rollout=  2.2s  avg= 2.3s/seq  elapsed=  0.9m  eta=  0.0m
[run] meanflow ensemble finished in 0.9m
[score] aggregating...
| method | Time/Seq.(s) | CRPS↓ | CSI-M↑ | CSI-P16↑ | FSS-P16-M↑ | HSS-M↑ | FAR-M↓ | RMSE_u10↓ | RMSE_v10↓ | RMSE_t2m↓ | RMSE_qpepre↓ |
|---|---|---|---|---|---|---|---|---|---|---|---|
| diffusion | 20.492 | 0.7912 | 0.1760 | 0.0306 | 0.1257 | 0.2374 | 0.6059 | 1.7365 | 2.0010 | 1.5160 | 1.1833 |
| flowcast | 5.900 | 0.8615 | 0.1649 | 0.0332 | 0.1486 | 0.2308 | 0.5269 | 1.6667 | 1.8057 | 1.7501 | 1.1274 |
| meanflow | 2.339 | 0.7758 | 0.1903 | 0.0561 | 0.2155 | 0.2672 | 0.5289 | 1.6894 | 1.7863 | 1.1390 | 1.1555 |
[done] /home3/davidlcs/Econ-Rag/Local_LLM/test_meeting/Stormcast-Distilation/experiment_scripts/results/log1p_ablation/log1p
