
*****************************************
Setting OMP_NUM_THREADS environment variable for each process to be 1 in default, to avoid your system being overloaded, please further tune the variable for optimal performance in your application as needed. 
*****************************************
MeanFlow configuration:
dataset:
  name: data_loader_rwrf_era5_stable.Dataset
  location: /workspace/downloads/zarr_exp3_L_24_H_24_train_2_5_years_full_cleaned_4_27_2026
  HighRes_img_size:
  - 192
  - 96
  dt: 1
  exp_train_zarrs:
  - stormcast_test_train
  train_dates:
  - 2019/08/01
  - 2021/12/31
  exp_valid_zarrs:
  - stormcast_test_valid
  valid_dates:
  - 2022/01/01
  - 2022/12/31
  invariants:
  - lsm
  - orog
  input_channels: all
  diffusion_channels:
  - t2m
  - u10
  - v10
  - qpepre
  kept_LowRes_channels: all
  kept_HighRes_channels:
  - u10
  - v10
  - t2m
  - qpepre
  qpepre_log1p: true
model:
  model_name: meanflow
  regression_conditions:
  - state
  - background
  - invariant
  diffusion_conditions:
  - state
  - regression
  - invariant
  spatial_pos_embed: true
  attn_resolutions: []
  regression_weights: /data/exp_3_train_2_5_yrs_val_1yr_tp1/regression_zettabyte_v1_cleaned_4_27_2026/regression_zettabyte_cleaned_4_27_2026/run_0/checkpoints_regression/StormCastUNet.0.8000.mdlus
  sigma_data: 0.5
  time_scale: 1000.0
  use_regression_net: true
training:
  outdir: StormCast_meanflow
  experiment_name: meanflow_zettabyte_cleaned_4_27_2026
  run_id: 0
  rundir: /data/exp_3_train_2_5_yrs_val_1yr_tp1/meanflow_zettabyte_v1_cleaned_4_27_2026/meanflow_zettabyte_cleaned_4_27_2026/run_0
  num_data_workers: 4
  log_to_wandb: false
  wandb_mode: online
  seed: -1
  cudnn_benchmark: true
  resume_checkpoint: latest
  initial_weights: ''
  print_progress_freq: 25
  checkpoint_freq: 2500
  validation_freq: 250
  batch_size: 96
  batch_size_per_gpu: auto
  lr: 0.0005
  weight_decay: 0.0001
  adam_betas:
  - 0.9
  - 0.999
  lr_warmup_steps: 4000
  min_lr_ratio: 0.01
  total_train_steps: 40000
  clip_grad_norm: 1.0
  loss: meanflow
  fp_optimizations: fp32
  compile_model: false
  t_eps: 1.0e-05
  mf_ratio: 0.25
  adaptive_p: 1.0
  adaptive_eps: 0.001
  ema_decay: 0.999
  valid_num_steps: 2
  channel_weights:
  - 1.0
  - 1.0
  - 1.0
  - 2.0
  spectral_channels:
  - qpepre
  spectral_weight: 0.1
  validation_plot_variables:
  - t2m
  - u10
  - v10
  - qpepre
  output_nc: false
  output_nc_freq: 5
sampler:
  name: EDM Deterministic
  args:
    num_steps: 18
    sigma_min: 0.002
    sigma_max: 800
    rho: 7
    S_churn: 0.0
    S_min: 0.0
    S_max: .inf
    S_noise: 1

[2026-06-11 13:59:26,485][train_meanflow][INFO] - Loading dataset...
[2026-06-11 13:59:26,485][train_meanflow][INFO] - Dataset class: Dataset
[2026-06-11 13:59:26,485][dataset][INFO] - list of all LowRes paths: []
[2026-06-11 13:59:26,485][dataset][INFO] - list of all LowRes paths after filtering: []
Error executing job with overrides: ['++training.experiment_name=meanflow_zettabyte_cleaned_4_27_2026', '++training.run_id=0', '++training.rundir=/data/exp_3_train_2_5_yrs_val_1yr_tp1/meanflow_zettabyte_v1_cleaned_4_27_2026/meanflow_zettabyte_cleaned_4_27_2026/run_0', '++training.print_progress_freq=25', '++training.checkpoint_freq=2500', '++training.validation_freq=250', '++training.num_data_workers=4', '++training.batch_size=96', '++training.lr=5E-4', '++training.weight_decay=1.0E-4', '++training.adam_betas=[0.9,0.999]', '++training.lr_warmup_steps=4000', '++training.min_lr_ratio=0.01', '++training.total_train_steps=40000', '++training.clip_grad_norm=1.0', '++training.loss=meanflow', '++training.fp_optimizations=fp32', '++training.t_eps=1.0E-5', '++training.mf_ratio=0.25', '++training.adaptive_p=1.0', '++training.adaptive_eps=1.0E-3', '++training.ema_decay=0.999', '++training.valid_num_steps=2', '++training.channel_weights=[1.0,1.0,1.0,2.0]', '++training.spectral_channels=[qpepre]', '++training.spectral_weight=0.1', '++training.output_nc=false', '++training.output_nc_freq=5', '++training.validation_plot_variables=[t2m,u10,v10,qpepre]', '++dataset.location=/workspace/downloads/zarr_exp3_L_24_H_24_train_2_5_years_full_cleaned_4_27_2026', '++dataset.HighRes_img_size=[192,96]', '++dataset.exp_train_zarrs=[stormcast_test_train]', '++dataset.train_dates=[2019/08/01,2021/12/31]', '++dataset.exp_valid_zarrs=[stormcast_test_valid]', '++dataset.valid_dates=[2022/01/01,2022/12/31]', '++dataset.kept_LowRes_channels=all', '++dataset.kept_HighRes_channels=[u10, v10, t2m, qpepre]', '++dataset.qpepre_log1p=true', '++model.regression_weights=/data/exp_3_train_2_5_yrs_val_1yr_tp1/regression_zettabyte_v1_cleaned_4_27_2026/regression_zettabyte_cleaned_4_27_2026/run_0/checkpoints_regression/StormCastUNet.0.8000.mdlus', '++model.sigma_data=0.5', '++model.time_scale=1000.0', '++model.spatial_pos_embed=True']
Error executing job with overrides: ['++training.experiment_name=meanflow_zettabyte_cleaned_4_27_2026', '++training.run_id=0', '++training.rundir=/data/exp_3_train_2_5_yrs_val_1yr_tp1/meanflow_zettabyte_v1_cleaned_4_27_2026/meanflow_zettabyte_cleaned_4_27_2026/run_0', '++training.print_progress_freq=25', '++training.checkpoint_freq=2500', '++training.validation_freq=250', '++training.num_data_workers=4', '++training.batch_size=96', '++training.lr=5E-4', '++training.weight_decay=1.0E-4', '++training.adam_betas=[0.9,0.999]', '++training.lr_warmup_steps=4000', '++training.min_lr_ratio=0.01', '++training.total_train_steps=40000', '++training.clip_grad_norm=1.0', '++training.loss=meanflow', '++training.fp_optimizations=fp32', '++training.t_eps=1.0E-5', '++training.mf_ratio=0.25', '++training.adaptive_p=1.0', '++training.adaptive_eps=1.0E-3', '++training.ema_decay=0.999', '++training.valid_num_steps=2', '++training.channel_weights=[1.0,1.0,1.0,2.0]', '++training.spectral_channels=[qpepre]', '++training.spectral_weight=0.1', '++training.output_nc=false', '++training.output_nc_freq=5', '++training.validation_plot_variables=[t2m,u10,v10,qpepre]', '++dataset.location=/workspace/downloads/zarr_exp3_L_24_H_24_train_2_5_years_full_cleaned_4_27_2026', '++dataset.HighRes_img_size=[192,96]', '++dataset.exp_train_zarrs=[stormcast_test_train]', '++dataset.train_dates=[2019/08/01,2021/12/31]', '++dataset.exp_valid_zarrs=[stormcast_test_valid]', '++dataset.valid_dates=[2022/01/01,2022/12/31]', '++dataset.kept_LowRes_channels=all', '++dataset.kept_HighRes_channels=[u10, v10, t2m, qpepre]', '++dataset.qpepre_log1p=true', '++model.regression_weights=/data/exp_3_train_2_5_yrs_val_1yr_tp1/regression_zettabyte_v1_cleaned_4_27_2026/regression_zettabyte_cleaned_4_27_2026/run_0/checkpoints_regression/StormCastUNet.0.8000.mdlus', '++model.sigma_data=0.5', '++model.time_scale=1000.0', '++model.spatial_pos_embed=True']
Error executing job with overrides: ['++training.experiment_name=meanflow_zettabyte_cleaned_4_27_2026', '++training.run_id=0', '++training.rundir=/data/exp_3_train_2_5_yrs_val_1yr_tp1/meanflow_zettabyte_v1_cleaned_4_27_2026/meanflow_zettabyte_cleaned_4_27_2026/run_0', '++training.print_progress_freq=25', '++training.checkpoint_freq=2500', '++training.validation_freq=250', '++training.num_data_workers=4', '++training.batch_size=96', '++training.lr=5E-4', '++training.weight_decay=1.0E-4', '++training.adam_betas=[0.9,0.999]', '++training.lr_warmup_steps=4000', '++training.min_lr_ratio=0.01', '++training.total_train_steps=40000', '++training.clip_grad_norm=1.0', '++training.loss=meanflow', '++training.fp_optimizations=fp32', '++training.t_eps=1.0E-5', '++training.mf_ratio=0.25', '++training.adaptive_p=1.0', '++training.adaptive_eps=1.0E-3', '++training.ema_decay=0.999', '++training.valid_num_steps=2', '++training.channel_weights=[1.0,1.0,1.0,2.0]', '++training.spectral_channels=[qpepre]', '++training.spectral_weight=0.1', '++training.output_nc=false', '++training.output_nc_freq=5', '++training.validation_plot_variables=[t2m,u10,v10,qpepre]', '++dataset.location=/workspace/downloads/zarr_exp3_L_24_H_24_train_2_5_years_full_cleaned_4_27_2026', '++dataset.HighRes_img_size=[192,96]', '++dataset.exp_train_zarrs=[stormcast_test_train]', '++dataset.train_dates=[2019/08/01,2021/12/31]', '++dataset.exp_valid_zarrs=[stormcast_test_valid]', '++dataset.valid_dates=[2022/01/01,2022/12/31]', '++dataset.kept_LowRes_channels=all', '++dataset.kept_HighRes_channels=[u10, v10, t2m, qpepre]', '++dataset.qpepre_log1p=true', '++model.regression_weights=/data/exp_3_train_2_5_yrs_val_1yr_tp1/regression_zettabyte_v1_cleaned_4_27_2026/regression_zettabyte_cleaned_4_27_2026/run_0/checkpoints_regression/StormCastUNet.0.8000.mdlus', '++model.sigma_data=0.5', '++model.time_scale=1000.0', '++model.spatial_pos_embed=True']
Error executing job with overrides: ['++training.experiment_name=meanflow_zettabyte_cleaned_4_27_2026', '++training.run_id=0', '++training.rundir=/data/exp_3_train_2_5_yrs_val_1yr_tp1/meanflow_zettabyte_v1_cleaned_4_27_2026/meanflow_zettabyte_cleaned_4_27_2026/run_0', '++training.print_progress_freq=25', '++training.checkpoint_freq=2500', '++training.validation_freq=250', '++training.num_data_workers=4', '++training.batch_size=96', '++training.lr=5E-4', '++training.weight_decay=1.0E-4', '++training.adam_betas=[0.9,0.999]', '++training.lr_warmup_steps=4000', '++training.min_lr_ratio=0.01', '++training.total_train_steps=40000', '++training.clip_grad_norm=1.0', '++training.loss=meanflow', '++training.fp_optimizations=fp32', '++training.t_eps=1.0E-5', '++training.mf_ratio=0.25', '++training.adaptive_p=1.0', '++training.adaptive_eps=1.0E-3', '++training.ema_decay=0.999', '++training.valid_num_steps=2', '++training.channel_weights=[1.0,1.0,1.0,2.0]', '++training.spectral_channels=[qpepre]', '++training.spectral_weight=0.1', '++training.output_nc=false', '++training.output_nc_freq=5', '++training.validation_plot_variables=[t2m,u10,v10,qpepre]', '++dataset.location=/workspace/downloads/zarr_exp3_L_24_H_24_train_2_5_years_full_cleaned_4_27_2026', '++dataset.HighRes_img_size=[192,96]', '++dataset.exp_train_zarrs=[stormcast_test_train]', '++dataset.train_dates=[2019/08/01,2021/12/31]', '++dataset.exp_valid_zarrs=[stormcast_test_valid]', '++dataset.valid_dates=[2022/01/01,2022/12/31]', '++dataset.kept_LowRes_channels=all', '++dataset.kept_HighRes_channels=[u10, v10, t2m, qpepre]', '++dataset.qpepre_log1p=true', '++model.regression_weights=/data/exp_3_train_2_5_yrs_val_1yr_tp1/regression_zettabyte_v1_cleaned_4_27_2026/regression_zettabyte_cleaned_4_27_2026/run_0/checkpoints_regression/StormCastUNet.0.8000.mdlus', '++model.sigma_data=0.5', '++model.time_scale=1000.0', '++model.spatial_pos_embed=True']
Traceback (most recent call last):
  File "/workspace/Stormcast-Distilation/stormcast/train_meanflow.py", line 76, in main
    meanflow_training_loop(cfg)
  File "/workspace/Stormcast-Distilation/stormcast/utils/trainer_meanflow.py", line 116, in meanflow_training_loop
    dataset_train = dataset_cls(cfg.dataset, train=True)
  File "/workspace/Stormcast-Distilation/stormcast/datasets/data_loader_rwrf_era5_stable.py", line 55, in __init__
    self._get_files_stats()
  File "/workspace/Stormcast-Distilation/stormcast/datasets/data_loader_rwrf_era5_stable.py", line 172, in _get_files_stats
    with xr.open_zarr(self.LowRes_paths[0], consolidated=True) as ds:
IndexError: list index out of range

Set the environment variable HYDRA_FULL_ERROR=1 for a complete stack trace.
Traceback (most recent call last):
  File "/workspace/Stormcast-Distilation/stormcast/train_meanflow.py", line 76, in main
    meanflow_training_loop(cfg)
  File "/workspace/Stormcast-Distilation/stormcast/utils/trainer_meanflow.py", line 116, in meanflow_training_loop
    dataset_train = dataset_cls(cfg.dataset, train=True)
  File "/workspace/Stormcast-Distilation/stormcast/datasets/data_loader_rwrf_era5_stable.py", line 55, in __init__
    self._get_files_stats()
  File "/workspace/Stormcast-Distilation/stormcast/datasets/data_loader_rwrf_era5_stable.py", line 172, in _get_files_stats
    with xr.open_zarr(self.LowRes_paths[0], consolidated=True) as ds:
Traceback (most recent call last):
IndexError: list index out of range
  File "/workspace/Stormcast-Distilation/stormcast/train_meanflow.py", line 76, in main
    meanflow_training_loop(cfg)
  File "/workspace/Stormcast-Distilation/stormcast/utils/trainer_meanflow.py", line 116, in meanflow_training_loop
    dataset_train = dataset_cls(cfg.dataset, train=True)
  File "/workspace/Stormcast-Distilation/stormcast/datasets/data_loader_rwrf_era5_stable.py", line 55, in __init__
    self._get_files_stats()
  File "/workspace/Stormcast-Distilation/stormcast/datasets/data_loader_rwrf_era5_stable.py", line 172, in _get_files_stats
    with xr.open_zarr(self.LowRes_paths[0], consolidated=True) as ds:
IndexError: list index out of range

Set the environment variable HYDRA_FULL_ERROR=1 for a complete stack trace.

Set the environment variable HYDRA_FULL_ERROR=1 for a complete stack trace.
Traceback (most recent call last):
  File "/workspace/Stormcast-Distilation/stormcast/train_meanflow.py", line 76, in main
    meanflow_training_loop(cfg)
  File "/workspace/Stormcast-Distilation/stormcast/utils/trainer_meanflow.py", line 116, in meanflow_training_loop
    dataset_train = dataset_cls(cfg.dataset, train=True)
  File "/workspace/Stormcast-Distilation/stormcast/datasets/data_loader_rwrf_era5_stable.py", line 55, in __init__
    self._get_files_stats()
  File "/workspace/Stormcast-Distilation/stormcast/datasets/data_loader_rwrf_era5_stable.py", line 172, in _get_files_stats
    with xr.open_zarr(self.LowRes_paths[0], consolidated=True) as ds:
IndexError: list index out of range

Set the environment variable HYDRA_FULL_ERROR=1 for a complete stack trace.
W0611 13:59:28.737000 623 site-packages/torch/distributed/elastic/multiprocessing/api.py:900] Sending process 690 closing signal SIGTERM
E0611 13:59:29.051000 623 site-packages/torch/distributed/elastic/multiprocessing/api.py:874] failed (exitcode: 1) local_rank: 1 (pid: 691) of binary: /root/miniconda3/envs/stormcast_env/bin/python
Traceback (most recent call last):
  File "/root/miniconda3/envs/stormcast_env/lib/python3.10/runpy.py", line 196, in _run_module_as_main
    return _run_code(code, main_globals, None,
  File "/root/miniconda3/envs/stormcast_env/lib/python3.10/runpy.py", line 86, in _run_code
    exec(code, run_globals)
  File "/root/miniconda3/envs/stormcast_env/lib/python3.10/site-packages/torch/distributed/run.py", line 896, in <module>
    main()
  File "/root/miniconda3/envs/stormcast_env/lib/python3.10/site-packages/torch/distributed/elastic/multiprocessing/errors/__init__.py", line 355, in wrapper
    return f(*args, **kwargs)
  File "/root/miniconda3/envs/stormcast_env/lib/python3.10/site-packages/torch/distributed/run.py", line 892, in main
    run(args)
  File "/root/miniconda3/envs/stormcast_env/lib/python3.10/site-packages/torch/distributed/run.py", line 883, in run
    elastic_launch(
  File "/root/miniconda3/envs/stormcast_env/lib/python3.10/site-packages/torch/distributed/launcher/api.py", line 139, in __call__
    return launch_agent(self._config, self._entrypoint, list(args))
  File "/root/miniconda3/envs/stormcast_env/lib/python3.10/site-packages/torch/distributed/launcher/api.py", line 270, in launch_agent
    raise ChildFailedError(
torch.distributed.elastic.multiprocessing.errors.ChildFailedError: 
============================================================
/workspace/Stormcast-Distilation/stormcast/train_meanflow.py FAILED
------------------------------------------------------------
Failures:
[1]:
  time      : 2026-06-11_13:59:28
  host      : job-b22604fdb7b8-20260611125817-worker-0.job-b22604fdb7b8-20260611125817.g-019c8ca2-605d-7bb5-b98b-1c53fbdf2b7f.svc.cluster.local
  rank      : 2 (local_rank: 2)
  exitcode  : 1 (pid: 692)
  error_file: <N/A>
  traceback : To enable traceback see: https://pytorch.org/docs/stable/elastic/errors.html
[2]:
  time      : 2026-06-11_13:59:28
  host      : job-b22604fdb7b8-20260611125817-worker-0.job-b22604fdb7b8-20260611125817.g-019c8ca2-605d-7bb5-b98b-1c53fbdf2b7f.svc.cluster.local
  rank      : 3 (local_rank: 3)
  exitcode  : 1 (pid: 693)
  error_file: <N/A>
  traceback : To enable traceback see: https://pytorch.org/docs/stable/elastic/errors.html
------------------------------------------------------------
Root Cause (first observed failure):
[0]:
  time      : 2026-06-11_13:59:28
  host      : job-b22604fdb7b8-20260611125817-worker-0.job-b22604fdb7b8-20260611125817.g-019c8ca2-605d-7bb5-b98b-1c53fbdf2b7f.svc.cluster.local
  rank      : 1 (local_rank: 1)
  exitcode  : 1 (pid: 691)
  error_file: <N/A>
  traceback : To enable traceback see: https://pytorch.org/docs/stable/elastic/errors.html
============================================================
