/home3/davidlcs/Econ-Rag/Local_LLM/test_meeting/Stormcast-Distilation/physicsnemo/distributed/manager.py:415: UserWarning: Could not initialize using ENV, SLURM or OPENMPI methods. Assuming this is a single process job
  warn(
[device] cuda:0
[data] legacy  /home3/davidlcs/Econ-Rag/Local_LLM/test_meeting/Stormcast-Distilation/exp_3_train_2_5_yrs_val_1yr_tp1/zarr_exp3_L_24_H_24_train_2_5_years_full
Zarr store /home3/davidlcs/Econ-Rag/Local_LLM/test_meeting/Stormcast-Distilation/exp_3_train_2_5_yrs_val_1yr_tp1/zarr_exp3_L_24_H_24_train_2_5_years_full/LowRes/stormcast_test_valid.zarr lacks 'valid' variable; assuming all timestamps are valid
/home3/davidlcs/Econ-Rag/Local_LLM/test_meeting/Stormcast-Distilation/stormcast/datasets/data_loader_rwrf_era5_stable.py:254: FutureWarning: The return type of `Dataset.dims` will be changed to return a set of dimension names in future, in order to be more consistent with `DataArray.dims`. To access a mapping from dimension names to lengths, please use `Dataset.sizes`.
  return np.ones(ds.dims["time"], dtype=bool)
Zarr store /home3/davidlcs/Econ-Rag/Local_LLM/test_meeting/Stormcast-Distilation/exp_3_train_2_5_yrs_val_1yr_tp1/zarr_exp3_L_24_H_24_train_2_5_years_full/HighRes/stormcast_test_valid.zarr lacks 'valid' variable; assuming all timestamps are valid
[data] cleaned /home3/davidlcs/Econ-Rag/Local_LLM/test_meeting/Stormcast-Distilation/exp_3_train_2_5_yrs_val_1yr_tp1/zarr_exp3_L_24_H_24_train_2_5_years_full_cleaned_4_27_2026
[data] legacy channels=['t2m', 'u10', 'v10', 'qpepre']  cleaned channels=['u10', 'v10', 't2m', 'qpepre']
[data] legacy pairs=8759  cleaned pairs=8759
[dates] 4 date(s): 2022-02-14 00:00, 2022-06-04 00:00, 2022-09-12 00:00, 2022-11-20 00:00
[load] regression (legacy / cleaned)
[load] legacy EDM / cleaned EDM / cleaned FlowCast
[run] 2022-02-14 00:00  cleaned_idx=1056 legacy_idx=1056
[plot] wrote /home3/davidlcs/Econ-Rag/Local_LLM/test_meeting/Stormcast-Distilation/experiment_scripts/results/weight_comparison_grid/weight_grid_20220214_01.png
[run] 2022-06-04 00:00  cleaned_idx=3696 legacy_idx=3696
[plot] wrote /home3/davidlcs/Econ-Rag/Local_LLM/test_meeting/Stormcast-Distilation/experiment_scripts/results/weight_comparison_grid/weight_grid_20220604_01.png
[run] 2022-09-12 00:00  cleaned_idx=6096 legacy_idx=6096
[plot] wrote /home3/davidlcs/Econ-Rag/Local_LLM/test_meeting/Stormcast-Distilation/experiment_scripts/results/weight_comparison_grid/weight_grid_20220912_01.png
[run] 2022-11-20 00:00  cleaned_idx=7752 legacy_idx=7752
[plot] wrote /home3/davidlcs/Econ-Rag/Local_LLM/test_meeting/Stormcast-Distilation/experiment_scripts/results/weight_comparison_grid/weight_grid_20221120_01.png
[done] /home3/davidlcs/Econ-Rag/Local_LLM/test_meeting/Stormcast-Distilation/experiment_scripts/results/weight_comparison_grid
