
================================================================
[2026-06-25 22:30:14] MeanFlow spectral-loss ablation — lspec vs no-lspec
================================================================
[2026-06-25 22:30:14] [lspec_abl] skipping conda activation (already in 'base' / SKIP_CONDA=1)
[2026-06-25 22:30:14] [lspec_abl] python : /home3/davidlcs/Econ-Rag/Local_LLM/test_meeting/Stormcast-Distilation/stormcast_env/bin/python
[2026-06-25 22:30:14] [lspec_abl] version: Python 3.10.12
[2026-06-25 22:30:14] [lspec_abl] host   : gpu03  user=davidlcs  pid=3355068
[2026-06-25 22:30:14] [lspec_abl] cwd    : /home3/davidlcs/Econ-Rag/Local_LLM/test_meeting/Stormcast-Distilation

================================================================
[2026-06-25 22:30:14] Configuration
================================================================
[2026-06-25 22:30:14] [lspec_abl] REPO_ROOT       = /home3/davidlcs/Econ-Rag/Local_LLM/test_meeting/Stormcast-Distilation
[2026-06-25 22:30:14] [lspec_abl] OUT_DIR         = /home3/davidlcs/Econ-Rag/Local_LLM/test_meeting/Stormcast-Distilation/experiment_scripts/results/meanflow_lspec_ablation
[2026-06-25 22:30:14] [lspec_abl] CUDA_VISIBLE    = 2
[2026-06-25 22:30:14] [lspec_abl] N_SEQUENCES     = 10    (initial times across 2022)
[2026-06-25 22:30:14] [lspec_abl] N_STEPS         = 6    (autoregressive horizon, hours)
[2026-06-25 22:30:14] [lspec_abl] ENSEMBLE        = 5    (members per sequence)
[2026-06-25 22:30:14] [lspec_abl] MEANFLOW_NFES   = 1 2   (avg-velocity NFE; one row per value)
[2026-06-25 22:30:14] [lspec_abl] SEED            = 0    SIGMA_DATA = 0.5
[2026-06-25 22:30:14] [lspec_abl] N_PANELS_SEQ    = 3    PANEL_STEPS = ''
[2026-06-25 22:30:14] [lspec_abl] 
[2026-06-25 22:30:14] [lspec_abl] Inputs:
[2026-06-25 22:30:14] [lspec_abl]   CLEANED_DATA    = /home3/davidlcs/Econ-Rag/Local_LLM/test_meeting/Stormcast-Distilation/exp_3_train_2_5_yrs_val_1yr_tp1/zarr_exp3_L_24_H_24_train_2_5_years_full_cleaned_4_27_2026
[2026-06-25 22:30:14] [lspec_abl]   CLEANED_REG     = /home3/davidlcs/Econ-Rag/Local_LLM/test_meeting/Stormcast-Distilation/runs/regression_zettabyte_v1_cleaned_4_27_2026/regression_zettabyte_cleaned_4_27_2026/run_0/checkpoints_regression/StormCastUNet.0.8000.mdlus
[2026-06-25 22:30:14] [lspec_abl]   WITH_LSPEC_CKPT = /home3/davidlcs/Econ-Rag/Local_LLM/test_meeting/Stormcast-Distilation/runs/meanflow_zettabyte_v1_cleaned_4_27_2026/meanflow_zettabyte_cleaned_4_27_2026/run_0/checkpoints_meanflow/MeanFlowPrecond.0.20000.mdlus
[2026-06-25 22:30:14] [lspec_abl]   NO_LSPEC_CKPT   = /home3/davidlcs/Econ-Rag/Local_LLM/test_meeting/Stormcast-Distilation/runs/meanflow_no_lspec_zettabyte_v1_cleaned_4_27_2026/meanflow_no_lspec_zettabyte_cleaned_4_27_2026/run_0/checkpoints_meanflow/MeanFlowPrecond.0.18000.mdlus

================================================================
[2026-06-25 22:30:14] Pre-flight checks
================================================================
[2026-06-25 22:30:14] [lspec_abl]   OK     CLEANED_DATA=/home3/davidlcs/Econ-Rag/Local_LLM/test_meeting/Stormcast-Distilation/exp_3_train_2_5_yrs_val_1yr_tp1/zarr_exp3_L_24_H_24_train_2_5_years_full_cleaned_4_27_2026
[2026-06-25 22:30:14] [lspec_abl]   OK     CLEANED_REG=/home3/davidlcs/Econ-Rag/Local_LLM/test_meeting/Stormcast-Distilation/runs/regression_zettabyte_v1_cleaned_4_27_2026/regression_zettabyte_cleaned_4_27_2026/run_0/checkpoints_regression/StormCastUNet.0.8000.mdlus
[2026-06-25 22:30:14] [lspec_abl]   OK     WITH_LSPEC_CKPT=/home3/davidlcs/Econ-Rag/Local_LLM/test_meeting/Stormcast-Distilation/runs/meanflow_zettabyte_v1_cleaned_4_27_2026/meanflow_zettabyte_cleaned_4_27_2026/run_0/checkpoints_meanflow/MeanFlowPrecond.0.20000.mdlus
[2026-06-25 22:30:14] [lspec_abl]   OK     NO_LSPEC_CKPT=/home3/davidlcs/Econ-Rag/Local_LLM/test_meeting/Stormcast-Distilation/runs/meanflow_no_lspec_zettabyte_v1_cleaned_4_27_2026/meanflow_no_lspec_zettabyte_cleaned_4_27_2026/run_0/checkpoints_meanflow/MeanFlowPrecond.0.18000.mdlus
[2026-06-25 22:30:14] [lspec_abl] pre-flight OK

================================================================
[2026-06-25 22:30:14] Leg 1 — MeanFlow WITH spectral loss (canonical)
================================================================
[2026-06-25 22:30:14] [lspec_abl] leg 'with_lspec' : /home3/davidlcs/Econ-Rag/Local_LLM/test_meeting/Stormcast-Distilation/runs/meanflow_zettabyte_v1_cleaned_4_27_2026/meanflow_zettabyte_cleaned_4_27_2026/run_0/checkpoints_meanflow/MeanFlowPrecond.0.20000.mdlus
[2026-06-25 22:30:14] [lspec_abl] log -> /home3/davidlcs/Econ-Rag/Local_LLM/test_meeting/Stormcast-Distilation/experiment_scripts/results/meanflow_lspec_ablation/with_lspec.log
/home3/davidlcs/Econ-Rag/Local_LLM/test_meeting/Stormcast-Distilation/physicsnemo/distributed/manager.py:415: UserWarning: Could not initialize using ENV, SLURM or OPENMPI methods. Assuming this is a single process job
  warn(
[device] cuda:0
[data] /home3/davidlcs/Econ-Rag/Local_LLM/test_meeting/Stormcast-Distilation/exp_3_train_2_5_yrs_val_1yr_tp1/zarr_exp3_L_24_H_24_train_2_5_years_full_cleaned_4_27_2026 valid=['2022/01/01', '2022/12/31'] hr=[192, 96]
[data] usable pairs=8759 channels=['u10', 'v10', 't2m', 'qpepre']
[seqs] 10 sequences x 6 steps (first=0, last=8752)
[load] regression /home3/davidlcs/Econ-Rag/Local_LLM/test_meeting/Stormcast-Distilation/runs/regression_zettabyte_v1_cleaned_4_27_2026/regression_zettabyte_cleaned_4_27_2026/run_0/checkpoints_regression/StormCastUNet.0.8000.mdlus
[skip] diffusion leg disabled via --skip-diffusion
[skip] flowcast leg disabled via --skip-flowcast
[load] meanflow /home3/davidlcs/Econ-Rag/Local_LLM/test_meeting/Stormcast-Distilation/runs/meanflow_zettabyte_v1_cleaned_4_27_2026/meanflow_zettabyte_cleaned_4_27_2026/run_0/checkpoints_meanflow/MeanFlowPrecond.0.20000.mdlus
[run] meanflow_nfe1 ensemble (K=5, NFE=1)
[run] meanflow ensemble starting: K=5 x S=10 x T=6 = 50 sequence-rollouts
[run] meanflow  k=1/5 seq=1/10 (1/50)  t0=0      rollout=  1.1s  avg= 1.1s/seq  elapsed=  0.0m  eta=  0.9m
[run] meanflow  k=1/5 seq=2/10 (2/50)  t0=972    rollout=  0.9s  avg= 1.0s/seq  elapsed=  0.0m  eta=  0.8m
[run] meanflow  k=1/5 seq=3/10 (3/50)  t0=1944   rollout=  0.9s  avg= 1.0s/seq  elapsed=  0.0m  eta=  0.7m
[run] meanflow  k=1/5 seq=4/10 (4/50)  t0=2917   rollout=  0.9s  avg= 0.9s/seq  elapsed=  0.1m  eta=  0.7m
[run] meanflow  k=1/5 seq=5/10 (5/50)  t0=3889   rollout=  0.9s  avg= 0.9s/seq  elapsed=  0.1m  eta=  0.7m
[run] meanflow  k=1/5 seq=6/10 (6/50)  t0=4862   rollout=  0.9s  avg= 0.9s/seq  elapsed=  0.1m  eta=  0.7m
[run] meanflow  k=1/5 seq=7/10 (7/50)  t0=5834   rollout=  0.9s  avg= 0.9s/seq  elapsed=  0.1m  eta=  0.7m
[run] meanflow  k=1/5 seq=8/10 (8/50)  t0=6807   rollout=  0.9s  avg= 0.9s/seq  elapsed=  0.1m  eta=  0.6m
[run] meanflow  k=1/5 seq=9/10 (9/50)  t0=7779   rollout=  0.9s  avg= 0.9s/seq  elapsed=  0.1m  eta=  0.6m
[run] meanflow  k=1/5 seq=10/10 (10/50)  t0=8752   rollout=  0.9s  avg= 0.9s/seq  elapsed=  0.2m  eta=  0.6m
[run] meanflow  k=2/5 seq=1/10 (11/50)  t0=0      rollout=  0.9s  avg= 0.9s/seq  elapsed=  0.2m  eta=  0.6m
[run] meanflow  k=2/5 seq=2/10 (12/50)  t0=972    rollout=  0.9s  avg= 0.9s/seq  elapsed=  0.2m  eta=  0.6m
[run] meanflow  k=2/5 seq=3/10 (13/50)  t0=1944   rollout=  0.9s  avg= 0.9s/seq  elapsed=  0.2m  eta=  0.6m
[run] meanflow  k=2/5 seq=4/10 (14/50)  t0=2917   rollout=  0.9s  avg= 0.9s/seq  elapsed=  0.2m  eta=  0.5m
[run] meanflow  k=2/5 seq=5/10 (15/50)  t0=3889   rollout=  0.9s  avg= 0.9s/seq  elapsed=  0.2m  eta=  0.5m
[run] meanflow  k=2/5 seq=6/10 (16/50)  t0=4862   rollout=  0.8s  avg= 0.9s/seq  elapsed=  0.2m  eta=  0.5m
[run] meanflow  k=2/5 seq=7/10 (17/50)  t0=5834   rollout=  0.9s  avg= 0.9s/seq  elapsed=  0.3m  eta=  0.5m
[run] meanflow  k=2/5 seq=8/10 (18/50)  t0=6807   rollout=  0.9s  avg= 0.9s/seq  elapsed=  0.3m  eta=  0.5m
[run] meanflow  k=2/5 seq=9/10 (19/50)  t0=7779   rollout=  0.9s  avg= 0.9s/seq  elapsed=  0.3m  eta=  0.5m
[run] meanflow  k=2/5 seq=10/10 (20/50)  t0=8752   rollout=  0.9s  avg= 0.9s/seq  elapsed=  0.3m  eta=  0.4m
[run] meanflow  k=3/5 seq=1/10 (21/50)  t0=0      rollout=  0.9s  avg= 0.9s/seq  elapsed=  0.3m  eta=  0.4m
[run] meanflow  k=3/5 seq=2/10 (22/50)  t0=972    rollout=  0.9s  avg= 0.9s/seq  elapsed=  0.3m  eta=  0.4m
[run] meanflow  k=3/5 seq=3/10 (23/50)  t0=1944   rollout=  0.9s  avg= 0.9s/seq  elapsed=  0.3m  eta=  0.4m
[run] meanflow  k=3/5 seq=4/10 (24/50)  t0=2917   rollout=  0.9s  avg= 0.9s/seq  elapsed=  0.4m  eta=  0.4m
[run] meanflow  k=3/5 seq=5/10 (25/50)  t0=3889   rollout=  0.9s  avg= 0.9s/seq  elapsed=  0.4m  eta=  0.4m
[run] meanflow  k=3/5 seq=6/10 (26/50)  t0=4862   rollout=  0.9s  avg= 0.9s/seq  elapsed=  0.4m  eta=  0.4m
[run] meanflow  k=3/5 seq=7/10 (27/50)  t0=5834   rollout=  0.9s  avg= 0.9s/seq  elapsed=  0.4m  eta=  0.3m
[run] meanflow  k=3/5 seq=8/10 (28/50)  t0=6807   rollout=  0.9s  avg= 0.9s/seq  elapsed=  0.4m  eta=  0.3m
[run] meanflow  k=3/5 seq=9/10 (29/50)  t0=7779   rollout=  0.9s  avg= 0.9s/seq  elapsed=  0.4m  eta=  0.3m
[run] meanflow  k=3/5 seq=10/10 (30/50)  t0=8752   rollout=  0.9s  avg= 0.9s/seq  elapsed=  0.4m  eta=  0.3m
[run] meanflow  k=4/5 seq=1/10 (31/50)  t0=0      rollout=  0.9s  avg= 0.9s/seq  elapsed=  0.5m  eta=  0.3m
[run] meanflow  k=4/5 seq=2/10 (32/50)  t0=972    rollout=  0.9s  avg= 0.9s/seq  elapsed=  0.5m  eta=  0.3m
[run] meanflow  k=4/5 seq=3/10 (33/50)  t0=1944   rollout=  0.9s  avg= 0.9s/seq  elapsed=  0.5m  eta=  0.2m
[run] meanflow  k=4/5 seq=4/10 (34/50)  t0=2917   rollout=  0.9s  avg= 0.9s/seq  elapsed=  0.5m  eta=  0.2m
[run] meanflow  k=4/5 seq=5/10 (35/50)  t0=3889   rollout=  0.9s  avg= 0.9s/seq  elapsed=  0.5m  eta=  0.2m
[run] meanflow  k=4/5 seq=6/10 (36/50)  t0=4862   rollout=  0.9s  avg= 0.9s/seq  elapsed=  0.5m  eta=  0.2m
[run] meanflow  k=4/5 seq=7/10 (37/50)  t0=5834   rollout=  0.9s  avg= 0.9s/seq  elapsed=  0.5m  eta=  0.2m
[run] meanflow  k=4/5 seq=8/10 (38/50)  t0=6807   rollout=  0.9s  avg= 0.9s/seq  elapsed=  0.6m  eta=  0.2m
[run] meanflow  k=4/5 seq=9/10 (39/50)  t0=7779   rollout=  0.9s  avg= 0.9s/seq  elapsed=  0.6m  eta=  0.2m
[run] meanflow  k=4/5 seq=10/10 (40/50)  t0=8752   rollout=  0.9s  avg= 0.9s/seq  elapsed=  0.6m  eta=  0.1m
[run] meanflow  k=5/5 seq=1/10 (41/50)  t0=0      rollout=  0.9s  avg= 0.9s/seq  elapsed=  0.6m  eta=  0.1m
[run] meanflow  k=5/5 seq=2/10 (42/50)  t0=972    rollout=  0.9s  avg= 0.9s/seq  elapsed=  0.6m  eta=  0.1m
[run] meanflow  k=5/5 seq=3/10 (43/50)  t0=1944   rollout=  0.9s  avg= 0.9s/seq  elapsed=  0.6m  eta=  0.1m
[run] meanflow  k=5/5 seq=4/10 (44/50)  t0=2917   rollout=  0.9s  avg= 0.9s/seq  elapsed=  0.6m  eta=  0.1m
[run] meanflow  k=5/5 seq=5/10 (45/50)  t0=3889   rollout=  0.9s  avg= 0.9s/seq  elapsed=  0.7m  eta=  0.1m
[run] meanflow  k=5/5 seq=6/10 (46/50)  t0=4862   rollout=  0.9s  avg= 0.9s/seq  elapsed=  0.7m  eta=  0.1m
[run] meanflow  k=5/5 seq=7/10 (47/50)  t0=5834   rollout=  0.9s  avg= 0.9s/seq  elapsed=  0.7m  eta=  0.0m
[run] meanflow  k=5/5 seq=8/10 (48/50)  t0=6807   rollout=  0.9s  avg= 0.9s/seq  elapsed=  0.7m  eta=  0.0m
[run] meanflow  k=5/5 seq=9/10 (49/50)  t0=7779   rollout=  0.9s  avg= 0.9s/seq  elapsed=  0.7m  eta=  0.0m
[run] meanflow  k=5/5 seq=10/10 (50/50)  t0=8752   rollout=  0.9s  avg= 0.9s/seq  elapsed=  0.7m  eta=  0.0m
[run] meanflow ensemble finished in 0.7m
[run] meanflow_nfe2 ensemble (K=5, NFE=2)
[run] meanflow ensemble starting: K=5 x S=10 x T=6 = 50 sequence-rollouts
[run] meanflow  k=1/5 seq=1/10 (1/50)  t0=0      rollout=  1.2s  avg= 1.2s/seq  elapsed=  0.0m  eta=  1.0m
[run] meanflow  k=1/5 seq=2/10 (2/50)  t0=972    rollout=  1.2s  avg= 1.2s/seq  elapsed=  0.0m  eta=  0.9m
[run] meanflow  k=1/5 seq=3/10 (3/50)  t0=1944   rollout=  1.1s  avg= 1.2s/seq  elapsed=  0.1m  eta=  0.9m
[run] meanflow  k=1/5 seq=4/10 (4/50)  t0=2917   rollout=  1.1s  avg= 1.1s/seq  elapsed=  0.1m  eta=  0.9m
[run] meanflow  k=1/5 seq=5/10 (5/50)  t0=3889   rollout=  1.1s  avg= 1.1s/seq  elapsed=  0.1m  eta=  0.8m
[run] meanflow  k=1/5 seq=6/10 (6/50)  t0=4862   rollout=  1.1s  avg= 1.1s/seq  elapsed=  0.1m  eta=  0.8m
[run] meanflow  k=1/5 seq=7/10 (7/50)  t0=5834   rollout=  1.1s  avg= 1.1s/seq  elapsed=  0.1m  eta=  0.8m
[run] meanflow  k=1/5 seq=8/10 (8/50)  t0=6807   rollout=  1.1s  avg= 1.1s/seq  elapsed=  0.2m  eta=  0.8m
[run] meanflow  k=1/5 seq=9/10 (9/50)  t0=7779   rollout=  1.1s  avg= 1.1s/seq  elapsed=  0.2m  eta=  0.8m
[run] meanflow  k=1/5 seq=10/10 (10/50)  t0=8752   rollout=  1.1s  avg= 1.1s/seq  elapsed=  0.2m  eta=  0.8m
[run] meanflow  k=2/5 seq=1/10 (11/50)  t0=0      rollout=  1.1s  avg= 1.1s/seq  elapsed=  0.2m  eta=  0.7m
[run] meanflow  k=2/5 seq=2/10 (12/50)  t0=972    rollout=  1.1s  avg= 1.1s/seq  elapsed=  0.2m  eta=  0.7m
[run] meanflow  k=2/5 seq=3/10 (13/50)  t0=1944   rollout=  1.1s  avg= 1.1s/seq  elapsed=  0.2m  eta=  0.7m
[run] meanflow  k=2/5 seq=4/10 (14/50)  t0=2917   rollout=  1.1s  avg= 1.1s/seq  elapsed=  0.3m  eta=  0.7m
[run] meanflow  k=2/5 seq=5/10 (15/50)  t0=3889   rollout=  1.1s  avg= 1.1s/seq  elapsed=  0.3m  eta=  0.7m
[run] meanflow  k=2/5 seq=6/10 (16/50)  t0=4862   rollout=  1.1s  avg= 1.1s/seq  elapsed=  0.3m  eta=  0.6m
[run] meanflow  k=2/5 seq=7/10 (17/50)  t0=5834   rollout=  1.1s  avg= 1.1s/seq  elapsed=  0.3m  eta=  0.6m
[run] meanflow  k=2/5 seq=8/10 (18/50)  t0=6807   rollout=  1.1s  avg= 1.1s/seq  elapsed=  0.3m  eta=  0.6m
[run] meanflow  k=2/5 seq=9/10 (19/50)  t0=7779   rollout=  1.1s  avg= 1.1s/seq  elapsed=  0.4m  eta=  0.6m
[run] meanflow  k=2/5 seq=10/10 (20/50)  t0=8752   rollout=  1.1s  avg= 1.1s/seq  elapsed=  0.4m  eta=  0.6m
[run] meanflow  k=3/5 seq=1/10 (21/50)  t0=0      rollout=  1.1s  avg= 1.1s/seq  elapsed=  0.4m  eta=  0.5m
[run] meanflow  k=3/5 seq=2/10 (22/50)  t0=972    rollout=  1.1s  avg= 1.1s/seq  elapsed=  0.4m  eta=  0.5m
[run] meanflow  k=3/5 seq=3/10 (23/50)  t0=1944   rollout=  1.1s  avg= 1.1s/seq  elapsed=  0.4m  eta=  0.5m
[run] meanflow  k=3/5 seq=4/10 (24/50)  t0=2917   rollout=  1.1s  avg= 1.1s/seq  elapsed=  0.4m  eta=  0.5m
[run] meanflow  k=3/5 seq=5/10 (25/50)  t0=3889   rollout=  1.1s  avg= 1.1s/seq  elapsed=  0.5m  eta=  0.5m
[run] meanflow  k=3/5 seq=6/10 (26/50)  t0=4862   rollout=  1.1s  avg= 1.1s/seq  elapsed=  0.5m  eta=  0.4m
[run] meanflow  k=3/5 seq=7/10 (27/50)  t0=5834   rollout=  1.1s  avg= 1.1s/seq  elapsed=  0.5m  eta=  0.4m
[run] meanflow  k=3/5 seq=8/10 (28/50)  t0=6807   rollout=  1.1s  avg= 1.1s/seq  elapsed=  0.5m  eta=  0.4m
[run] meanflow  k=3/5 seq=9/10 (29/50)  t0=7779   rollout=  1.1s  avg= 1.1s/seq  elapsed=  0.5m  eta=  0.4m
[run] meanflow  k=3/5 seq=10/10 (30/50)  t0=8752   rollout=  1.1s  avg= 1.1s/seq  elapsed=  0.6m  eta=  0.4m
[run] meanflow  k=4/5 seq=1/10 (31/50)  t0=0      rollout=  1.2s  avg= 1.1s/seq  elapsed=  0.6m  eta=  0.4m
[run] meanflow  k=4/5 seq=2/10 (32/50)  t0=972    rollout=  1.2s  avg= 1.1s/seq  elapsed=  0.6m  eta=  0.3m
[run] meanflow  k=4/5 seq=3/10 (33/50)  t0=1944   rollout=  1.2s  avg= 1.1s/seq  elapsed=  0.6m  eta=  0.3m
[run] meanflow  k=4/5 seq=4/10 (34/50)  t0=2917   rollout=  1.2s  avg= 1.1s/seq  elapsed=  0.6m  eta=  0.3m
[run] meanflow  k=4/5 seq=5/10 (35/50)  t0=3889   rollout=  1.1s  avg= 1.1s/seq  elapsed=  0.7m  eta=  0.3m
[run] meanflow  k=4/5 seq=6/10 (36/50)  t0=4862   rollout=  1.1s  avg= 1.1s/seq  elapsed=  0.7m  eta=  0.3m
[run] meanflow  k=4/5 seq=7/10 (37/50)  t0=5834   rollout=  1.1s  avg= 1.1s/seq  elapsed=  0.7m  eta=  0.2m
[run] meanflow  k=4/5 seq=8/10 (38/50)  t0=6807   rollout=  1.1s  avg= 1.1s/seq  elapsed=  0.7m  eta=  0.2m
[run] meanflow  k=4/5 seq=9/10 (39/50)  t0=7779   rollout=  1.1s  avg= 1.1s/seq  elapsed=  0.7m  eta=  0.2m
[run] meanflow  k=4/5 seq=10/10 (40/50)  t0=8752   rollout=  1.1s  avg= 1.1s/seq  elapsed=  0.7m  eta=  0.2m
[run] meanflow  k=5/5 seq=1/10 (41/50)  t0=0      rollout=  1.1s  avg= 1.1s/seq  elapsed=  0.8m  eta=  0.2m
[run] meanflow  k=5/5 seq=2/10 (42/50)  t0=972    rollout=  1.1s  avg= 1.1s/seq  elapsed=  0.8m  eta=  0.1m
[run] meanflow  k=5/5 seq=3/10 (43/50)  t0=1944   rollout=  1.1s  avg= 1.1s/seq  elapsed=  0.8m  eta=  0.1m
[run] meanflow  k=5/5 seq=4/10 (44/50)  t0=2917   rollout=  1.1s  avg= 1.1s/seq  elapsed=  0.8m  eta=  0.1m
[run] meanflow  k=5/5 seq=5/10 (45/50)  t0=3889   rollout=  1.1s  avg= 1.1s/seq  elapsed=  0.8m  eta=  0.1m
[run] meanflow  k=5/5 seq=6/10 (46/50)  t0=4862   rollout=  1.1s  avg= 1.1s/seq  elapsed=  0.9m  eta=  0.1m
[run] meanflow  k=5/5 seq=7/10 (47/50)  t0=5834   rollout=  1.1s  avg= 1.1s/seq  elapsed=  0.9m  eta=  0.1m
[run] meanflow  k=5/5 seq=8/10 (48/50)  t0=6807   rollout=  1.1s  avg= 1.1s/seq  elapsed=  0.9m  eta=  0.0m
[run] meanflow  k=5/5 seq=9/10 (49/50)  t0=7779   rollout=  1.1s  avg= 1.1s/seq  elapsed=  0.9m  eta=  0.0m
[run] meanflow  k=5/5 seq=10/10 (50/50)  t0=8752   rollout=  1.1s  avg= 1.1s/seq  elapsed=  0.9m  eta=  0.0m
[run] meanflow ensemble finished in 0.9m
[score] aggregating...
| method | Time/Seq.(s) | CRPS↓ | CSI-M@3km↑ | HSS-M@3km↑ | FAR-M@3km↓ | FSS-P16@3km↑ | CSI-M@15km↑ | HSS-M@15km↑ | FAR-M@15km↓ | FSS-P16@15km↑ | CSI-M@27km↑ | HSS-M@27km↑ | FAR-M@27km↓ | FSS-P16@27km↑ | CSI-M@45km↑ | HSS-M@45km↑ | FAR-M@45km↓ | FSS-P16@45km↑ | RMSE_u10↓ | RMSE_v10↓ | RMSE_t2m↓ | RMSE_qpepre↓ |
|---|---|---|---|---|---|---|---|---|---|---|---|---|---|---|---|---|---|---|---|---|---|---|
| meanflow_nfe1 | 0.909 | 0.6710 | 0.2092 | 0.2621 | 0.4525 | 0.0018 | 0.2443 | 0.2861 | 0.2985 | 0.0017 | 0.2663 | 0.2987 | 0.2184 | 0.0014 | 0.2938 | 0.3081 | 0.1553 | 0.0011 | 1.3767 | 1.6915 | 0.8087 | 0.9834 |
| meanflow_nfe2 | 1.126 | 0.6093 | 0.2156 | 0.2709 | 0.4974 | 0.0295 | 0.2690 | 0.3154 | 0.3738 | 0.0264 | 0.2950 | 0.3315 | 0.3142 | 0.0228 | 0.3267 | 0.3452 | 0.2631 | 0.0184 | 1.2986 | 1.4887 | 0.8472 | 1.0054 |
[panels] skipped (no diffusion run; pass a diffusion checkpoint to render panels)
[done] /home3/davidlcs/Econ-Rag/Local_LLM/test_meeting/Stormcast-Distilation/experiment_scripts/results/meanflow_lspec_ablation/with_lspec
[2026-06-25 22:32:10] [lspec_abl] leg 'with_lspec' done in 116s
[2026-06-25 22:32:10] [lspec_abl] [with_lspec] outputs: 7 files (32K) under /home3/davidlcs/Econ-Rag/Local_LLM/test_meeting/Stormcast-Distilation/experiment_scripts/results/meanflow_lspec_ablation/with_lspec
[2026-06-25 22:32:10] [lspec_abl] [with_lspec] scoreboard.md:
[lspec_abl]     | | method | Time/Seq.(s) | CRPS↓ | CSI-M@3km↑ | HSS-M@3km↑ | FAR-M@3km↓ | FSS-P16@3km↑ | CSI-M@15km↑ | HSS-M@15km↑ | FAR-M@15km↓ | FSS-P16@15km↑ | CSI-M@27km↑ | HSS-M@27km↑ | FAR-M@27km↓ | FSS-P16@27km↑ | CSI-M@45km↑ | HSS-M@45km↑ | FAR-M@45km↓ | FSS-P16@45km↑ | RMSE_u10↓ | RMSE_v10↓ | RMSE_t2m↓ | RMSE_qpepre↓ |
[lspec_abl]     | |---|---|---|---|---|---|---|---|---|---|---|---|---|---|---|---|---|---|---|---|---|---|---|
[lspec_abl]     | | meanflow_nfe1 | 0.909 | 0.6710 | 0.2092 | 0.2621 | 0.4525 | 0.0018 | 0.2443 | 0.2861 | 0.2985 | 0.0017 | 0.2663 | 0.2987 | 0.2184 | 0.0014 | 0.2938 | 0.3081 | 0.1553 | 0.0011 | 1.3767 | 1.6915 | 0.8087 | 0.9834 |
[lspec_abl]     | | meanflow_nfe2 | 1.126 | 0.6093 | 0.2156 | 0.2709 | 0.4974 | 0.0295 | 0.2690 | 0.3154 | 0.3738 | 0.0264 | 0.2950 | 0.3315 | 0.3142 | 0.0228 | 0.3267 | 0.3452 | 0.2631 | 0.0184 | 1.2986 | 1.4887 | 0.8472 | 1.0054 |
[2026-06-25 22:32:10] [lspec_abl] [with_lspec] panels rendered: 0 PNGs

================================================================
[2026-06-25 22:32:10] Leg 2 — MeanFlow WITHOUT spectral loss
================================================================
[2026-06-25 22:32:10] [lspec_abl] leg 'no_lspec' : /home3/davidlcs/Econ-Rag/Local_LLM/test_meeting/Stormcast-Distilation/runs/meanflow_no_lspec_zettabyte_v1_cleaned_4_27_2026/meanflow_no_lspec_zettabyte_cleaned_4_27_2026/run_0/checkpoints_meanflow/MeanFlowPrecond.0.18000.mdlus
[2026-06-25 22:32:10] [lspec_abl] log -> /home3/davidlcs/Econ-Rag/Local_LLM/test_meeting/Stormcast-Distilation/experiment_scripts/results/meanflow_lspec_ablation/no_lspec.log
/home3/davidlcs/Econ-Rag/Local_LLM/test_meeting/Stormcast-Distilation/physicsnemo/distributed/manager.py:415: UserWarning: Could not initialize using ENV, SLURM or OPENMPI methods. Assuming this is a single process job
  warn(
[device] cuda:0
[data] /home3/davidlcs/Econ-Rag/Local_LLM/test_meeting/Stormcast-Distilation/exp_3_train_2_5_yrs_val_1yr_tp1/zarr_exp3_L_24_H_24_train_2_5_years_full_cleaned_4_27_2026 valid=['2022/01/01', '2022/12/31'] hr=[192, 96]
[data] usable pairs=8759 channels=['u10', 'v10', 't2m', 'qpepre']
[seqs] 10 sequences x 6 steps (first=0, last=8752)
[load] regression /home3/davidlcs/Econ-Rag/Local_LLM/test_meeting/Stormcast-Distilation/runs/regression_zettabyte_v1_cleaned_4_27_2026/regression_zettabyte_cleaned_4_27_2026/run_0/checkpoints_regression/StormCastUNet.0.8000.mdlus
[skip] diffusion leg disabled via --skip-diffusion
[skip] flowcast leg disabled via --skip-flowcast
[load] meanflow /home3/davidlcs/Econ-Rag/Local_LLM/test_meeting/Stormcast-Distilation/runs/meanflow_no_lspec_zettabyte_v1_cleaned_4_27_2026/meanflow_no_lspec_zettabyte_cleaned_4_27_2026/run_0/checkpoints_meanflow/MeanFlowPrecond.0.18000.mdlus
[run] meanflow_nfe1 ensemble (K=5, NFE=1)
[run] meanflow ensemble starting: K=5 x S=10 x T=6 = 50 sequence-rollouts
[run] meanflow  k=1/5 seq=1/10 (1/50)  t0=0      rollout=  1.1s  avg= 1.2s/seq  elapsed=  0.0m  eta=  0.9m
[run] meanflow  k=1/5 seq=2/10 (2/50)  t0=972    rollout=  0.9s  avg= 1.0s/seq  elapsed=  0.0m  eta=  0.8m
[run] meanflow  k=1/5 seq=3/10 (3/50)  t0=1944   rollout=  0.9s  avg= 1.0s/seq  elapsed=  0.0m  eta=  0.8m
[run] meanflow  k=1/5 seq=4/10 (4/50)  t0=2917   rollout=  0.9s  avg= 1.0s/seq  elapsed=  0.1m  eta=  0.7m
[run] meanflow  k=1/5 seq=5/10 (5/50)  t0=3889   rollout=  0.9s  avg= 0.9s/seq  elapsed=  0.1m  eta=  0.7m
[run] meanflow  k=1/5 seq=6/10 (6/50)  t0=4862   rollout=  0.9s  avg= 0.9s/seq  elapsed=  0.1m  eta=  0.7m
[run] meanflow  k=1/5 seq=7/10 (7/50)  t0=5834   rollout=  0.9s  avg= 0.9s/seq  elapsed=  0.1m  eta=  0.7m
[run] meanflow  k=1/5 seq=8/10 (8/50)  t0=6807   rollout=  0.9s  avg= 0.9s/seq  elapsed=  0.1m  eta=  0.6m
[run] meanflow  k=1/5 seq=9/10 (9/50)  t0=7779   rollout=  0.9s  avg= 0.9s/seq  elapsed=  0.1m  eta=  0.6m
[run] meanflow  k=1/5 seq=10/10 (10/50)  t0=8752   rollout=  0.9s  avg= 0.9s/seq  elapsed=  0.2m  eta=  0.6m
[run] meanflow  k=2/5 seq=1/10 (11/50)  t0=0      rollout=  1.0s  avg= 0.9s/seq  elapsed=  0.2m  eta=  0.6m
[run] meanflow  k=2/5 seq=2/10 (12/50)  t0=972    rollout=  0.9s  avg= 0.9s/seq  elapsed=  0.2m  eta=  0.6m
[run] meanflow  k=2/5 seq=3/10 (13/50)  t0=1944   rollout=  0.9s  avg= 0.9s/seq  elapsed=  0.2m  eta=  0.6m
[run] meanflow  k=2/5 seq=4/10 (14/50)  t0=2917   rollout=  0.9s  avg= 0.9s/seq  elapsed=  0.2m  eta=  0.5m
[run] meanflow  k=2/5 seq=5/10 (15/50)  t0=3889   rollout=  0.9s  avg= 0.9s/seq  elapsed=  0.2m  eta=  0.5m
[run] meanflow  k=2/5 seq=6/10 (16/50)  t0=4862   rollout=  0.9s  avg= 0.9s/seq  elapsed=  0.2m  eta=  0.5m
[run] meanflow  k=2/5 seq=7/10 (17/50)  t0=5834   rollout=  0.9s  avg= 0.9s/seq  elapsed=  0.3m  eta=  0.5m
[run] meanflow  k=2/5 seq=8/10 (18/50)  t0=6807   rollout=  0.9s  avg= 0.9s/seq  elapsed=  0.3m  eta=  0.5m
[run] meanflow  k=2/5 seq=9/10 (19/50)  t0=7779   rollout=  0.8s  avg= 0.9s/seq  elapsed=  0.3m  eta=  0.5m
[run] meanflow  k=2/5 seq=10/10 (20/50)  t0=8752   rollout=  0.9s  avg= 0.9s/seq  elapsed=  0.3m  eta=  0.4m
[run] meanflow  k=3/5 seq=1/10 (21/50)  t0=0      rollout=  0.8s  avg= 0.9s/seq  elapsed=  0.3m  eta=  0.4m
[run] meanflow  k=3/5 seq=2/10 (22/50)  t0=972    rollout=  0.9s  avg= 0.9s/seq  elapsed=  0.3m  eta=  0.4m
[run] meanflow  k=3/5 seq=3/10 (23/50)  t0=1944   rollout=  0.9s  avg= 0.9s/seq  elapsed=  0.3m  eta=  0.4m
[run] meanflow  k=3/5 seq=4/10 (24/50)  t0=2917   rollout=  0.9s  avg= 0.9s/seq  elapsed=  0.4m  eta=  0.4m
[run] meanflow  k=3/5 seq=5/10 (25/50)  t0=3889   rollout=  0.9s  avg= 0.9s/seq  elapsed=  0.4m  eta=  0.4m
[run] meanflow  k=3/5 seq=6/10 (26/50)  t0=4862   rollout=  0.9s  avg= 0.9s/seq  elapsed=  0.4m  eta=  0.4m
[run] meanflow  k=3/5 seq=7/10 (27/50)  t0=5834   rollout=  0.9s  avg= 0.9s/seq  elapsed=  0.4m  eta=  0.3m
[run] meanflow  k=3/5 seq=8/10 (28/50)  t0=6807   rollout=  0.9s  avg= 0.9s/seq  elapsed=  0.4m  eta=  0.3m
[run] meanflow  k=3/5 seq=9/10 (29/50)  t0=7779   rollout=  0.9s  avg= 0.9s/seq  elapsed=  0.4m  eta=  0.3m
[run] meanflow  k=3/5 seq=10/10 (30/50)  t0=8752   rollout=  0.9s  avg= 0.9s/seq  elapsed=  0.4m  eta=  0.3m
[run] meanflow  k=4/5 seq=1/10 (31/50)  t0=0      rollout=  0.9s  avg= 0.9s/seq  elapsed=  0.5m  eta=  0.3m
[run] meanflow  k=4/5 seq=2/10 (32/50)  t0=972    rollout=  0.9s  avg= 0.9s/seq  elapsed=  0.5m  eta=  0.3m
[run] meanflow  k=4/5 seq=3/10 (33/50)  t0=1944   rollout=  0.9s  avg= 0.9s/seq  elapsed=  0.5m  eta=  0.3m
[run] meanflow  k=4/5 seq=4/10 (34/50)  t0=2917   rollout=  0.9s  avg= 0.9s/seq  elapsed=  0.5m  eta=  0.2m
[run] meanflow  k=4/5 seq=5/10 (35/50)  t0=3889   rollout=  0.9s  avg= 0.9s/seq  elapsed=  0.5m  eta=  0.2m
[run] meanflow  k=4/5 seq=6/10 (36/50)  t0=4862   rollout=  0.9s  avg= 0.9s/seq  elapsed=  0.5m  eta=  0.2m
[run] meanflow  k=4/5 seq=7/10 (37/50)  t0=5834   rollout=  0.9s  avg= 0.9s/seq  elapsed=  0.5m  eta=  0.2m
[run] meanflow  k=4/5 seq=8/10 (38/50)  t0=6807   rollout=  0.9s  avg= 0.9s/seq  elapsed=  0.6m  eta=  0.2m
[run] meanflow  k=4/5 seq=9/10 (39/50)  t0=7779   rollout=  0.9s  avg= 0.9s/seq  elapsed=  0.6m  eta=  0.2m
[run] meanflow  k=4/5 seq=10/10 (40/50)  t0=8752   rollout=  0.9s  avg= 0.9s/seq  elapsed=  0.6m  eta=  0.1m
[run] meanflow  k=5/5 seq=1/10 (41/50)  t0=0      rollout=  0.8s  avg= 0.9s/seq  elapsed=  0.6m  eta=  0.1m
[run] meanflow  k=5/5 seq=2/10 (42/50)  t0=972    rollout=  0.9s  avg= 0.9s/seq  elapsed=  0.6m  eta=  0.1m
[run] meanflow  k=5/5 seq=3/10 (43/50)  t0=1944   rollout=  0.9s  avg= 0.9s/seq  elapsed=  0.6m  eta=  0.1m
[run] meanflow  k=5/5 seq=4/10 (44/50)  t0=2917   rollout=  0.9s  avg= 0.9s/seq  elapsed=  0.6m  eta=  0.1m
[run] meanflow  k=5/5 seq=5/10 (45/50)  t0=3889   rollout=  0.9s  avg= 0.9s/seq  elapsed=  0.7m  eta=  0.1m
[run] meanflow  k=5/5 seq=6/10 (46/50)  t0=4862   rollout=  0.8s  avg= 0.9s/seq  elapsed=  0.7m  eta=  0.1m
[run] meanflow  k=5/5 seq=7/10 (47/50)  t0=5834   rollout=  0.9s  avg= 0.9s/seq  elapsed=  0.7m  eta=  0.0m
[run] meanflow  k=5/5 seq=8/10 (48/50)  t0=6807   rollout=  0.9s  avg= 0.9s/seq  elapsed=  0.7m  eta=  0.0m
[run] meanflow  k=5/5 seq=9/10 (49/50)  t0=7779   rollout=  0.9s  avg= 0.9s/seq  elapsed=  0.7m  eta=  0.0m
[run] meanflow  k=5/5 seq=10/10 (50/50)  t0=8752   rollout=  0.9s  avg= 0.9s/seq  elapsed=  0.7m  eta=  0.0m
[run] meanflow ensemble finished in 0.7m
[run] meanflow_nfe2 ensemble (K=5, NFE=2)
[run] meanflow ensemble starting: K=5 x S=10 x T=6 = 50 sequence-rollouts
[run] meanflow  k=1/5 seq=1/10 (1/50)  t0=0      rollout=  1.1s  avg= 1.1s/seq  elapsed=  0.0m  eta=  0.9m
[run] meanflow  k=1/5 seq=2/10 (2/50)  t0=972    rollout=  1.1s  avg= 1.1s/seq  elapsed=  0.0m  eta=  0.9m
[run] meanflow  k=1/5 seq=3/10 (3/50)  t0=1944   rollout=  1.1s  avg= 1.1s/seq  elapsed=  0.1m  eta=  0.9m
[run] meanflow  k=1/5 seq=4/10 (4/50)  t0=2917   rollout=  1.1s  avg= 1.1s/seq  elapsed=  0.1m  eta=  0.8m
[run] meanflow  k=1/5 seq=5/10 (5/50)  t0=3889   rollout=  1.1s  avg= 1.1s/seq  elapsed=  0.1m  eta=  0.8m
[run] meanflow  k=1/5 seq=6/10 (6/50)  t0=4862   rollout=  1.1s  avg= 1.1s/seq  elapsed=  0.1m  eta=  0.8m
[run] meanflow  k=1/5 seq=7/10 (7/50)  t0=5834   rollout=  1.1s  avg= 1.1s/seq  elapsed=  0.1m  eta=  0.8m
[run] meanflow  k=1/5 seq=8/10 (8/50)  t0=6807   rollout=  1.1s  avg= 1.1s/seq  elapsed=  0.1m  eta=  0.8m
[run] meanflow  k=1/5 seq=9/10 (9/50)  t0=7779   rollout=  1.1s  avg= 1.1s/seq  elapsed=  0.2m  eta=  0.8m
[run] meanflow  k=1/5 seq=10/10 (10/50)  t0=8752   rollout=  1.1s  avg= 1.1s/seq  elapsed=  0.2m  eta=  0.7m
[run] meanflow  k=2/5 seq=1/10 (11/50)  t0=0      rollout=  1.1s  avg= 1.1s/seq  elapsed=  0.2m  eta=  0.7m
[run] meanflow  k=2/5 seq=2/10 (12/50)  t0=972    rollout=  1.1s  avg= 1.1s/seq  elapsed=  0.2m  eta=  0.7m
[run] meanflow  k=2/5 seq=3/10 (13/50)  t0=1944   rollout=  1.1s  avg= 1.1s/seq  elapsed=  0.2m  eta=  0.7m
[run] meanflow  k=2/5 seq=4/10 (14/50)  t0=2917   rollout=  1.1s  avg= 1.1s/seq  elapsed=  0.3m  eta=  0.7m
[run] meanflow  k=2/5 seq=5/10 (15/50)  t0=3889   rollout=  1.1s  avg= 1.1s/seq  elapsed=  0.3m  eta=  0.6m
[run] meanflow  k=2/5 seq=6/10 (16/50)  t0=4862   rollout=  1.1s  avg= 1.1s/seq  elapsed=  0.3m  eta=  0.6m
[run] meanflow  k=2/5 seq=7/10 (17/50)  t0=5834   rollout=  1.1s  avg= 1.1s/seq  elapsed=  0.3m  eta=  0.6m
[run] meanflow  k=2/5 seq=8/10 (18/50)  t0=6807   rollout=  1.2s  avg= 1.1s/seq  elapsed=  0.3m  eta=  0.6m
[run] meanflow  k=2/5 seq=9/10 (19/50)  t0=7779   rollout=  1.1s  avg= 1.1s/seq  elapsed=  0.3m  eta=  0.6m
[run] meanflow  k=2/5 seq=10/10 (20/50)  t0=8752   rollout=  1.1s  avg= 1.1s/seq  elapsed=  0.4m  eta=  0.6m
[run] meanflow  k=3/5 seq=1/10 (21/50)  t0=0      rollout=  1.1s  avg= 1.1s/seq  elapsed=  0.4m  eta=  0.5m
[run] meanflow  k=3/5 seq=2/10 (22/50)  t0=972    rollout=  1.1s  avg= 1.1s/seq  elapsed=  0.4m  eta=  0.5m
[run] meanflow  k=3/5 seq=3/10 (23/50)  t0=1944   rollout=  1.1s  avg= 1.1s/seq  elapsed=  0.4m  eta=  0.5m
[run] meanflow  k=3/5 seq=4/10 (24/50)  t0=2917   rollout=  1.1s  avg= 1.1s/seq  elapsed=  0.4m  eta=  0.5m
[run] meanflow  k=3/5 seq=5/10 (25/50)  t0=3889   rollout=  1.1s  avg= 1.1s/seq  elapsed=  0.5m  eta=  0.5m
[run] meanflow  k=3/5 seq=6/10 (26/50)  t0=4862   rollout=  1.1s  avg= 1.1s/seq  elapsed=  0.5m  eta=  0.4m
[run] meanflow  k=3/5 seq=7/10 (27/50)  t0=5834   rollout=  1.1s  avg= 1.1s/seq  elapsed=  0.5m  eta=  0.4m
[run] meanflow  k=3/5 seq=8/10 (28/50)  t0=6807   rollout=  1.1s  avg= 1.1s/seq  elapsed=  0.5m  eta=  0.4m
[run] meanflow  k=3/5 seq=9/10 (29/50)  t0=7779   rollout=  1.1s  avg= 1.1s/seq  elapsed=  0.5m  eta=  0.4m
[run] meanflow  k=3/5 seq=10/10 (30/50)  t0=8752   rollout=  1.1s  avg= 1.1s/seq  elapsed=  0.6m  eta=  0.4m
[run] meanflow  k=4/5 seq=1/10 (31/50)  t0=0      rollout=  1.1s  avg= 1.1s/seq  elapsed=  0.6m  eta=  0.4m
[run] meanflow  k=4/5 seq=2/10 (32/50)  t0=972    rollout=  1.1s  avg= 1.1s/seq  elapsed=  0.6m  eta=  0.3m
[run] meanflow  k=4/5 seq=3/10 (33/50)  t0=1944   rollout=  1.1s  avg= 1.1s/seq  elapsed=  0.6m  eta=  0.3m
[run] meanflow  k=4/5 seq=4/10 (34/50)  t0=2917   rollout=  1.1s  avg= 1.1s/seq  elapsed=  0.6m  eta=  0.3m
[run] meanflow  k=4/5 seq=5/10 (35/50)  t0=3889   rollout=  1.1s  avg= 1.1s/seq  elapsed=  0.6m  eta=  0.3m
[run] meanflow  k=4/5 seq=6/10 (36/50)  t0=4862   rollout=  1.1s  avg= 1.1s/seq  elapsed=  0.7m  eta=  0.3m
[run] meanflow  k=4/5 seq=7/10 (37/50)  t0=5834   rollout=  1.1s  avg= 1.1s/seq  elapsed=  0.7m  eta=  0.2m
[run] meanflow  k=4/5 seq=8/10 (38/50)  t0=6807   rollout=  1.1s  avg= 1.1s/seq  elapsed=  0.7m  eta=  0.2m
[run] meanflow  k=4/5 seq=9/10 (39/50)  t0=7779   rollout=  1.1s  avg= 1.1s/seq  elapsed=  0.7m  eta=  0.2m
[run] meanflow  k=4/5 seq=10/10 (40/50)  t0=8752   rollout=  1.1s  avg= 1.1s/seq  elapsed=  0.7m  eta=  0.2m
[run] meanflow  k=5/5 seq=1/10 (41/50)  t0=0      rollout=  1.1s  avg= 1.1s/seq  elapsed=  0.8m  eta=  0.2m
[run] meanflow  k=5/5 seq=2/10 (42/50)  t0=972    rollout=  1.1s  avg= 1.1s/seq  elapsed=  0.8m  eta=  0.1m
[run] meanflow  k=5/5 seq=3/10 (43/50)  t0=1944   rollout=  1.1s  avg= 1.1s/seq  elapsed=  0.8m  eta=  0.1m
[run] meanflow  k=5/5 seq=4/10 (44/50)  t0=2917   rollout=  1.1s  avg= 1.1s/seq  elapsed=  0.8m  eta=  0.1m
[run] meanflow  k=5/5 seq=5/10 (45/50)  t0=3889   rollout=  1.1s  avg= 1.1s/seq  elapsed=  0.8m  eta=  0.1m
[run] meanflow  k=5/5 seq=6/10 (46/50)  t0=4862   rollout=  1.1s  avg= 1.1s/seq  elapsed=  0.8m  eta=  0.1m
[run] meanflow  k=5/5 seq=7/10 (47/50)  t0=5834   rollout=  1.2s  avg= 1.1s/seq  elapsed=  0.9m  eta=  0.1m
[run] meanflow  k=5/5 seq=8/10 (48/50)  t0=6807   rollout=  1.1s  avg= 1.1s/seq  elapsed=  0.9m  eta=  0.0m
[run] meanflow  k=5/5 seq=9/10 (49/50)  t0=7779   rollout=  1.1s  avg= 1.1s/seq  elapsed=  0.9m  eta=  0.0m
[run] meanflow  k=5/5 seq=10/10 (50/50)  t0=8752   rollout=  1.1s  avg= 1.1s/seq  elapsed=  0.9m  eta=  0.0m
[run] meanflow ensemble finished in 0.9m
[score] aggregating...
| method | Time/Seq.(s) | CRPS↓ | CSI-M@3km↑ | HSS-M@3km↑ | FAR-M@3km↓ | FSS-P16@3km↑ | CSI-M@15km↑ | HSS-M@15km↑ | FAR-M@15km↓ | FSS-P16@15km↑ | CSI-M@27km↑ | HSS-M@27km↑ | FAR-M@27km↓ | FSS-P16@27km↑ | CSI-M@45km↑ | HSS-M@45km↑ | FAR-M@45km↓ | FSS-P16@45km↑ | RMSE_u10↓ | RMSE_v10↓ | RMSE_t2m↓ | RMSE_qpepre↓ |
|---|---|---|---|---|---|---|---|---|---|---|---|---|---|---|---|---|---|---|---|---|---|---|
| meanflow_nfe1 | 0.913 | 0.5501 | 0.2127 | 0.2655 | 0.4620 | 0.0105 | 0.2689 | 0.3131 | 0.2918 | 0.0099 | 0.3040 | 0.3403 | 0.2038 | 0.0082 | 0.3443 | 0.3654 | 0.1349 | 0.0066 | 1.3314 | 1.4844 | 0.7498 | 0.9655 |
| meanflow_nfe2 | 1.100 | 0.5207 | 0.2141 | 0.2704 | 0.4192 | 0.0279 | 0.2656 | 0.3128 | 0.2563 | 0.0242 | 0.2954 | 0.3332 | 0.1841 | 0.0210 | 0.3307 | 0.3522 | 0.1247 | 0.0171 | 1.2651 | 1.4286 | 0.7315 | 0.9637 |
[panels] skipped (no diffusion run; pass a diffusion checkpoint to render panels)
[done] /home3/davidlcs/Econ-Rag/Local_LLM/test_meeting/Stormcast-Distilation/experiment_scripts/results/meanflow_lspec_ablation/no_lspec
[2026-06-25 22:34:10] [lspec_abl] leg 'no_lspec' done in 120s
[2026-06-25 22:34:10] [lspec_abl] [no_lspec] outputs: 7 files (32K) under /home3/davidlcs/Econ-Rag/Local_LLM/test_meeting/Stormcast-Distilation/experiment_scripts/results/meanflow_lspec_ablation/no_lspec
[2026-06-25 22:34:10] [lspec_abl] [no_lspec] scoreboard.md:
[lspec_abl]     | | method | Time/Seq.(s) | CRPS↓ | CSI-M@3km↑ | HSS-M@3km↑ | FAR-M@3km↓ | FSS-P16@3km↑ | CSI-M@15km↑ | HSS-M@15km↑ | FAR-M@15km↓ | FSS-P16@15km↑ | CSI-M@27km↑ | HSS-M@27km↑ | FAR-M@27km↓ | FSS-P16@27km↑ | CSI-M@45km↑ | HSS-M@45km↑ | FAR-M@45km↓ | FSS-P16@45km↑ | RMSE_u10↓ | RMSE_v10↓ | RMSE_t2m↓ | RMSE_qpepre↓ |
[lspec_abl]     | |---|---|---|---|---|---|---|---|---|---|---|---|---|---|---|---|---|---|---|---|---|---|---|
[lspec_abl]     | | meanflow_nfe1 | 0.913 | 0.5501 | 0.2127 | 0.2655 | 0.4620 | 0.0105 | 0.2689 | 0.3131 | 0.2918 | 0.0099 | 0.3040 | 0.3403 | 0.2038 | 0.0082 | 0.3443 | 0.3654 | 0.1349 | 0.0066 | 1.3314 | 1.4844 | 0.7498 | 0.9655 |
[lspec_abl]     | | meanflow_nfe2 | 1.100 | 0.5207 | 0.2141 | 0.2704 | 0.4192 | 0.0279 | 0.2656 | 0.3128 | 0.2563 | 0.0242 | 0.2954 | 0.3332 | 0.1841 | 0.0210 | 0.3307 | 0.3522 | 0.1247 | 0.0171 | 1.2651 | 1.4286 | 0.7315 | 0.9637 |
[2026-06-25 22:34:10] [lspec_abl] [no_lspec] panels rendered: 0 PNGs

================================================================
[2026-06-25 22:34:10] Stitching spectral-loss ablation scoreboard
================================================================
[stitch] root = /home3/davidlcs/Econ-Rag/Local_LLM/test_meeting/Stormcast-Distilation/experiment_scripts/results/meanflow_lspec_ablation
[stitch]   meanflow_lspec_nfe1        <- /home3/davidlcs/Econ-Rag/Local_LLM/test_meeting/Stormcast-Distilation/experiment_scripts/results/meanflow_lspec_ablation/with_lspec/scoreboard.csv::meanflow_nfe1
[stitch]   meanflow_lspec_nfe2        <- /home3/davidlcs/Econ-Rag/Local_LLM/test_meeting/Stormcast-Distilation/experiment_scripts/results/meanflow_lspec_ablation/with_lspec/scoreboard.csv::meanflow_nfe2
[stitch]   meanflow_no_lspec_nfe1     <- /home3/davidlcs/Econ-Rag/Local_LLM/test_meeting/Stormcast-Distilation/experiment_scripts/results/meanflow_lspec_ablation/no_lspec/scoreboard.csv::meanflow_nfe1
[stitch]   meanflow_no_lspec_nfe2     <- /home3/davidlcs/Econ-Rag/Local_LLM/test_meeting/Stormcast-Distilation/experiment_scripts/results/meanflow_lspec_ablation/no_lspec/scoreboard.csv::meanflow_nfe2
[stitch]   collected meanflow_lspec_nfe1
[stitch]   collected meanflow_lspec_nfe2
[stitch]   collected meanflow_no_lspec_nfe1
[stitch]   collected meanflow_no_lspec_nfe2
[stitch] wrote /home3/davidlcs/Econ-Rag/Local_LLM/test_meeting/Stormcast-Distilation/experiment_scripts/results/meanflow_lspec_ablation/scoreboard_lspec_ablation.csv
[stitch] wrote /home3/davidlcs/Econ-Rag/Local_LLM/test_meeting/Stormcast-Distilation/experiment_scripts/results/meanflow_lspec_ablation/scoreboard_lspec_ablation.md
[stitch] preview:
[stitch]   meanflow_lspec_nfe1 | 0.909 | 0.6710 | 0.2092 | 0.2621 | 0.4525 | 0.0018 | 0.2443 | 0.2861 | 0.2985 | 0.0017 | 0.2663 | 0.2987 | 0.2184 | 0.0014 | 0.2938 | 0.3081 | 0.1553 | 0.0011 | 1.3767 | 1.6915 | 0.8087 | 0.9834
[stitch]   meanflow_lspec_nfe2 | 1.126 | 0.6093 | 0.2156 | 0.2709 | 0.4974 | 0.0295 | 0.2690 | 0.3154 | 0.3738 | 0.0264 | 0.2950 | 0.3315 | 0.3142 | 0.0228 | 0.3267 | 0.3452 | 0.2631 | 0.0184 | 1.2986 | 1.4887 | 0.8472 | 1.0054
[stitch]   meanflow_no_lspec_nfe1 | 0.913 | 0.5501 | 0.2127 | 0.2655 | 0.4620 | 0.0105 | 0.2689 | 0.3131 | 0.2918 | 0.0099 | 0.3040 | 0.3403 | 0.2038 | 0.0082 | 0.3443 | 0.3654 | 0.1349 | 0.0066 | 1.3314 | 1.4844 | 0.7498 | 0.9655
[stitch]   meanflow_no_lspec_nfe2 | 1.100 | 0.5207 | 0.2141 | 0.2704 | 0.4192 | 0.0279 | 0.2656 | 0.3128 | 0.2563 | 0.0242 | 0.2954 | 0.3332 | 0.1841 | 0.0210 | 0.3307 | 0.3522 | 0.1247 | 0.0171 | 1.2651 | 1.4286 | 0.7315 | 0.9637
[stitch] wrote /home3/davidlcs/Econ-Rag/Local_LLM/test_meeting/Stormcast-Distilation/experiment_scripts/results/meanflow_lspec_ablation/rmse_per_step_lspec_ablation.csv  (24 rows)
[2026-06-25 22:34:10] [lspec_abl] stitch done in 0s

================================================================
[2026-06-25 22:34:10] All done — total elapsed 236s
================================================================
[2026-06-25 22:34:10] [lspec_abl] outputs:
[2026-06-25 22:34:10] [lspec_abl]   ablation scoreboard : /home3/davidlcs/Econ-Rag/Local_LLM/test_meeting/Stormcast-Distilation/experiment_scripts/results/meanflow_lspec_ablation/scoreboard_lspec_ablation.{md,csv}
[2026-06-25 22:34:10] [lspec_abl]   per-step RMSE       : /home3/davidlcs/Econ-Rag/Local_LLM/test_meeting/Stormcast-Distilation/experiment_scripts/results/meanflow_lspec_ablation/rmse_per_step_lspec_ablation.csv
[2026-06-25 22:34:10] [lspec_abl]   per-leg             : /home3/davidlcs/Econ-Rag/Local_LLM/test_meeting/Stormcast-Distilation/experiment_scripts/results/meanflow_lspec_ablation/{with_lspec,no_lspec}/scoreboard.{md,csv}
[2026-06-25 22:34:10] [lspec_abl]   per-leg PNG panels  : /home3/davidlcs/Econ-Rag/Local_LLM/test_meeting/Stormcast-Distilation/experiment_scripts/results/meanflow_lspec_ablation/{with_lspec,no_lspec}/panels/<channel>/seq*_step*.png
[2026-06-25 22:34:10] [lspec_abl]   per-leg run logs    : /home3/davidlcs/Econ-Rag/Local_LLM/test_meeting/Stormcast-Distilation/experiment_scripts/results/meanflow_lspec_ablation/{with_lspec,no_lspec}.log
[2026-06-25 22:34:10] [lspec_abl] tail the ablation scoreboard:
[lspec_abl]     | # MeanFlow spectral-loss (log-PSD) ablation
[lspec_abl]     | 
[lspec_abl]     | MeanFlow WITH the radial log-PSD term (`meanflow_lspec_*`) vs. WITHOUT it (`meanflow_no_lspec_*`), cleaned 192x96 + log1p, 2022 validation year. One row per sampler NFE (1, 2). Everything except the spectral training term is held equal.
[lspec_abl]     | 
[lspec_abl]     | | method | Time/Seq.(s) | CRPS↓ | CSI-M@3km↑ | HSS-M@3km↑ | FAR-M@3km↓ | FSS-P16@3km↑ | CSI-M@15km↑ | HSS-M@15km↑ | FAR-M@15km↓ | FSS-P16@15km↑ | CSI-M@27km↑ | HSS-M@27km↑ | FAR-M@27km↓ | FSS-P16@27km↑ | CSI-M@45km↑ | HSS-M@45km↑ | FAR-M@45km↓ | FSS-P16@45km↑ | RMSE_u10↓ | RMSE_v10↓ | RMSE_t2m↓ | RMSE_qpepre↓ |
[lspec_abl]     | |---|---|---|---|---|---|---|---|---|---|---|---|---|---|---|---|---|---|---|---|---|---|---|
[lspec_abl]     | | meanflow_lspec_nfe1 | 0.909 | 0.6710 | 0.2092 | 0.2621 | 0.4525 | 0.0018 | 0.2443 | 0.2861 | 0.2985 | 0.0017 | 0.2663 | 0.2987 | 0.2184 | 0.0014 | 0.2938 | 0.3081 | 0.1553 | 0.0011 | 1.3767 | 1.6915 | 0.8087 | 0.9834 |
[lspec_abl]     | | meanflow_lspec_nfe2 | 1.126 | 0.6093 | 0.2156 | 0.2709 | 0.4974 | 0.0295 | 0.2690 | 0.3154 | 0.3738 | 0.0264 | 0.2950 | 0.3315 | 0.3142 | 0.0228 | 0.3267 | 0.3452 | 0.2631 | 0.0184 | 1.2986 | 1.4887 | 0.8472 | 1.0054 |
[lspec_abl]     | | meanflow_no_lspec_nfe1 | 0.913 | 0.5501 | 0.2127 | 0.2655 | 0.4620 | 0.0105 | 0.2689 | 0.3131 | 0.2918 | 0.0099 | 0.3040 | 0.3403 | 0.2038 | 0.0082 | 0.3443 | 0.3654 | 0.1349 | 0.0066 | 1.3314 | 1.4844 | 0.7498 | 0.9655 |
[lspec_abl]     | | meanflow_no_lspec_nfe2 | 1.100 | 0.5207 | 0.2141 | 0.2704 | 0.4192 | 0.0279 | 0.2656 | 0.3128 | 0.2563 | 0.0242 | 0.2954 | 0.3332 | 0.1841 | 0.0210 | 0.3307 | 0.3522 | 0.1247 | 0.0171 | 1.2651 | 1.4286 | 0.7315 | 0.9637 |
