/home3/davidlcs/Econ-Rag/Local_LLM/test_meeting/Stormcast-Distilation/physicsnemo/distributed/manager.py:415: UserWarning: Could not initialize using ENV, SLURM or OPENMPI methods. Assuming this is a single process job
  warn(
[device] cuda:0
[data] new-domain: samples=8759  channels=['u10', 'v10', 't2m', 'qpepre']
Zarr store /home3/davidlcs/Econ-Rag/Local_LLM/test_meeting/Stormcast-Distilation/exp_3_train_2_5_yrs_val_1yr_tp1/zarr_exp3_L_24_H_24_train_2_5_years_full/LowRes/stormcast_test_valid.zarr lacks 'valid' variable; assuming all timestamps are valid
/home3/davidlcs/Econ-Rag/Local_LLM/test_meeting/Stormcast-Distilation/stormcast/datasets/data_loader_rwrf_era5_stable.py:254: FutureWarning: The return type of `Dataset.dims` will be changed to return a set of dimension names in future, in order to be more consistent with `DataArray.dims`. To access a mapping from dimension names to lengths, please use `Dataset.sizes`.
  return np.ones(ds.dims["time"], dtype=bool)
Zarr store /home3/davidlcs/Econ-Rag/Local_LLM/test_meeting/Stormcast-Distilation/exp_3_train_2_5_yrs_val_1yr_tp1/zarr_exp3_L_24_H_24_train_2_5_years_full/HighRes/stormcast_test_valid.zarr lacks 'valid' variable; assuming all timestamps are valid
[data] original-domain: samples=8759  channels=['t2m', 'u10', 'v10', 'qpepre']
[t0] 1 initial time(s), rollout to +6h: 6909(10-15 21Z)
[load] new-domain regression /home3/davidlcs/Econ-Rag/Local_LLM/test_meeting/Stormcast-Distilation/runs/regression_zettabyte_v1_cleaned_4_27_2026/regression_zettabyte_cleaned_4_27_2026/run_0/checkpoints_regression/StormCastUNet.0.8000.mdlus
[load] new-domain diffusion /home3/davidlcs/Econ-Rag/Local_LLM/test_meeting/Stormcast-Distilation/runs/diffusion_zettabyte_v1_cleaned_4_27_2026/diffusion_zettabyte_cleaned_4_27_2026/run_0/checkpoints_diffusion/EDMPrecond.0.31000.mdlus
[run] new-domain EDM rollouts (6h, NFE/step=36)
[run]   EDM 1/1 t0=6909 (10-15 21Z) in 12.6s
[load] flowcast /home3/davidlcs/Econ-Rag/Local_LLM/test_meeting/Stormcast-Distilation/runs/flowcast_zettabyte_v1_cleaned_4_27_2026/flowcast_zettabyte_cleaned_4_27_2026/run_0/checkpoints_flowcast/FlowCastPrecond.0.20000.mdlus
[run] FlowCast rollouts (NFE=10)
[run]   CFM 1/1 t0=6909 (10-15 21Z) in 3.0s
[load] meanflow /home3/davidlcs/Econ-Rag/Local_LLM/test_meeting/Stormcast-Distilation/runs/meanflow_no_lspec_zettabyte_v1_cleaned_4_27_2026/meanflow_no_lspec_zettabyte_cleaned_4_27_2026/run_0/checkpoints_meanflow/MeanFlowPrecond.0.18000.mdlus
[run] MeanFlow rollouts (NFE=2)
[run]   MeanFlow 1/1 t0=6909 (10-15 21Z) in 1.1s
[load] original-domain regression /home3/davidlcs/Econ-Rag/Local_LLM/test_meeting/Stormcast-Distilation/exp_3_train_2_5_yrs_val_1yr_tp1/exp_3_reg_L_24_H_4_train_2_5_years/0/checkpoints_regression/StormCastUNet.0.7500.mdlus
[load] original-domain diffusion /home3/davidlcs/Econ-Rag/Local_LLM/test_meeting/Stormcast-Distilation/exp_3_train_2_5_yrs_val_1yr_tp1/exp_3_dif_L_24_H_4_train_2_5_years/0/checkpoints_diffusion/EDMPrecond.0.70000.mdlus
[run] original-domain EDM rollouts (6h)
[run]   legacy 1/1 t0=6909 (10-15 21Z) in 78.6s
[plot] wrote experiment_scripts/results/rollout_6h/t0_6909_20221015_21/rollout_6h_t2m.png
[plot] wrote experiment_scripts/results/rollout_6h/t0_6909_20221015_21/rollout_6h_u10.png
[plot] wrote experiment_scripts/results/rollout_6h/t0_6909_20221015_21/rollout_6h_v10.png
[plot] wrote experiment_scripts/results/rollout_6h/t0_6909_20221015_21/rollout_6h_qpepre.png
[done] candidate summary -> experiment_scripts/results/rollout_6h/candidates.md
[done] outputs in experiment_scripts/results/rollout_6h
