[replot] 20 cached case(s) under /home3/davidlcs/Econ-Rag/Local_LLM/test_meeting/Stormcast-Distilation/experiment_scripts/results/rollout_6h
[plot] wrote /home3/davidlcs/Econ-Rag/Local_LLM/test_meeting/Stormcast-Distilation/experiment_scripts/results/rollout_6h/t0_0000_20220101_00/rollout_6h_t2m.png
[plot] wrote /home3/davidlcs/Econ-Rag/Local_LLM/test_meeting/Stormcast-Distilation/experiment_scripts/results/rollout_6h/t0_0000_20220101_00/rollout_6h_u10.png
[plot] wrote /home3/davidlcs/Econ-Rag/Local_LLM/test_meeting/Stormcast-Distilation/experiment_scripts/results/rollout_6h/t0_0000_20220101_00/rollout_6h_v10.png
[plot] wrote /home3/davidlcs/Econ-Rag/Local_LLM/test_meeting/Stormcast-Distilation/experiment_scripts/results/rollout_6h/t0_0000_20220101_00/rollout_6h_qpepre.png
[plot] wrote /home3/davidlcs/Econ-Rag/Local_LLM/test_meeting/Stormcast-Distilation/experiment_scripts/results/rollout_6h/t0_0460_20220120_04/rollout_6h_t2m.png
[plot] wrote /home3/davidlcs/Econ-Rag/Local_LLM/test_meeting/Stormcast-Distilation/experiment_scripts/results/rollout_6h/t0_0460_20220120_04/rollout_6h_u10.png
[plot] wrote /home3/davidlcs/Econ-Rag/Local_LLM/test_meeting/Stormcast-Distilation/experiment_scripts/results/rollout_6h/t0_0460_20220120_04/rollout_6h_v10.png
[plot] wrote /home3/davidlcs/Econ-Rag/Local_LLM/test_meeting/Stormcast-Distilation/experiment_scripts/results/rollout_6h/t0_0460_20220120_04/rollout_6h_qpepre.png
[plot] wrote /home3/davidlcs/Econ-Rag/Local_LLM/test_meeting/Stormcast-Distilation/experiment_scripts/results/rollout_6h/t0_0921_20220208_09/rollout_6h_t2m.png
[plot] wrote /home3/davidlcs/Econ-Rag/Local_LLM/test_meeting/Stormcast-Distilation/experiment_scripts/results/rollout_6h/t0_0921_20220208_09/rollout_6h_u10.png
[plot] wrote /home3/davidlcs/Econ-Rag/Local_LLM/test_meeting/Stormcast-Distilation/experiment_scripts/results/rollout_6h/t0_0921_20220208_09/rollout_6h_v10.png
[plot] wrote /home3/davidlcs/Econ-Rag/Local_LLM/test_meeting/Stormcast-Distilation/experiment_scripts/results/rollout_6h/t0_0921_20220208_09/rollout_6h_qpepre.png
[plot] wrote /home3/davidlcs/Econ-Rag/Local_LLM/test_meeting/Stormcast-Distilation/experiment_scripts/results/rollout_6h/t0_1381_20220227_13/rollout_6h_t2m.png
[plot] wrote /home3/davidlcs/Econ-Rag/Local_LLM/test_meeting/Stormcast-Distilation/experiment_scripts/results/rollout_6h/t0_1381_20220227_13/rollout_6h_u10.png
[plot] wrote /home3/davidlcs/Econ-Rag/Local_LLM/test_meeting/Stormcast-Distilation/experiment_scripts/results/rollout_6h/t0_1381_20220227_13/rollout_6h_v10.png
[plot] wrote /home3/davidlcs/Econ-Rag/Local_LLM/test_meeting/Stormcast-Distilation/experiment_scripts/results/rollout_6h/t0_1381_20220227_13/rollout_6h_qpepre.png
[plot] wrote /home3/davidlcs/Econ-Rag/Local_LLM/test_meeting/Stormcast-Distilation/experiment_scripts/results/rollout_6h/t0_1842_20220318_18/rollout_6h_t2m.png
[plot] wrote /home3/davidlcs/Econ-Rag/Local_LLM/test_meeting/Stormcast-Distilation/experiment_scripts/results/rollout_6h/t0_1842_20220318_18/rollout_6h_u10.png
[plot] wrote /home3/davidlcs/Econ-Rag/Local_LLM/test_meeting/Stormcast-Distilation/experiment_scripts/results/rollout_6h/t0_1842_20220318_18/rollout_6h_v10.png
[plot] wrote /home3/davidlcs/Econ-Rag/Local_LLM/test_meeting/Stormcast-Distilation/experiment_scripts/results/rollout_6h/t0_1842_20220318_18/rollout_6h_qpepre.png
[plot] wrote /home3/davidlcs/Econ-Rag/Local_LLM/test_meeting/Stormcast-Distilation/experiment_scripts/results/rollout_6h/t0_2303_20220406_23/rollout_6h_t2m.png
[plot] wrote /home3/davidlcs/Econ-Rag/Local_LLM/test_meeting/Stormcast-Distilation/experiment_scripts/results/rollout_6h/t0_2303_20220406_23/rollout_6h_u10.png
[plot] wrote /home3/davidlcs/Econ-Rag/Local_LLM/test_meeting/Stormcast-Distilation/experiment_scripts/results/rollout_6h/t0_2303_20220406_23/rollout_6h_v10.png
[plot] wrote /home3/davidlcs/Econ-Rag/Local_LLM/test_meeting/Stormcast-Distilation/experiment_scripts/results/rollout_6h/t0_2303_20220406_23/rollout_6h_qpepre.png
[plot] wrote /home3/davidlcs/Econ-Rag/Local_LLM/test_meeting/Stormcast-Distilation/experiment_scripts/results/rollout_6h/t0_2763_20220426_03/rollout_6h_t2m.png
[plot] wrote /home3/davidlcs/Econ-Rag/Local_LLM/test_meeting/Stormcast-Distilation/experiment_scripts/results/rollout_6h/t0_2763_20220426_03/rollout_6h_u10.png
[plot] wrote /home3/davidlcs/Econ-Rag/Local_LLM/test_meeting/Stormcast-Distilation/experiment_scripts/results/rollout_6h/t0_2763_20220426_03/rollout_6h_v10.png
[plot] wrote /home3/davidlcs/Econ-Rag/Local_LLM/test_meeting/Stormcast-Distilation/experiment_scripts/results/rollout_6h/t0_2763_20220426_03/rollout_6h_qpepre.png
[plot] wrote /home3/davidlcs/Econ-Rag/Local_LLM/test_meeting/Stormcast-Distilation/experiment_scripts/results/rollout_6h/t0_3224_20220515_08/rollout_6h_t2m.png
[plot] wrote /home3/davidlcs/Econ-Rag/Local_LLM/test_meeting/Stormcast-Distilation/experiment_scripts/results/rollout_6h/t0_3224_20220515_08/rollout_6h_u10.png
[plot] wrote /home3/davidlcs/Econ-Rag/Local_LLM/test_meeting/Stormcast-Distilation/experiment_scripts/results/rollout_6h/t0_3224_20220515_08/rollout_6h_v10.png
[plot] wrote /home3/davidlcs/Econ-Rag/Local_LLM/test_meeting/Stormcast-Distilation/experiment_scripts/results/rollout_6h/t0_3224_20220515_08/rollout_6h_qpepre.png
[plot] wrote /home3/davidlcs/Econ-Rag/Local_LLM/test_meeting/Stormcast-Distilation/experiment_scripts/results/rollout_6h/t0_3685_20220603_13/rollout_6h_t2m.png
[plot] wrote /home3/davidlcs/Econ-Rag/Local_LLM/test_meeting/Stormcast-Distilation/experiment_scripts/results/rollout_6h/t0_3685_20220603_13/rollout_6h_u10.png
[plot] wrote /home3/davidlcs/Econ-Rag/Local_LLM/test_meeting/Stormcast-Distilation/experiment_scripts/results/rollout_6h/t0_3685_20220603_13/rollout_6h_v10.png
[plot] wrote /home3/davidlcs/Econ-Rag/Local_LLM/test_meeting/Stormcast-Distilation/experiment_scripts/results/rollout_6h/t0_3685_20220603_13/rollout_6h_qpepre.png
[plot] wrote /home3/davidlcs/Econ-Rag/Local_LLM/test_meeting/Stormcast-Distilation/experiment_scripts/results/rollout_6h/t0_4145_20220622_17/rollout_6h_t2m.png
[plot] wrote /home3/davidlcs/Econ-Rag/Local_LLM/test_meeting/Stormcast-Distilation/experiment_scripts/results/rollout_6h/t0_4145_20220622_17/rollout_6h_u10.png
[plot] wrote /home3/davidlcs/Econ-Rag/Local_LLM/test_meeting/Stormcast-Distilation/experiment_scripts/results/rollout_6h/t0_4145_20220622_17/rollout_6h_v10.png
[plot] wrote /home3/davidlcs/Econ-Rag/Local_LLM/test_meeting/Stormcast-Distilation/experiment_scripts/results/rollout_6h/t0_4145_20220622_17/rollout_6h_qpepre.png
[plot] wrote /home3/davidlcs/Econ-Rag/Local_LLM/test_meeting/Stormcast-Distilation/experiment_scripts/results/rollout_6h/t0_4606_20220711_22/rollout_6h_t2m.png
[plot] wrote /home3/davidlcs/Econ-Rag/Local_LLM/test_meeting/Stormcast-Distilation/experiment_scripts/results/rollout_6h/t0_4606_20220711_22/rollout_6h_u10.png
[plot] wrote /home3/davidlcs/Econ-Rag/Local_LLM/test_meeting/Stormcast-Distilation/experiment_scripts/results/rollout_6h/t0_4606_20220711_22/rollout_6h_v10.png
[plot] wrote /home3/davidlcs/Econ-Rag/Local_LLM/test_meeting/Stormcast-Distilation/experiment_scripts/results/rollout_6h/t0_4606_20220711_22/rollout_6h_qpepre.png
[plot] wrote /home3/davidlcs/Econ-Rag/Local_LLM/test_meeting/Stormcast-Distilation/experiment_scripts/results/rollout_6h/t0_5066_20220731_02/rollout_6h_t2m.png
[plot] wrote /home3/davidlcs/Econ-Rag/Local_LLM/test_meeting/Stormcast-Distilation/experiment_scripts/results/rollout_6h/t0_5066_20220731_02/rollout_6h_u10.png
[plot] wrote /home3/davidlcs/Econ-Rag/Local_LLM/test_meeting/Stormcast-Distilation/experiment_scripts/results/rollout_6h/t0_5066_20220731_02/rollout_6h_v10.png
[plot] wrote /home3/davidlcs/Econ-Rag/Local_LLM/test_meeting/Stormcast-Distilation/experiment_scripts/results/rollout_6h/t0_5066_20220731_02/rollout_6h_qpepre.png
[plot] wrote /home3/davidlcs/Econ-Rag/Local_LLM/test_meeting/Stormcast-Distilation/experiment_scripts/results/rollout_6h/t0_5527_20220819_07/rollout_6h_t2m.png
[plot] wrote /home3/davidlcs/Econ-Rag/Local_LLM/test_meeting/Stormcast-Distilation/experiment_scripts/results/rollout_6h/t0_5527_20220819_07/rollout_6h_u10.png
[plot] wrote /home3/davidlcs/Econ-Rag/Local_LLM/test_meeting/Stormcast-Distilation/experiment_scripts/results/rollout_6h/t0_5527_20220819_07/rollout_6h_v10.png
[plot] wrote /home3/davidlcs/Econ-Rag/Local_LLM/test_meeting/Stormcast-Distilation/experiment_scripts/results/rollout_6h/t0_5527_20220819_07/rollout_6h_qpepre.png
[plot] wrote /home3/davidlcs/Econ-Rag/Local_LLM/test_meeting/Stormcast-Distilation/experiment_scripts/results/rollout_6h/t0_5988_20220907_12/rollout_6h_t2m.png
[plot] wrote /home3/davidlcs/Econ-Rag/Local_LLM/test_meeting/Stormcast-Distilation/experiment_scripts/results/rollout_6h/t0_5988_20220907_12/rollout_6h_u10.png
[plot] wrote /home3/davidlcs/Econ-Rag/Local_LLM/test_meeting/Stormcast-Distilation/experiment_scripts/results/rollout_6h/t0_5988_20220907_12/rollout_6h_v10.png
[plot] wrote /home3/davidlcs/Econ-Rag/Local_LLM/test_meeting/Stormcast-Distilation/experiment_scripts/results/rollout_6h/t0_5988_20220907_12/rollout_6h_qpepre.png
[plot] wrote /home3/davidlcs/Econ-Rag/Local_LLM/test_meeting/Stormcast-Distilation/experiment_scripts/results/rollout_6h/t0_6448_20220926_16/rollout_6h_t2m.png
[plot] wrote /home3/davidlcs/Econ-Rag/Local_LLM/test_meeting/Stormcast-Distilation/experiment_scripts/results/rollout_6h/t0_6448_20220926_16/rollout_6h_u10.png
[plot] wrote /home3/davidlcs/Econ-Rag/Local_LLM/test_meeting/Stormcast-Distilation/experiment_scripts/results/rollout_6h/t0_6448_20220926_16/rollout_6h_v10.png
[plot] wrote /home3/davidlcs/Econ-Rag/Local_LLM/test_meeting/Stormcast-Distilation/experiment_scripts/results/rollout_6h/t0_6448_20220926_16/rollout_6h_qpepre.png
[plot] wrote /home3/davidlcs/Econ-Rag/Local_LLM/test_meeting/Stormcast-Distilation/experiment_scripts/results/rollout_6h/t0_6909_20221015_21/rollout_6h_t2m.png
[plot] wrote /home3/davidlcs/Econ-Rag/Local_LLM/test_meeting/Stormcast-Distilation/experiment_scripts/results/rollout_6h/t0_6909_20221015_21/rollout_6h_u10.png
[plot] wrote /home3/davidlcs/Econ-Rag/Local_LLM/test_meeting/Stormcast-Distilation/experiment_scripts/results/rollout_6h/t0_6909_20221015_21/rollout_6h_v10.png
[plot] wrote /home3/davidlcs/Econ-Rag/Local_LLM/test_meeting/Stormcast-Distilation/experiment_scripts/results/rollout_6h/t0_6909_20221015_21/rollout_6h_qpepre.png
[plot] wrote /home3/davidlcs/Econ-Rag/Local_LLM/test_meeting/Stormcast-Distilation/experiment_scripts/results/rollout_6h/t0_7370_20221104_02/rollout_6h_t2m.png
[plot] wrote /home3/davidlcs/Econ-Rag/Local_LLM/test_meeting/Stormcast-Distilation/experiment_scripts/results/rollout_6h/t0_7370_20221104_02/rollout_6h_u10.png
[plot] wrote /home3/davidlcs/Econ-Rag/Local_LLM/test_meeting/Stormcast-Distilation/experiment_scripts/results/rollout_6h/t0_7370_20221104_02/rollout_6h_v10.png
[plot] wrote /home3/davidlcs/Econ-Rag/Local_LLM/test_meeting/Stormcast-Distilation/experiment_scripts/results/rollout_6h/t0_7370_20221104_02/rollout_6h_qpepre.png
[plot] wrote /home3/davidlcs/Econ-Rag/Local_LLM/test_meeting/Stormcast-Distilation/experiment_scripts/results/rollout_6h/t0_7830_20221123_06/rollout_6h_t2m.png
[plot] wrote /home3/davidlcs/Econ-Rag/Local_LLM/test_meeting/Stormcast-Distilation/experiment_scripts/results/rollout_6h/t0_7830_20221123_06/rollout_6h_u10.png
[plot] wrote /home3/davidlcs/Econ-Rag/Local_LLM/test_meeting/Stormcast-Distilation/experiment_scripts/results/rollout_6h/t0_7830_20221123_06/rollout_6h_v10.png
[plot] wrote /home3/davidlcs/Econ-Rag/Local_LLM/test_meeting/Stormcast-Distilation/experiment_scripts/results/rollout_6h/t0_7830_20221123_06/rollout_6h_qpepre.png
[plot] wrote /home3/davidlcs/Econ-Rag/Local_LLM/test_meeting/Stormcast-Distilation/experiment_scripts/results/rollout_6h/t0_8291_20221212_11/rollout_6h_t2m.png
[plot] wrote /home3/davidlcs/Econ-Rag/Local_LLM/test_meeting/Stormcast-Distilation/experiment_scripts/results/rollout_6h/t0_8291_20221212_11/rollout_6h_u10.png
[plot] wrote /home3/davidlcs/Econ-Rag/Local_LLM/test_meeting/Stormcast-Distilation/experiment_scripts/results/rollout_6h/t0_8291_20221212_11/rollout_6h_v10.png
[plot] wrote /home3/davidlcs/Econ-Rag/Local_LLM/test_meeting/Stormcast-Distilation/experiment_scripts/results/rollout_6h/t0_8291_20221212_11/rollout_6h_qpepre.png
[plot] wrote /home3/davidlcs/Econ-Rag/Local_LLM/test_meeting/Stormcast-Distilation/experiment_scripts/results/rollout_6h/t0_8752_20221231_16/rollout_6h_t2m.png
[plot] wrote /home3/davidlcs/Econ-Rag/Local_LLM/test_meeting/Stormcast-Distilation/experiment_scripts/results/rollout_6h/t0_8752_20221231_16/rollout_6h_u10.png
[plot] wrote /home3/davidlcs/Econ-Rag/Local_LLM/test_meeting/Stormcast-Distilation/experiment_scripts/results/rollout_6h/t0_8752_20221231_16/rollout_6h_v10.png
[plot] wrote /home3/davidlcs/Econ-Rag/Local_LLM/test_meeting/Stormcast-Distilation/experiment_scripts/results/rollout_6h/t0_8752_20221231_16/rollout_6h_qpepre.png
[done] candidate summary -> /home3/davidlcs/Econ-Rag/Local_LLM/test_meeting/Stormcast-Distilation/experiment_scripts/results/rollout_6h/candidates.md
[done] outputs in /home3/davidlcs/Econ-Rag/Local_LLM/test_meeting/Stormcast-Distilation/experiment_scripts/results/rollout_6h
