/home3/davidlcs/Econ-Rag/Local_LLM/test_meeting/Stormcast-Distilation/physicsnemo/distributed/manager.py:415: UserWarning: Could not initialize using ENV, SLURM or OPENMPI methods. Assuming this is a single process job
  warn(
[device] cuda:0
[data] building legacy dataset
Zarr store exp_3_train_2_5_yrs_val_1yr_tp1/zarr_exp3_L_24_H_24_train_2_5_years_full/LowRes/stormcast_test_valid.zarr lacks 'valid' variable; assuming all timestamps are valid
/home3/davidlcs/Econ-Rag/Local_LLM/test_meeting/Stormcast-Distilation/stormcast/datasets/data_loader_rwrf_era5_stable.py:254: FutureWarning: The return type of `Dataset.dims` will be changed to return a set of dimension names in future, in order to be more consistent with `DataArray.dims`. To access a mapping from dimension names to lengths, please use `Dataset.sizes`.
  return np.ones(ds.dims["time"], dtype=bool)
Zarr store exp_3_train_2_5_yrs_val_1yr_tp1/zarr_exp3_L_24_H_24_train_2_5_years_full/HighRes/stormcast_test_valid.zarr lacks 'valid' variable; assuming all timestamps are valid
[data] legacy  pairs=8759 channels=['t2m', 'u10', 'v10', 'qpepre']
[data] building cleaned dataset
[data] cleaned pairs=8759 channels=['u10', 'v10', 't2m', 'qpepre']
[seqs] n_times=6 lead=1h first=0 last=8757
[load] legacy regression exp_3_train_2_5_yrs_val_1yr_tp1/exp_3_reg_L_24_H_4_train_2_5_years/0/checkpoints_regression/StormCastUNet.0.7500.mdlus
[load] legacy diffusion  exp_3_train_2_5_yrs_val_1yr_tp1/exp_3_dif_L_24_H_4_train_2_5_years/0/checkpoints_diffusion/EDMPrecond.0.70000.mdlus
[run] orig_stormcast starting: 6 times x lead=1h
[run] orig_stormcast  t=1/6 t0=0     rollout=  4.4s  avg= 4.4s  elapsed=  0.1m  eta=  0.4m
[run] orig_stormcast  t=2/6 t0=1751  rollout=  3.0s  avg= 3.7s  elapsed=  0.1m  eta=  0.2m
[run] orig_stormcast  t=3/6 t0=3502  rollout=  3.0s  avg= 3.5s  elapsed=  0.2m  eta=  0.2m
[run] orig_stormcast  t=4/6 t0=5254  rollout=  3.3s  avg= 3.4s  elapsed=  0.2m  eta=  0.1m
[run] orig_stormcast  t=5/6 t0=7005  rollout=  3.0s  avg= 3.4s  elapsed=  0.3m  eta=  0.1m
[run] orig_stormcast  t=6/6 t0=8757  rollout=  3.0s  avg= 3.3s  elapsed=  0.3m  eta=  0.0m
[run] orig_stormcast finished in 0.3m
[load] cleaned regression runs/regression_zettabyte_v1_cleaned_4_27_2026/regression_zettabyte_cleaned_4_27_2026/run_0/checkpoints_regression/StormCastUNet.0.8000.mdlus
[load] cleaned diffusion  runs/diffusion_zettabyte_v1_cleaned_4_27_2026/diffusion_zettabyte_cleaned_4_27_2026/run_0/checkpoints_diffusion/EDMPrecond.0.31000.mdlus
[run] cleaned_stormcast starting: 6 times x lead=1h
[run] cleaned_stormcast  t=1/6 t0=0     rollout=  1.6s  avg= 1.6s  elapsed=  0.0m  eta=  0.1m
[run] cleaned_stormcast  t=2/6 t0=1751  rollout=  2.1s  avg= 1.9s  elapsed=  0.1m  eta=  0.1m
[run] cleaned_stormcast  t=3/6 t0=3502  rollout=  2.1s  avg= 1.9s  elapsed=  0.1m  eta=  0.1m
[run] cleaned_stormcast  t=4/6 t0=5254  rollout=  2.1s  avg= 2.0s  elapsed=  0.1m  eta=  0.1m
[run] cleaned_stormcast  t=5/6 t0=7005  rollout=  2.1s  avg= 2.0s  elapsed=  0.2m  eta=  0.0m
[run] cleaned_stormcast  t=6/6 t0=8757  rollout=  1.6s  avg= 1.9s  elapsed=  0.2m  eta=  0.0m
[run] cleaned_stormcast finished in 0.2m
[load] cleaned flowcast   runs/flowcast_zettabyte_v1_cleaned_4_27_2026/flowcast_zettabyte_cleaned_4_27_2026/run_0/checkpoints_flowcast/FlowCastPrecond.0.20000.mdlus
[run] flowcast starting: 6 times x lead=1h
[run] flowcast  t=1/6 t0=0     rollout=  0.5s  avg= 0.5s  elapsed=  0.0m  eta=  0.0m
[run] flowcast  t=2/6 t0=1751  rollout=  0.5s  avg= 0.5s  elapsed=  0.0m  eta=  0.0m
[run] flowcast  t=3/6 t0=3502  rollout=  0.5s  avg= 0.5s  elapsed=  0.0m  eta=  0.0m
[run] flowcast  t=4/6 t0=5254  rollout=  0.5s  avg= 0.5s  elapsed=  0.0m  eta=  0.0m
[run] flowcast  t=5/6 t0=7005  rollout=  0.5s  avg= 0.5s  elapsed=  0.0m  eta=  0.0m
[run] flowcast  t=6/6 t0=8757  rollout=  0.5s  avg= 0.5s  elapsed=  0.1m  eta=  0.0m
[run] flowcast finished in 0.1m
[load] cleaned meanflow   runs/meanflow_zettabyte_v1_cleaned_4_27_2026/meanflow_zettabyte_cleaned_4_27_2026/run_0/checkpoints_meanflow/MeanFlowPrecond.0.20000.mdlus
[run] meanflow starting: 6 times x lead=1h
[run] meanflow  t=1/6 t0=0     rollout=  0.2s  avg= 0.2s  elapsed=  0.0m  eta=  0.0m
[run] meanflow  t=2/6 t0=1751  rollout=  0.2s  avg= 0.2s  elapsed=  0.0m  eta=  0.0m
[run] meanflow  t=3/6 t0=3502  rollout=  0.2s  avg= 0.2s  elapsed=  0.0m  eta=  0.0m
[run] meanflow  t=4/6 t0=5254  rollout=  0.2s  avg= 0.2s  elapsed=  0.0m  eta=  0.0m
[run] meanflow  t=5/6 t0=7005  rollout=  0.2s  avg= 0.2s  elapsed=  0.0m  eta=  0.0m
[run] meanflow  t=6/6 t0=8757  rollout=  0.2s  avg= 0.2s  elapsed=  0.0m  eta=  0.0m
[run] meanflow finished in 0.0m
[plot] rendering 6 figures into experiment_scripts/results/single_time_meanflow
[plot] wrote experiment_scripts/results/single_time_meanflow/time_01_lead_1h.png
[plot] wrote experiment_scripts/results/single_time_meanflow/time_02_lead_1h.png
[plot] wrote experiment_scripts/results/single_time_meanflow/time_03_lead_1h.png
[plot] wrote experiment_scripts/results/single_time_meanflow/time_04_lead_1h.png
[plot] wrote experiment_scripts/results/single_time_meanflow/time_05_lead_1h.png
[plot] wrote experiment_scripts/results/single_time_meanflow/time_06_lead_1h.png
[done] experiment_scripts/results/single_time_meanflow
