
================================================================
[2026-06-12 06:53:40] Main experiment — legacy vs. cleaned-2M (3-way)
================================================================
[2026-06-12 06:53:40] [run_main] skipping conda activation (already in 'base' / SKIP_CONDA=1)
[2026-06-12 06:53:40] [run_main] python : /home3/davidlcs/Econ-Rag/Local_LLM/test_meeting/Stormcast-Distilation/stormcast_env/bin/python
[2026-06-12 06:53:40] [run_main] version: Python 3.10.12
[2026-06-12 06:53:40] [run_main] host   : gpu03  user=davidlcs  pid=2867672
[2026-06-12 06:53:40] [run_main] cwd    : /home3/davidlcs/Econ-Rag/Local_LLM/test_meeting/Stormcast-Distilation
[2026-06-12 06:53:40] [run_main] cuda   : 0

================================================================
[2026-06-12 06:53:40] Configuration
================================================================
[2026-06-12 06:53:40] [run_main] REPO_ROOT     = /home3/davidlcs/Econ-Rag/Local_LLM/test_meeting/Stormcast-Distilation
[2026-06-12 06:53:40] [run_main] OUT_DIR       = /home3/davidlcs/Econ-Rag/Local_LLM/test_meeting/Stormcast-Distilation/experiment_scripts/results/main_experiment
[2026-06-12 06:53:40] [run_main] N_SEQUENCES   = 10    (initial times across 2022)
[2026-06-12 06:53:40] [run_main] N_STEPS       = 12    (autoregressive horizon, hours)
[2026-06-12 06:53:40] [run_main] ENSEMBLE      = 6    (members per sequence)
[2026-06-12 06:53:40] [run_main] DIFFUSION_NFE = 18   (Heun steps; NFE = 2 * this)
[2026-06-12 06:53:40] [run_main] FLOWCAST_NFES = 10 15 20   (Euler steps; one row per value)
[2026-06-12 06:53:40] [run_main] MEANFLOW_NFES = 1 2   (avg-velocity NFE; one row per value)
[2026-06-12 06:53:40] [run_main] N_PANELS_SEQ  = 4    PANEL_STEPS = ''
[2026-06-12 06:53:40] [run_main] SEED          = 0
[2026-06-12 06:53:40] [run_main] 
[2026-06-12 06:53:40] [run_main] Inputs:
[2026-06-12 06:53:40] [run_main]   LEGACY_DATA  = /home3/davidlcs/Econ-Rag/Local_LLM/test_meeting/Stormcast-Distilation/exp_3_train_2_5_yrs_val_1yr_tp1/zarr_exp3_L_24_H_24_train_2_5_years_full
[2026-06-12 06:53:40] [run_main]   LEGACY_REG   = /home3/davidlcs/Econ-Rag/Local_LLM/test_meeting/Stormcast-Distilation/exp_3_train_2_5_yrs_val_1yr_tp1/exp_3_reg_L_24_H_4_train_2_5_years/0/checkpoints_regression/StormCastUNet.0.7500.mdlus
[2026-06-12 06:53:40] [run_main]   LEGACY_EDM   = /home3/davidlcs/Econ-Rag/Local_LLM/test_meeting/Stormcast-Distilation/exp_3_train_2_5_yrs_val_1yr_tp1/exp_3_dif_L_24_H_4_train_2_5_years/0/checkpoints_diffusion/EDMPrecond.0.70000.mdlus
[2026-06-12 06:53:40] [run_main]   CLEANED_DATA = /home3/davidlcs/Econ-Rag/Local_LLM/test_meeting/Stormcast-Distilation/exp_3_train_2_5_yrs_val_1yr_tp1/zarr_exp3_L_24_H_24_train_2_5_years_full_cleaned_4_27_2026
[2026-06-12 06:53:40] [run_main]   CLEANED_REG  = /home3/davidlcs/Econ-Rag/Local_LLM/test_meeting/Stormcast-Distilation/runs/regression_zettabyte_v1_cleaned_4_27_2026/regression_zettabyte_cleaned_4_27_2026/run_0/checkpoints_regression/StormCastUNet.0.8000.mdlus
[2026-06-12 06:53:40] [run_main]   CLEANED_EDM  = /home3/davidlcs/Econ-Rag/Local_LLM/test_meeting/Stormcast-Distilation/runs/diffusion_zettabyte_v1_cleaned_4_27_2026/diffusion_zettabyte_cleaned_4_27_2026/run_0/checkpoints_diffusion/EDMPrecond.0.31000.mdlus
[2026-06-12 06:53:40] [run_main]   CLEANED_FLOW = /home3/davidlcs/Econ-Rag/Local_LLM/test_meeting/Stormcast-Distilation/runs/flowcast_zettabyte_v1_cleaned_4_27_2026/flowcast_zettabyte_cleaned_4_27_2026/run_0/checkpoints_flowcast/FlowCastPrecond.0.20000.mdlus
[2026-06-12 06:53:40] [run_main]   CLEANED_MEAN = /home3/davidlcs/Econ-Rag/Local_LLM/test_meeting/Stormcast-Distilation/runs/meanflow_zettabyte_v1_cleaned_4_27_2026/meanflow_zettabyte_cleaned_4_27_2026/run_0/checkpoints_meanflow/MeanFlowPrecond.0.20000.mdlus

================================================================
[2026-06-12 06:53:40] Pre-flight checks
================================================================
[2026-06-12 06:53:40] [run_main]   OK     LEGACY_DATA=/home3/davidlcs/Econ-Rag/Local_LLM/test_meeting/Stormcast-Distilation/exp_3_train_2_5_yrs_val_1yr_tp1/zarr_exp3_L_24_H_24_train_2_5_years_full
[2026-06-12 06:53:40] [run_main]   OK     LEGACY_REG=/home3/davidlcs/Econ-Rag/Local_LLM/test_meeting/Stormcast-Distilation/exp_3_train_2_5_yrs_val_1yr_tp1/exp_3_reg_L_24_H_4_train_2_5_years/0/checkpoints_regression/StormCastUNet.0.7500.mdlus
[2026-06-12 06:53:40] [run_main]   OK     LEGACY_EDM=/home3/davidlcs/Econ-Rag/Local_LLM/test_meeting/Stormcast-Distilation/exp_3_train_2_5_yrs_val_1yr_tp1/exp_3_dif_L_24_H_4_train_2_5_years/0/checkpoints_diffusion/EDMPrecond.0.70000.mdlus
[2026-06-12 06:53:40] [run_main]   OK     CLEANED_DATA=/home3/davidlcs/Econ-Rag/Local_LLM/test_meeting/Stormcast-Distilation/exp_3_train_2_5_yrs_val_1yr_tp1/zarr_exp3_L_24_H_24_train_2_5_years_full_cleaned_4_27_2026
[2026-06-12 06:53:40] [run_main]   OK     CLEANED_REG=/home3/davidlcs/Econ-Rag/Local_LLM/test_meeting/Stormcast-Distilation/runs/regression_zettabyte_v1_cleaned_4_27_2026/regression_zettabyte_cleaned_4_27_2026/run_0/checkpoints_regression/StormCastUNet.0.8000.mdlus
[2026-06-12 06:53:40] [run_main]   OK     CLEANED_EDM=/home3/davidlcs/Econ-Rag/Local_LLM/test_meeting/Stormcast-Distilation/runs/diffusion_zettabyte_v1_cleaned_4_27_2026/diffusion_zettabyte_cleaned_4_27_2026/run_0/checkpoints_diffusion/EDMPrecond.0.31000.mdlus
[2026-06-12 06:53:40] [run_main]   OK     CLEANED_FLOW=/home3/davidlcs/Econ-Rag/Local_LLM/test_meeting/Stormcast-Distilation/runs/flowcast_zettabyte_v1_cleaned_4_27_2026/flowcast_zettabyte_cleaned_4_27_2026/run_0/checkpoints_flowcast/FlowCastPrecond.0.20000.mdlus
[2026-06-12 06:53:40] [run_main]   OK     CLEANED_MEANFLOW=/home3/davidlcs/Econ-Rag/Local_LLM/test_meeting/Stormcast-Distilation/runs/meanflow_zettabyte_v1_cleaned_4_27_2026/meanflow_zettabyte_cleaned_4_27_2026/run_0/checkpoints_meanflow/MeanFlowPrecond.0.20000.mdlus
[2026-06-12 06:53:40] [run_main] pre-flight OK

================================================================
[2026-06-12 06:53:40] Leg A — legacy old-stormcast on old 224x128 dataset
================================================================
[2026-06-12 06:53:40] [run_main] regression : /home3/davidlcs/Econ-Rag/Local_LLM/test_meeting/Stormcast-Distilation/exp_3_train_2_5_yrs_val_1yr_tp1/exp_3_reg_L_24_H_4_train_2_5_years/0/checkpoints_regression/StormCastUNet.0.7500.mdlus
[2026-06-12 06:53:40] [run_main] diffusion  : /home3/davidlcs/Econ-Rag/Local_LLM/test_meeting/Stormcast-Distilation/exp_3_train_2_5_yrs_val_1yr_tp1/exp_3_dif_L_24_H_4_train_2_5_years/0/checkpoints_diffusion/EDMPrecond.0.70000.mdlus
[2026-06-12 06:53:40] [run_main] dataset    : /home3/davidlcs/Econ-Rag/Local_LLM/test_meeting/Stormcast-Distilation/exp_3_train_2_5_yrs_val_1yr_tp1/zarr_exp3_L_24_H_24_train_2_5_years_full
[2026-06-12 06:53:40] [run_main] log -> /home3/davidlcs/Econ-Rag/Local_LLM/test_meeting/Stormcast-Distilation/experiment_scripts/results/main_experiment/legacy.log
/home3/davidlcs/Econ-Rag/Local_LLM/test_meeting/Stormcast-Distilation/physicsnemo/distributed/manager.py:415: UserWarning: Could not initialize using ENV, SLURM or OPENMPI methods. Assuming this is a single process job
  warn(
[device] cuda:0
[data] /home3/davidlcs/Econ-Rag/Local_LLM/test_meeting/Stormcast-Distilation/exp_3_train_2_5_yrs_val_1yr_tp1/zarr_exp3_L_24_H_24_train_2_5_years_full valid=['2022/01/01', '2022/12/31'] hr=[224, 128]
Zarr store /home3/davidlcs/Econ-Rag/Local_LLM/test_meeting/Stormcast-Distilation/exp_3_train_2_5_yrs_val_1yr_tp1/zarr_exp3_L_24_H_24_train_2_5_years_full/LowRes/stormcast_test_valid.zarr lacks 'valid' variable; assuming all timestamps are valid
/home3/davidlcs/Econ-Rag/Local_LLM/test_meeting/Stormcast-Distilation/stormcast/datasets/data_loader_rwrf_era5_stable.py:254: FutureWarning: The return type of `Dataset.dims` will be changed to return a set of dimension names in future, in order to be more consistent with `DataArray.dims`. To access a mapping from dimension names to lengths, please use `Dataset.sizes`.
  return np.ones(ds.dims["time"], dtype=bool)
Zarr store /home3/davidlcs/Econ-Rag/Local_LLM/test_meeting/Stormcast-Distilation/exp_3_train_2_5_yrs_val_1yr_tp1/zarr_exp3_L_24_H_24_train_2_5_years_full/HighRes/stormcast_test_valid.zarr lacks 'valid' variable; assuming all timestamps are valid
[data] usable pairs=8759 channels=['t2m', 'u10', 'v10', 'qpepre']
[seqs] 10 sequences x 12 steps (first=0, last=8746)
[load] regression /home3/davidlcs/Econ-Rag/Local_LLM/test_meeting/Stormcast-Distilation/exp_3_train_2_5_yrs_val_1yr_tp1/exp_3_reg_L_24_H_4_train_2_5_years/0/checkpoints_regression/StormCastUNet.0.7500.mdlus
[load] diffusion /home3/davidlcs/Econ-Rag/Local_LLM/test_meeting/Stormcast-Distilation/exp_3_train_2_5_yrs_val_1yr_tp1/exp_3_dif_L_24_H_4_train_2_5_years/0/checkpoints_diffusion/EDMPrecond.0.70000.mdlus
[run] diffusion ensemble (K=6, NFE/step≈36)
[run] diffusion ensemble starting: K=6 x S=10 x T=12 = 60 sequence-rollouts
[run] diffusion  k=1/6 seq=1/10 (1/60)  t0=0      rollout= 54.2s  avg=54.2s/seq  elapsed=  0.9m  eta= 53.3m
[run] diffusion  k=1/6 seq=2/10 (2/60)  t0=971    rollout= 39.9s  avg=47.1s/seq  elapsed=  1.6m  eta= 45.5m
[run] diffusion  k=1/6 seq=3/10 (3/60)  t0=1943   rollout= 68.4s  avg=54.2s/seq  elapsed=  2.7m  eta= 51.5m
[run] diffusion  k=1/6 seq=4/10 (4/60)  t0=2915   rollout= 40.7s  avg=50.8s/seq  elapsed=  3.4m  eta= 47.4m
[run] diffusion  k=1/6 seq=5/10 (5/60)  t0=3887   rollout= 56.4s  avg=51.9s/seq  elapsed=  4.3m  eta= 47.6m
[run] diffusion  k=1/6 seq=6/10 (6/60)  t0=4858   rollout= 42.4s  avg=50.3s/seq  elapsed=  5.0m  eta= 45.3m
[run] diffusion  k=1/6 seq=7/10 (7/60)  t0=5830   rollout= 42.9s  avg=49.3s/seq  elapsed=  5.7m  eta= 43.5m
[run] diffusion  k=1/6 seq=8/10 (8/60)  t0=6802   rollout= 40.7s  avg=48.2s/seq  elapsed=  6.4m  eta= 41.8m
[run] diffusion  k=1/6 seq=9/10 (9/60)  t0=7774   rollout= 40.4s  avg=47.3s/seq  elapsed=  7.1m  eta= 40.2m
[run] diffusion  k=1/6 seq=10/10 (10/60)  t0=8746   rollout= 40.8s  avg=46.7s/seq  elapsed=  7.8m  eta= 38.9m
[run] diffusion  k=2/6 seq=1/10 (11/60)  t0=0      rollout= 40.5s  avg=46.1s/seq  elapsed=  8.5m  eta= 37.7m
[run] diffusion  k=2/6 seq=2/10 (12/60)  t0=971    rollout= 40.3s  avg=45.7s/seq  elapsed=  9.1m  eta= 36.5m
[run] diffusion  k=2/6 seq=3/10 (13/60)  t0=1943   rollout= 42.7s  avg=45.4s/seq  elapsed=  9.8m  eta= 35.6m
[run] diffusion  k=2/6 seq=4/10 (14/60)  t0=2915   rollout= 42.9s  avg=45.2s/seq  elapsed= 10.6m  eta= 34.7m
[run] diffusion  k=2/6 seq=5/10 (15/60)  t0=3887   rollout= 42.4s  avg=45.1s/seq  elapsed= 11.3m  eta= 33.8m
[run] diffusion  k=2/6 seq=6/10 (16/60)  t0=4858   rollout= 41.4s  avg=44.8s/seq  elapsed= 12.0m  eta= 32.9m
[run] diffusion  k=2/6 seq=7/10 (17/60)  t0=5830   rollout= 42.8s  avg=44.7s/seq  elapsed= 12.7m  eta= 32.0m
[run] diffusion  k=2/6 seq=8/10 (18/60)  t0=6802   rollout= 40.8s  avg=44.5s/seq  elapsed= 13.3m  eta= 31.1m
[run] diffusion  k=2/6 seq=9/10 (19/60)  t0=7774   rollout= 41.2s  avg=44.3s/seq  elapsed= 14.0m  eta= 30.3m
[run] diffusion  k=2/6 seq=10/10 (20/60)  t0=8746   rollout= 43.4s  avg=44.3s/seq  elapsed= 14.8m  eta= 29.5m
[run] diffusion  k=3/6 seq=1/10 (21/60)  t0=0      rollout= 41.0s  avg=44.1s/seq  elapsed= 15.4m  eta= 28.7m
[run] diffusion  k=3/6 seq=2/10 (22/60)  t0=971    rollout= 42.2s  avg=44.0s/seq  elapsed= 16.1m  eta= 27.9m
[run] diffusion  k=3/6 seq=3/10 (23/60)  t0=1943   rollout= 42.7s  avg=44.0s/seq  elapsed= 16.9m  eta= 27.1m
[run] diffusion  k=3/6 seq=4/10 (24/60)  t0=2915   rollout= 42.9s  avg=43.9s/seq  elapsed= 17.6m  eta= 26.4m
[run] diffusion  k=3/6 seq=5/10 (25/60)  t0=3887   rollout= 40.5s  avg=43.8s/seq  elapsed= 18.2m  eta= 25.5m
[run] diffusion  k=3/6 seq=6/10 (26/60)  t0=4858   rollout= 40.5s  avg=43.7s/seq  elapsed= 18.9m  eta= 24.7m
[run] diffusion  k=3/6 seq=7/10 (27/60)  t0=5830   rollout= 41.2s  avg=43.6s/seq  elapsed= 19.6m  eta= 24.0m
[run] diffusion  k=3/6 seq=8/10 (28/60)  t0=6802   rollout= 40.3s  avg=43.5s/seq  elapsed= 20.3m  eta= 23.2m
[run] diffusion  k=3/6 seq=9/10 (29/60)  t0=7774   rollout= 41.6s  avg=43.4s/seq  elapsed= 21.0m  eta= 22.4m
[run] diffusion  k=3/6 seq=10/10 (30/60)  t0=8746   rollout= 41.0s  avg=43.3s/seq  elapsed= 21.7m  eta= 21.7m
[run] diffusion  k=4/6 seq=1/10 (31/60)  t0=0      rollout= 40.6s  avg=43.2s/seq  elapsed= 22.3m  eta= 20.9m
[run] diffusion  k=4/6 seq=2/10 (32/60)  t0=971    rollout= 40.3s  avg=43.1s/seq  elapsed= 23.0m  eta= 20.1m
[run] diffusion  k=4/6 seq=3/10 (33/60)  t0=1943   rollout= 41.9s  avg=43.1s/seq  elapsed= 23.7m  eta= 19.4m
[run] diffusion  k=4/6 seq=4/10 (34/60)  t0=2915   rollout= 42.5s  avg=43.1s/seq  elapsed= 24.4m  eta= 18.7m
[run] diffusion  k=4/6 seq=5/10 (35/60)  t0=3887   rollout= 41.7s  avg=43.0s/seq  elapsed= 25.1m  eta= 17.9m
[run] diffusion  k=4/6 seq=6/10 (36/60)  t0=4858   rollout= 57.8s  avg=43.4s/seq  elapsed= 26.1m  eta= 17.4m
[run] diffusion  k=4/6 seq=7/10 (37/60)  t0=5830   rollout= 83.4s  avg=44.5s/seq  elapsed= 27.5m  eta= 17.1m
[run] diffusion  k=4/6 seq=8/10 (38/60)  t0=6802   rollout= 62.5s  avg=45.0s/seq  elapsed= 28.5m  eta= 16.5m
[run] diffusion  k=4/6 seq=9/10 (39/60)  t0=7774   rollout= 66.0s  avg=45.5s/seq  elapsed= 29.6m  eta= 15.9m
[run] diffusion  k=4/6 seq=10/10 (40/60)  t0=8746   rollout= 39.9s  avg=45.4s/seq  elapsed= 30.3m  eta= 15.1m
[run] diffusion  k=5/6 seq=1/10 (41/60)  t0=0      rollout= 43.2s  avg=45.3s/seq  elapsed= 31.0m  eta= 14.4m
[run] diffusion  k=5/6 seq=2/10 (42/60)  t0=971    rollout= 41.1s  avg=45.2s/seq  elapsed= 31.7m  eta= 13.6m
[run] diffusion  k=5/6 seq=3/10 (43/60)  t0=1943   rollout=131.5s  avg=47.2s/seq  elapsed= 33.9m  eta= 13.4m
[run] diffusion  k=5/6 seq=4/10 (44/60)  t0=2915   rollout=117.9s  avg=48.9s/seq  elapsed= 35.8m  eta= 13.0m
[run] diffusion  k=5/6 seq=5/10 (45/60)  t0=3887   rollout=124.3s  avg=50.5s/seq  elapsed= 37.9m  eta= 12.6m
[run] diffusion  k=5/6 seq=6/10 (46/60)  t0=4858   rollout= 39.3s  avg=50.3s/seq  elapsed= 38.6m  eta= 11.7m
[run] diffusion  k=5/6 seq=7/10 (47/60)  t0=5830   rollout= 38.7s  avg=50.0s/seq  elapsed= 39.2m  eta= 10.8m
[run] diffusion  k=5/6 seq=8/10 (48/60)  t0=6802   rollout= 38.5s  avg=49.8s/seq  elapsed= 39.8m  eta= 10.0m
[run] diffusion  k=5/6 seq=9/10 (49/60)  t0=7774   rollout= 38.6s  avg=49.6s/seq  elapsed= 40.5m  eta=  9.1m
[run] diffusion  k=5/6 seq=10/10 (50/60)  t0=8746   rollout= 37.9s  avg=49.3s/seq  elapsed= 41.1m  eta=  8.2m
[run] diffusion  k=6/6 seq=1/10 (51/60)  t0=0      rollout= 41.6s  avg=49.2s/seq  elapsed= 41.8m  eta=  7.4m
[run] diffusion  k=6/6 seq=2/10 (52/60)  t0=971    rollout= 41.0s  avg=49.0s/seq  elapsed= 42.5m  eta=  6.5m
[run] diffusion  k=6/6 seq=3/10 (53/60)  t0=1943   rollout= 39.6s  avg=48.9s/seq  elapsed= 43.2m  eta=  5.7m
[run] diffusion  k=6/6 seq=4/10 (54/60)  t0=2915   rollout= 38.6s  avg=48.7s/seq  elapsed= 43.8m  eta=  4.9m
[run] diffusion  k=6/6 seq=5/10 (55/60)  t0=3887   rollout= 39.1s  avg=48.5s/seq  elapsed= 44.4m  eta=  4.0m
[run] diffusion  k=6/6 seq=6/10 (56/60)  t0=4858   rollout= 38.9s  avg=48.3s/seq  elapsed= 45.1m  eta=  3.2m
[run] diffusion  k=6/6 seq=7/10 (57/60)  t0=5830   rollout= 38.8s  avg=48.1s/seq  elapsed= 45.7m  eta=  2.4m
[run] diffusion  k=6/6 seq=8/10 (58/60)  t0=6802   rollout= 38.4s  avg=48.0s/seq  elapsed= 46.4m  eta=  1.6m
[run] diffusion  k=6/6 seq=9/10 (59/60)  t0=7774   rollout= 39.4s  avg=47.8s/seq  elapsed= 47.0m  eta=  0.8m
[run] diffusion  k=6/6 seq=10/10 (60/60)  t0=8746   rollout= 38.9s  avg=47.7s/seq  elapsed= 47.7m  eta=  0.0m
[run] diffusion ensemble finished in 47.7m
[skip] flowcast leg disabled via --skip-flowcast
[skip] meanflow leg disabled (pass --meanflow-checkpoint to enable)
[score] aggregating...
| method | Time/Seq.(s) | CRPS↓ | CSI-M↑ | CSI-P16↑ | FSS-P16-M↑ | HSS-M↑ | FAR-M↓ | RMSE_t2m↓ | RMSE_u10↓ | RMSE_v10↓ | RMSE_qpepre↓ |
|---|---|---|---|---|---|---|---|---|---|---|---|
| diffusion | 46.675 | 0.8739 | 0.0612 | 0.0033 | 0.0069 | 0.0676 | 0.7210 | 1.5729 | 1.9724 | 2.0490 | 1.1784 |
[done] /home3/davidlcs/Econ-Rag/Local_LLM/test_meeting/Stormcast-Distilation/experiment_scripts/results/main_experiment/legacy
[2026-06-12 07:42:04] [run_main] leg A done in 2904s
[2026-06-12 07:42:04] [run_main] [legacy] outputs: 151 files (59M) under /home3/davidlcs/Econ-Rag/Local_LLM/test_meeting/Stormcast-Distilation/experiment_scripts/results/main_experiment/legacy
[2026-06-12 07:42:04] [run_main] [legacy] scoreboard.md:
[run_main]     | | method | Time/Seq.(s) | CRPS↓ | CSI-M↑ | CSI-P16↑ | FSS-P16-M↑ | HSS-M↑ | FAR-M↓ | RMSE_t2m↓ | RMSE_u10↓ | RMSE_v10↓ | RMSE_qpepre↓ |
[run_main]     | |---|---|---|---|---|---|---|---|---|---|---|---|
[run_main]     | | diffusion | 46.675 | 0.8739 | 0.0612 | 0.0033 | 0.0069 | 0.0676 | 0.7210 | 1.5729 | 1.9724 | 2.0490 | 1.1784 |
[2026-06-12 07:42:04] [run_main] [legacy] panels rendered: 144 PNGs

================================================================
[2026-06-12 07:42:04] Leg B — cleaned EDM + FlowCast + MeanFlow (all @ ~2M samples)
================================================================
[2026-06-12 07:42:04] [run_main] regression : /home3/davidlcs/Econ-Rag/Local_LLM/test_meeting/Stormcast-Distilation/runs/regression_zettabyte_v1_cleaned_4_27_2026/regression_zettabyte_cleaned_4_27_2026/run_0/checkpoints_regression/StormCastUNet.0.8000.mdlus
[2026-06-12 07:42:04] [run_main] diffusion  : /home3/davidlcs/Econ-Rag/Local_LLM/test_meeting/Stormcast-Distilation/runs/diffusion_zettabyte_v1_cleaned_4_27_2026/diffusion_zettabyte_cleaned_4_27_2026/run_0/checkpoints_diffusion/EDMPrecond.0.31000.mdlus
[2026-06-12 07:42:04] [run_main] flowcast   : /home3/davidlcs/Econ-Rag/Local_LLM/test_meeting/Stormcast-Distilation/runs/flowcast_zettabyte_v1_cleaned_4_27_2026/flowcast_zettabyte_cleaned_4_27_2026/run_0/checkpoints_flowcast/FlowCastPrecond.0.20000.mdlus
[2026-06-12 07:42:04] [run_main] meanflow   : /home3/davidlcs/Econ-Rag/Local_LLM/test_meeting/Stormcast-Distilation/runs/meanflow_zettabyte_v1_cleaned_4_27_2026/meanflow_zettabyte_cleaned_4_27_2026/run_0/checkpoints_meanflow/MeanFlowPrecond.0.20000.mdlus (NFE 1 2)
[2026-06-12 07:42:04] [run_main] dataset    : /home3/davidlcs/Econ-Rag/Local_LLM/test_meeting/Stormcast-Distilation/exp_3_train_2_5_yrs_val_1yr_tp1/zarr_exp3_L_24_H_24_train_2_5_years_full_cleaned_4_27_2026
[2026-06-12 07:42:04] [run_main] log -> /home3/davidlcs/Econ-Rag/Local_LLM/test_meeting/Stormcast-Distilation/experiment_scripts/results/main_experiment/cleaned_2M.log
/home3/davidlcs/Econ-Rag/Local_LLM/test_meeting/Stormcast-Distilation/physicsnemo/distributed/manager.py:415: UserWarning: Could not initialize using ENV, SLURM or OPENMPI methods. Assuming this is a single process job
  warn(
[device] cuda:0
[data] /home3/davidlcs/Econ-Rag/Local_LLM/test_meeting/Stormcast-Distilation/exp_3_train_2_5_yrs_val_1yr_tp1/zarr_exp3_L_24_H_24_train_2_5_years_full_cleaned_4_27_2026 valid=['2022/01/01', '2022/12/31'] hr=[192, 96]
[data] usable pairs=8759 channels=['u10', 'v10', 't2m', 'qpepre']
[seqs] 10 sequences x 12 steps (first=0, last=8746)
[load] regression /home3/davidlcs/Econ-Rag/Local_LLM/test_meeting/Stormcast-Distilation/runs/regression_zettabyte_v1_cleaned_4_27_2026/regression_zettabyte_cleaned_4_27_2026/run_0/checkpoints_regression/StormCastUNet.0.8000.mdlus
[load] diffusion /home3/davidlcs/Econ-Rag/Local_LLM/test_meeting/Stormcast-Distilation/runs/diffusion_zettabyte_v1_cleaned_4_27_2026/diffusion_zettabyte_cleaned_4_27_2026/run_0/checkpoints_diffusion/EDMPrecond.0.31000.mdlus
[run] diffusion ensemble (K=6, NFE/step≈36)
[run] diffusion ensemble starting: K=6 x S=10 x T=12 = 60 sequence-rollouts
[run] diffusion  k=1/6 seq=1/10 (1/60)  t0=0      rollout= 22.5s  avg=22.5s/seq  elapsed=  0.4m  eta= 22.1m
[run] diffusion  k=1/6 seq=2/10 (2/60)  t0=971    rollout= 20.6s  avg=21.6s/seq  elapsed=  0.7m  eta= 20.8m
[run] diffusion  k=1/6 seq=3/10 (3/60)  t0=1943   rollout= 20.3s  avg=21.1s/seq  elapsed=  1.1m  eta= 20.1m
[run] diffusion  k=1/6 seq=4/10 (4/60)  t0=2915   rollout= 20.2s  avg=20.9s/seq  elapsed=  1.4m  eta= 19.5m
[run] diffusion  k=1/6 seq=5/10 (5/60)  t0=3887   rollout= 20.6s  avg=20.8s/seq  elapsed=  1.7m  eta= 19.1m
[run] diffusion  k=1/6 seq=6/10 (6/60)  t0=4858   rollout= 21.7s  avg=21.0s/seq  elapsed=  2.1m  eta= 18.9m
[run] diffusion  k=1/6 seq=7/10 (7/60)  t0=5830   rollout= 20.0s  avg=20.9s/seq  elapsed=  2.4m  eta= 18.4m
[run] diffusion  k=1/6 seq=8/10 (8/60)  t0=6802   rollout= 20.2s  avg=20.8s/seq  elapsed=  2.8m  eta= 18.0m
[run] diffusion  k=1/6 seq=9/10 (9/60)  t0=7774   rollout= 20.5s  avg=20.7s/seq  elapsed=  3.1m  eta= 17.6m
[run] diffusion  k=1/6 seq=10/10 (10/60)  t0=8746   rollout= 20.1s  avg=20.7s/seq  elapsed=  3.4m  eta= 17.2m
[run] diffusion  k=2/6 seq=1/10 (11/60)  t0=0      rollout= 20.5s  avg=20.7s/seq  elapsed=  3.8m  eta= 16.9m
[run] diffusion  k=2/6 seq=2/10 (12/60)  t0=971    rollout= 19.9s  avg=20.6s/seq  elapsed=  4.1m  eta= 16.5m
[run] diffusion  k=2/6 seq=3/10 (13/60)  t0=1943   rollout= 20.0s  avg=20.6s/seq  elapsed=  4.5m  eta= 16.1m
[run] diffusion  k=2/6 seq=4/10 (14/60)  t0=2915   rollout= 20.1s  avg=20.5s/seq  elapsed=  4.8m  eta= 15.7m
[run] diffusion  k=2/6 seq=5/10 (15/60)  t0=3887   rollout= 20.1s  avg=20.5s/seq  elapsed=  5.1m  eta= 15.4m
[run] diffusion  k=2/6 seq=6/10 (16/60)  t0=4858   rollout= 19.8s  avg=20.5s/seq  elapsed=  5.5m  eta= 15.0m
[run] diffusion  k=2/6 seq=7/10 (17/60)  t0=5830   rollout= 19.8s  avg=20.4s/seq  elapsed=  5.8m  eta= 14.6m
[run] diffusion  k=2/6 seq=8/10 (18/60)  t0=6802   rollout= 19.4s  avg=20.4s/seq  elapsed=  6.1m  eta= 14.2m
[run] diffusion  k=2/6 seq=9/10 (19/60)  t0=7774   rollout= 20.4s  avg=20.4s/seq  elapsed=  6.4m  eta= 13.9m
[run] diffusion  k=2/6 seq=10/10 (20/60)  t0=8746   rollout= 19.9s  avg=20.3s/seq  elapsed=  6.8m  eta= 13.6m
[run] diffusion  k=3/6 seq=1/10 (21/60)  t0=0      rollout= 19.9s  avg=20.3s/seq  elapsed=  7.1m  eta= 13.2m
[run] diffusion  k=3/6 seq=2/10 (22/60)  t0=971    rollout= 20.0s  avg=20.3s/seq  elapsed=  7.4m  eta= 12.9m
[run] diffusion  k=3/6 seq=3/10 (23/60)  t0=1943   rollout= 19.9s  avg=20.3s/seq  elapsed=  7.8m  eta= 12.5m
[run] diffusion  k=3/6 seq=4/10 (24/60)  t0=2915   rollout= 22.1s  avg=20.4s/seq  elapsed=  8.1m  eta= 12.2m
[run] diffusion  k=3/6 seq=5/10 (25/60)  t0=3887   rollout= 23.4s  avg=20.5s/seq  elapsed=  8.5m  eta= 11.9m
[run] diffusion  k=3/6 seq=6/10 (26/60)  t0=4858   rollout= 21.6s  avg=20.5s/seq  elapsed=  8.9m  eta= 11.6m
[run] diffusion  k=3/6 seq=7/10 (27/60)  t0=5830   rollout= 20.0s  avg=20.5s/seq  elapsed=  9.2m  eta= 11.3m
[run] diffusion  k=3/6 seq=8/10 (28/60)  t0=6802   rollout= 19.9s  avg=20.5s/seq  elapsed=  9.6m  eta= 10.9m
[run] diffusion  k=3/6 seq=9/10 (29/60)  t0=7774   rollout= 20.0s  avg=20.5s/seq  elapsed=  9.9m  eta= 10.6m
[run] diffusion  k=3/6 seq=10/10 (30/60)  t0=8746   rollout= 20.0s  avg=20.5s/seq  elapsed= 10.2m  eta= 10.2m
[run] diffusion  k=4/6 seq=1/10 (31/60)  t0=0      rollout= 19.9s  avg=20.4s/seq  elapsed= 10.6m  eta=  9.9m
[run] diffusion  k=4/6 seq=2/10 (32/60)  t0=971    rollout= 20.2s  avg=20.4s/seq  elapsed= 10.9m  eta=  9.5m
[run] diffusion  k=4/6 seq=3/10 (33/60)  t0=1943   rollout= 19.9s  avg=20.4s/seq  elapsed= 11.2m  eta=  9.2m
[run] diffusion  k=4/6 seq=4/10 (34/60)  t0=2915   rollout= 20.0s  avg=20.4s/seq  elapsed= 11.6m  eta=  8.8m
[run] diffusion  k=4/6 seq=5/10 (35/60)  t0=3887   rollout= 20.0s  avg=20.4s/seq  elapsed= 11.9m  eta=  8.5m
[run] diffusion  k=4/6 seq=6/10 (36/60)  t0=4858   rollout= 20.0s  avg=20.4s/seq  elapsed= 12.2m  eta=  8.2m
[run] diffusion  k=4/6 seq=7/10 (37/60)  t0=5830   rollout= 20.4s  avg=20.4s/seq  elapsed= 12.6m  eta=  7.8m
[run] diffusion  k=4/6 seq=8/10 (38/60)  t0=6802   rollout= 20.2s  avg=20.4s/seq  elapsed= 12.9m  eta=  7.5m
[run] diffusion  k=4/6 seq=9/10 (39/60)  t0=7774   rollout= 20.2s  avg=20.4s/seq  elapsed= 13.2m  eta=  7.1m
[run] diffusion  k=4/6 seq=10/10 (40/60)  t0=8746   rollout= 19.9s  avg=20.4s/seq  elapsed= 13.6m  eta=  6.8m
[run] diffusion  k=5/6 seq=1/10 (41/60)  t0=0      rollout= 19.9s  avg=20.3s/seq  elapsed= 13.9m  eta=  6.4m
[run] diffusion  k=5/6 seq=2/10 (42/60)  t0=971    rollout= 20.0s  avg=20.3s/seq  elapsed= 14.2m  eta=  6.1m
[run] diffusion  k=5/6 seq=3/10 (43/60)  t0=1943   rollout= 20.0s  avg=20.3s/seq  elapsed= 14.6m  eta=  5.8m
[run] diffusion  k=5/6 seq=4/10 (44/60)  t0=2915   rollout= 19.7s  avg=20.3s/seq  elapsed= 14.9m  eta=  5.4m
[run] diffusion  k=5/6 seq=5/10 (45/60)  t0=3887   rollout= 20.0s  avg=20.3s/seq  elapsed= 15.2m  eta=  5.1m
[run] diffusion  k=5/6 seq=6/10 (46/60)  t0=4858   rollout= 19.9s  avg=20.3s/seq  elapsed= 15.6m  eta=  4.7m
[run] diffusion  k=5/6 seq=7/10 (47/60)  t0=5830   rollout= 20.0s  avg=20.3s/seq  elapsed= 15.9m  eta=  4.4m
[run] diffusion  k=5/6 seq=8/10 (48/60)  t0=6802   rollout= 20.3s  avg=20.3s/seq  elapsed= 16.2m  eta=  4.1m
[run] diffusion  k=5/6 seq=9/10 (49/60)  t0=7774   rollout= 20.1s  avg=20.3s/seq  elapsed= 16.6m  eta=  3.7m
[run] diffusion  k=5/6 seq=10/10 (50/60)  t0=8746   rollout= 19.9s  avg=20.3s/seq  elapsed= 16.9m  eta=  3.4m
[run] diffusion  k=6/6 seq=1/10 (51/60)  t0=0      rollout= 20.2s  avg=20.3s/seq  elapsed= 17.2m  eta=  3.0m
[run] diffusion  k=6/6 seq=2/10 (52/60)  t0=971    rollout= 20.1s  avg=20.3s/seq  elapsed= 17.6m  eta=  2.7m
[run] diffusion  k=6/6 seq=3/10 (53/60)  t0=1943   rollout= 21.7s  avg=20.3s/seq  elapsed= 17.9m  eta=  2.4m
[run] diffusion  k=6/6 seq=4/10 (54/60)  t0=2915   rollout= 22.7s  avg=20.4s/seq  elapsed= 18.3m  eta=  2.0m
[run] diffusion  k=6/6 seq=5/10 (55/60)  t0=3887   rollout= 23.9s  avg=20.4s/seq  elapsed= 18.7m  eta=  1.7m
[run] diffusion  k=6/6 seq=6/10 (56/60)  t0=4858   rollout= 23.1s  avg=20.5s/seq  elapsed= 19.1m  eta=  1.4m
[run] diffusion  k=6/6 seq=7/10 (57/60)  t0=5830   rollout= 19.9s  avg=20.5s/seq  elapsed= 19.4m  eta=  1.0m
[run] diffusion  k=6/6 seq=8/10 (58/60)  t0=6802   rollout= 21.3s  avg=20.5s/seq  elapsed= 19.8m  eta=  0.7m
[run] diffusion  k=6/6 seq=9/10 (59/60)  t0=7774   rollout= 23.6s  avg=20.5s/seq  elapsed= 20.2m  eta=  0.3m
[run] diffusion  k=6/6 seq=10/10 (60/60)  t0=8746   rollout= 20.1s  avg=20.5s/seq  elapsed= 20.5m  eta=  0.0m
[run] diffusion ensemble finished in 20.5m
[load] flowcast /home3/davidlcs/Econ-Rag/Local_LLM/test_meeting/Stormcast-Distilation/runs/flowcast_zettabyte_v1_cleaned_4_27_2026/flowcast_zettabyte_cleaned_4_27_2026/run_0/checkpoints_flowcast/FlowCastPrecond.0.20000.mdlus
[run] flowcast_nfe10 ensemble (K=6, NFE=10)
[run] flowcast ensemble starting: K=6 x S=10 x T=12 = 60 sequence-rollouts
[run] flowcast  k=1/6 seq=1/10 (1/60)  t0=0      rollout=  7.4s  avg= 7.5s/seq  elapsed=  0.1m  eta=  7.4m
[run] flowcast  k=1/6 seq=2/10 (2/60)  t0=971    rollout=  6.8s  avg= 7.2s/seq  elapsed=  0.2m  eta=  6.9m
[run] flowcast  k=1/6 seq=3/10 (3/60)  t0=1943   rollout=  6.2s  avg= 6.8s/seq  elapsed=  0.3m  eta=  6.5m
[run] flowcast  k=1/6 seq=4/10 (4/60)  t0=2915   rollout=  6.4s  avg= 6.7s/seq  elapsed=  0.4m  eta=  6.3m
[run] flowcast  k=1/6 seq=5/10 (5/60)  t0=3887   rollout=  7.4s  avg= 6.9s/seq  elapsed=  0.6m  eta=  6.3m
[run] flowcast  k=1/6 seq=6/10 (6/60)  t0=4858   rollout=  7.2s  avg= 6.9s/seq  elapsed=  0.7m  eta=  6.2m
[run] flowcast  k=1/6 seq=7/10 (7/60)  t0=5830   rollout=  6.2s  avg= 6.8s/seq  elapsed=  0.8m  eta=  6.0m
[run] flowcast  k=1/6 seq=8/10 (8/60)  t0=6802   rollout=  6.2s  avg= 6.7s/seq  elapsed=  0.9m  eta=  5.8m
[run] flowcast  k=1/6 seq=9/10 (9/60)  t0=7774   rollout=  6.2s  avg= 6.7s/seq  elapsed=  1.0m  eta=  5.7m
[run] flowcast  k=1/6 seq=10/10 (10/60)  t0=8746   rollout=  6.1s  avg= 6.6s/seq  elapsed=  1.1m  eta=  5.5m
[run] flowcast  k=2/6 seq=1/10 (11/60)  t0=0      rollout=  6.1s  avg= 6.6s/seq  elapsed=  1.2m  eta=  5.4m
[run] flowcast  k=2/6 seq=2/10 (12/60)  t0=971    rollout=  6.1s  avg= 6.5s/seq  elapsed=  1.3m  eta=  5.2m
[run] flowcast  k=2/6 seq=3/10 (13/60)  t0=1943   rollout=  6.2s  avg= 6.5s/seq  elapsed=  1.4m  eta=  5.1m
[run] flowcast  k=2/6 seq=4/10 (14/60)  t0=2915   rollout=  6.3s  avg= 6.5s/seq  elapsed=  1.5m  eta=  5.0m
[run] flowcast  k=2/6 seq=5/10 (15/60)  t0=3887   rollout=  6.2s  avg= 6.5s/seq  elapsed=  1.6m  eta=  4.9m
[run] flowcast  k=2/6 seq=6/10 (16/60)  t0=4858   rollout=  6.1s  avg= 6.5s/seq  elapsed=  1.7m  eta=  4.7m
[run] flowcast  k=2/6 seq=7/10 (17/60)  t0=5830   rollout=  6.2s  avg= 6.4s/seq  elapsed=  1.8m  eta=  4.6m
[run] flowcast  k=2/6 seq=8/10 (18/60)  t0=6802   rollout=  6.3s  avg= 6.4s/seq  elapsed=  1.9m  eta=  4.5m
[run] flowcast  k=2/6 seq=9/10 (19/60)  t0=7774   rollout=  6.3s  avg= 6.4s/seq  elapsed=  2.0m  eta=  4.4m
[run] flowcast  k=2/6 seq=10/10 (20/60)  t0=8746   rollout=  6.3s  avg= 6.4s/seq  elapsed=  2.1m  eta=  4.3m
[run] flowcast  k=3/6 seq=1/10 (21/60)  t0=0      rollout=  6.2s  avg= 6.4s/seq  elapsed=  2.2m  eta=  4.2m
[run] flowcast  k=3/6 seq=2/10 (22/60)  t0=971    rollout=  6.1s  avg= 6.4s/seq  elapsed=  2.3m  eta=  4.1m
[run] flowcast  k=3/6 seq=3/10 (23/60)  t0=1943   rollout=  6.2s  avg= 6.4s/seq  elapsed=  2.4m  eta=  3.9m
[run] flowcast  k=3/6 seq=4/10 (24/60)  t0=2915   rollout=  6.2s  avg= 6.4s/seq  elapsed=  2.6m  eta=  3.8m
[run] flowcast  k=3/6 seq=5/10 (25/60)  t0=3887   rollout=  6.1s  avg= 6.4s/seq  elapsed=  2.7m  eta=  3.7m
[run] flowcast  k=3/6 seq=6/10 (26/60)  t0=4858   rollout=  6.3s  avg= 6.4s/seq  elapsed=  2.8m  eta=  3.6m
[run] flowcast  k=3/6 seq=7/10 (27/60)  t0=5830   rollout=  6.3s  avg= 6.4s/seq  elapsed=  2.9m  eta=  3.5m
[run] flowcast  k=3/6 seq=8/10 (28/60)  t0=6802   rollout=  6.2s  avg= 6.4s/seq  elapsed=  3.0m  eta=  3.4m
[run] flowcast  k=3/6 seq=9/10 (29/60)  t0=7774   rollout=  6.2s  avg= 6.4s/seq  elapsed=  3.1m  eta=  3.3m
[run] flowcast  k=3/6 seq=10/10 (30/60)  t0=8746   rollout=  6.3s  avg= 6.4s/seq  elapsed=  3.2m  eta=  3.2m
[run] flowcast  k=4/6 seq=1/10 (31/60)  t0=0      rollout=  6.1s  avg= 6.3s/seq  elapsed=  3.3m  eta=  3.1m
[run] flowcast  k=4/6 seq=2/10 (32/60)  t0=971    rollout=  6.2s  avg= 6.3s/seq  elapsed=  3.4m  eta=  3.0m
[run] flowcast  k=4/6 seq=3/10 (33/60)  t0=1943   rollout=  6.2s  avg= 6.3s/seq  elapsed=  3.5m  eta=  2.8m
[run] flowcast  k=4/6 seq=4/10 (34/60)  t0=2915   rollout=  6.2s  avg= 6.3s/seq  elapsed=  3.6m  eta=  2.7m
[run] flowcast  k=4/6 seq=5/10 (35/60)  t0=3887   rollout=  6.1s  avg= 6.3s/seq  elapsed=  3.7m  eta=  2.6m
[run] flowcast  k=4/6 seq=6/10 (36/60)  t0=4858   rollout=  6.2s  avg= 6.3s/seq  elapsed=  3.8m  eta=  2.5m
[run] flowcast  k=4/6 seq=7/10 (37/60)  t0=5830   rollout=  6.2s  avg= 6.3s/seq  elapsed=  3.9m  eta=  2.4m
[run] flowcast  k=4/6 seq=8/10 (38/60)  t0=6802   rollout=  6.2s  avg= 6.3s/seq  elapsed=  4.0m  eta=  2.3m
[run] flowcast  k=4/6 seq=9/10 (39/60)  t0=7774   rollout=  6.5s  avg= 6.3s/seq  elapsed=  4.1m  eta=  2.2m
[run] flowcast  k=4/6 seq=10/10 (40/60)  t0=8746   rollout=  6.3s  avg= 6.3s/seq  elapsed=  4.2m  eta=  2.1m
[run] flowcast  k=5/6 seq=1/10 (41/60)  t0=0      rollout=  6.2s  avg= 6.3s/seq  elapsed=  4.3m  eta=  2.0m
[run] flowcast  k=5/6 seq=2/10 (42/60)  t0=971    rollout=  6.3s  avg= 6.3s/seq  elapsed=  4.4m  eta=  1.9m
[run] flowcast  k=5/6 seq=3/10 (43/60)  t0=1943   rollout=  6.4s  avg= 6.3s/seq  elapsed=  4.5m  eta=  1.8m
[run] flowcast  k=5/6 seq=4/10 (44/60)  t0=2915   rollout=  6.2s  avg= 6.3s/seq  elapsed=  4.6m  eta=  1.7m
[run] flowcast  k=5/6 seq=5/10 (45/60)  t0=3887   rollout=  6.3s  avg= 6.3s/seq  elapsed=  4.7m  eta=  1.6m
[run] flowcast  k=5/6 seq=6/10 (46/60)  t0=4858   rollout=  7.0s  avg= 6.3s/seq  elapsed=  4.8m  eta=  1.5m
[run] flowcast  k=5/6 seq=7/10 (47/60)  t0=5830   rollout=  6.7s  avg= 6.3s/seq  elapsed=  5.0m  eta=  1.4m
[run] flowcast  k=5/6 seq=8/10 (48/60)  t0=6802   rollout=  6.8s  avg= 6.3s/seq  elapsed=  5.1m  eta=  1.3m
[run] flowcast  k=5/6 seq=9/10 (49/60)  t0=7774   rollout=  6.3s  avg= 6.3s/seq  elapsed=  5.2m  eta=  1.2m
[run] flowcast  k=5/6 seq=10/10 (50/60)  t0=8746   rollout=  7.1s  avg= 6.4s/seq  elapsed=  5.3m  eta=  1.1m
[run] flowcast  k=6/6 seq=1/10 (51/60)  t0=0      rollout=  6.3s  avg= 6.4s/seq  elapsed=  5.4m  eta=  1.0m
[run] flowcast  k=6/6 seq=2/10 (52/60)  t0=971    rollout=  7.2s  avg= 6.4s/seq  elapsed=  5.5m  eta=  0.8m
[run] flowcast  k=6/6 seq=3/10 (53/60)  t0=1943   rollout=  8.1s  avg= 6.4s/seq  elapsed=  5.7m  eta=  0.7m
[run] flowcast  k=6/6 seq=4/10 (54/60)  t0=2915   rollout=  6.2s  avg= 6.4s/seq  elapsed=  5.8m  eta=  0.6m
[run] flowcast  k=6/6 seq=5/10 (55/60)  t0=3887   rollout=  6.2s  avg= 6.4s/seq  elapsed=  5.9m  eta=  0.5m
[run] flowcast  k=6/6 seq=6/10 (56/60)  t0=4858   rollout=  6.2s  avg= 6.4s/seq  elapsed=  6.0m  eta=  0.4m
[run] flowcast  k=6/6 seq=7/10 (57/60)  t0=5830   rollout=  6.3s  avg= 6.4s/seq  elapsed=  6.1m  eta=  0.3m
[run] flowcast  k=6/6 seq=8/10 (58/60)  t0=6802   rollout=  6.2s  avg= 6.4s/seq  elapsed=  6.2m  eta=  0.2m
[run] flowcast  k=6/6 seq=9/10 (59/60)  t0=7774   rollout=  6.1s  avg= 6.4s/seq  elapsed=  6.3m  eta=  0.1m
[run] flowcast  k=6/6 seq=10/10 (60/60)  t0=8746   rollout=  6.2s  avg= 6.4s/seq  elapsed=  6.4m  eta=  0.0m
[run] flowcast ensemble finished in 6.4m
[run] flowcast_nfe15 ensemble (K=6, NFE=15)
[run] flowcast ensemble starting: K=6 x S=10 x T=12 = 60 sequence-rollouts
[run] flowcast  k=1/6 seq=1/10 (1/60)  t0=0      rollout=  8.7s  avg= 8.7s/seq  elapsed=  0.1m  eta=  8.6m
[run] flowcast  k=1/6 seq=2/10 (2/60)  t0=971    rollout=  8.9s  avg= 8.8s/seq  elapsed=  0.3m  eta=  8.5m
[run] flowcast  k=1/6 seq=3/10 (3/60)  t0=1943   rollout=  8.6s  avg= 8.8s/seq  elapsed=  0.4m  eta=  8.3m
[run] flowcast  k=1/6 seq=4/10 (4/60)  t0=2915   rollout=  8.6s  avg= 8.7s/seq  elapsed=  0.6m  eta=  8.1m
[run] flowcast  k=1/6 seq=5/10 (5/60)  t0=3887   rollout=  8.6s  avg= 8.7s/seq  elapsed=  0.7m  eta=  8.0m
[run] flowcast  k=1/6 seq=6/10 (6/60)  t0=4858   rollout=  8.6s  avg= 8.7s/seq  elapsed=  0.9m  eta=  7.8m
[run] flowcast  k=1/6 seq=7/10 (7/60)  t0=5830   rollout=  8.8s  avg= 8.7s/seq  elapsed=  1.0m  eta=  7.7m
[run] flowcast  k=1/6 seq=8/10 (8/60)  t0=6802   rollout=  8.6s  avg= 8.7s/seq  elapsed=  1.2m  eta=  7.5m
[run] flowcast  k=1/6 seq=9/10 (9/60)  t0=7774   rollout=  8.6s  avg= 8.7s/seq  elapsed=  1.3m  eta=  7.4m
[run] flowcast  k=1/6 seq=10/10 (10/60)  t0=8746   rollout=  8.6s  avg= 8.7s/seq  elapsed=  1.4m  eta=  7.2m
[run] flowcast  k=2/6 seq=1/10 (11/60)  t0=0      rollout=  8.5s  avg= 8.7s/seq  elapsed=  1.6m  eta=  7.1m
[run] flowcast  k=2/6 seq=2/10 (12/60)  t0=971    rollout=  8.5s  avg= 8.6s/seq  elapsed=  1.7m  eta=  6.9m
[run] flowcast  k=2/6 seq=3/10 (13/60)  t0=1943   rollout=  8.6s  avg= 8.6s/seq  elapsed=  1.9m  eta=  6.8m
[run] flowcast  k=2/6 seq=4/10 (14/60)  t0=2915   rollout=  8.5s  avg= 8.6s/seq  elapsed=  2.0m  eta=  6.6m
[run] flowcast  k=2/6 seq=5/10 (15/60)  t0=3887   rollout=  8.5s  avg= 8.6s/seq  elapsed=  2.2m  eta=  6.5m
[run] flowcast  k=2/6 seq=6/10 (16/60)  t0=4858   rollout=  8.5s  avg= 8.6s/seq  elapsed=  2.3m  eta=  6.3m
[run] flowcast  k=2/6 seq=7/10 (17/60)  t0=5830   rollout=  8.6s  avg= 8.6s/seq  elapsed=  2.4m  eta=  6.2m
[run] flowcast  k=2/6 seq=8/10 (18/60)  t0=6802   rollout=  8.6s  avg= 8.6s/seq  elapsed=  2.6m  eta=  6.0m
[run] flowcast  k=2/6 seq=9/10 (19/60)  t0=7774   rollout=  8.5s  avg= 8.6s/seq  elapsed=  2.7m  eta=  5.9m
[run] flowcast  k=2/6 seq=10/10 (20/60)  t0=8746   rollout=  8.4s  avg= 8.6s/seq  elapsed=  2.9m  eta=  5.7m
[run] flowcast  k=3/6 seq=1/10 (21/60)  t0=0      rollout=  8.4s  avg= 8.6s/seq  elapsed=  3.0m  eta=  5.6m
[run] flowcast  k=3/6 seq=2/10 (22/60)  t0=971    rollout=  8.7s  avg= 8.6s/seq  elapsed=  3.2m  eta=  5.4m
[run] flowcast  k=3/6 seq=3/10 (23/60)  t0=1943   rollout=  8.7s  avg= 8.6s/seq  elapsed=  3.3m  eta=  5.3m
[run] flowcast  k=3/6 seq=4/10 (24/60)  t0=2915   rollout=  8.4s  avg= 8.6s/seq  elapsed=  3.4m  eta=  5.2m
[run] flowcast  k=3/6 seq=5/10 (25/60)  t0=3887   rollout=  8.4s  avg= 8.6s/seq  elapsed=  3.6m  eta=  5.0m
[run] flowcast  k=3/6 seq=6/10 (26/60)  t0=4858   rollout=  8.5s  avg= 8.6s/seq  elapsed=  3.7m  eta=  4.9m
[run] flowcast  k=3/6 seq=7/10 (27/60)  t0=5830   rollout=  8.5s  avg= 8.6s/seq  elapsed=  3.9m  eta=  4.7m
[run] flowcast  k=3/6 seq=8/10 (28/60)  t0=6802   rollout=  8.5s  avg= 8.6s/seq  elapsed=  4.0m  eta=  4.6m
[run] flowcast  k=3/6 seq=9/10 (29/60)  t0=7774   rollout=  8.7s  avg= 8.6s/seq  elapsed=  4.1m  eta=  4.4m
[run] flowcast  k=3/6 seq=10/10 (30/60)  t0=8746   rollout=  8.5s  avg= 8.6s/seq  elapsed=  4.3m  eta=  4.3m
[run] flowcast  k=4/6 seq=1/10 (31/60)  t0=0      rollout=  8.5s  avg= 8.6s/seq  elapsed=  4.4m  eta=  4.1m
[run] flowcast  k=4/6 seq=2/10 (32/60)  t0=971    rollout=  8.5s  avg= 8.6s/seq  elapsed=  4.6m  eta=  4.0m
[run] flowcast  k=4/6 seq=3/10 (33/60)  t0=1943   rollout=  8.6s  avg= 8.6s/seq  elapsed=  4.7m  eta=  3.9m
[run] flowcast  k=4/6 seq=4/10 (34/60)  t0=2915   rollout=  8.6s  avg= 8.6s/seq  elapsed=  4.9m  eta=  3.7m
[run] flowcast  k=4/6 seq=5/10 (35/60)  t0=3887   rollout=  8.5s  avg= 8.6s/seq  elapsed=  5.0m  eta=  3.6m
[run] flowcast  k=4/6 seq=6/10 (36/60)  t0=4858   rollout=  8.8s  avg= 8.6s/seq  elapsed=  5.1m  eta=  3.4m
[run] flowcast  k=4/6 seq=7/10 (37/60)  t0=5830   rollout=  8.4s  avg= 8.6s/seq  elapsed=  5.3m  eta=  3.3m
[run] flowcast  k=4/6 seq=8/10 (38/60)  t0=6802   rollout=  8.5s  avg= 8.6s/seq  elapsed=  5.4m  eta=  3.1m
[run] flowcast  k=4/6 seq=9/10 (39/60)  t0=7774   rollout=  8.4s  avg= 8.6s/seq  elapsed=  5.6m  eta=  3.0m
[run] flowcast  k=4/6 seq=10/10 (40/60)  t0=8746   rollout=  8.4s  avg= 8.6s/seq  elapsed=  5.7m  eta=  2.9m
[run] flowcast  k=5/6 seq=1/10 (41/60)  t0=0      rollout=  8.6s  avg= 8.6s/seq  elapsed=  5.9m  eta=  2.7m
[run] flowcast  k=5/6 seq=2/10 (42/60)  t0=971    rollout=  8.5s  avg= 8.6s/seq  elapsed=  6.0m  eta=  2.6m
[run] flowcast  k=5/6 seq=3/10 (43/60)  t0=1943   rollout=  8.5s  avg= 8.6s/seq  elapsed=  6.1m  eta=  2.4m
[run] flowcast  k=5/6 seq=4/10 (44/60)  t0=2915   rollout=  8.5s  avg= 8.6s/seq  elapsed=  6.3m  eta=  2.3m
[run] flowcast  k=5/6 seq=5/10 (45/60)  t0=3887   rollout=  8.6s  avg= 8.6s/seq  elapsed=  6.4m  eta=  2.1m
[run] flowcast  k=5/6 seq=6/10 (46/60)  t0=4858   rollout=  8.4s  avg= 8.6s/seq  elapsed=  6.6m  eta=  2.0m
[run] flowcast  k=5/6 seq=7/10 (47/60)  t0=5830   rollout=  8.6s  avg= 8.6s/seq  elapsed=  6.7m  eta=  1.9m
[run] flowcast  k=5/6 seq=8/10 (48/60)  t0=6802   rollout=  8.4s  avg= 8.6s/seq  elapsed=  6.8m  eta=  1.7m
[run] flowcast  k=5/6 seq=9/10 (49/60)  t0=7774   rollout=  8.5s  avg= 8.6s/seq  elapsed=  7.0m  eta=  1.6m
[run] flowcast  k=5/6 seq=10/10 (50/60)  t0=8746   rollout=  8.4s  avg= 8.5s/seq  elapsed=  7.1m  eta=  1.4m
[run] flowcast  k=6/6 seq=1/10 (51/60)  t0=0      rollout=  8.6s  avg= 8.6s/seq  elapsed=  7.3m  eta=  1.3m
[run] flowcast  k=6/6 seq=2/10 (52/60)  t0=971    rollout=  8.4s  avg= 8.5s/seq  elapsed=  7.4m  eta=  1.1m
[run] flowcast  k=6/6 seq=3/10 (53/60)  t0=1943   rollout=  8.3s  avg= 8.5s/seq  elapsed=  7.5m  eta=  1.0m
[run] flowcast  k=6/6 seq=4/10 (54/60)  t0=2915   rollout=  8.4s  avg= 8.5s/seq  elapsed=  7.7m  eta=  0.9m
[run] flowcast  k=6/6 seq=5/10 (55/60)  t0=3887   rollout=  8.4s  avg= 8.5s/seq  elapsed=  7.8m  eta=  0.7m
[run] flowcast  k=6/6 seq=6/10 (56/60)  t0=4858   rollout=  8.5s  avg= 8.5s/seq  elapsed=  8.0m  eta=  0.6m
[run] flowcast  k=6/6 seq=7/10 (57/60)  t0=5830   rollout=  8.5s  avg= 8.5s/seq  elapsed=  8.1m  eta=  0.4m
[run] flowcast  k=6/6 seq=8/10 (58/60)  t0=6802   rollout=  8.3s  avg= 8.5s/seq  elapsed=  8.2m  eta=  0.3m
[run] flowcast  k=6/6 seq=9/10 (59/60)  t0=7774   rollout=  8.5s  avg= 8.5s/seq  elapsed=  8.4m  eta=  0.1m
[run] flowcast  k=6/6 seq=10/10 (60/60)  t0=8746   rollout=  8.4s  avg= 8.5s/seq  elapsed=  8.5m  eta=  0.0m
[run] flowcast ensemble finished in 8.5m
[run] flowcast_nfe20 ensemble (K=6, NFE=20)
[run] flowcast ensemble starting: K=6 x S=10 x T=12 = 60 sequence-rollouts
[run] flowcast  k=1/6 seq=1/10 (1/60)  t0=0      rollout= 10.7s  avg=10.7s/seq  elapsed=  0.2m  eta= 10.5m
[run] flowcast  k=1/6 seq=2/10 (2/60)  t0=971    rollout= 10.7s  avg=10.7s/seq  elapsed=  0.4m  eta= 10.4m
[run] flowcast  k=1/6 seq=3/10 (3/60)  t0=1943   rollout= 10.9s  avg=10.8s/seq  elapsed=  0.5m  eta= 10.2m
[run] flowcast  k=1/6 seq=4/10 (4/60)  t0=2915   rollout= 10.9s  avg=10.8s/seq  elapsed=  0.7m  eta= 10.1m
[run] flowcast  k=1/6 seq=5/10 (5/60)  t0=3887   rollout= 10.9s  avg=10.8s/seq  elapsed=  0.9m  eta=  9.9m
[run] flowcast  k=1/6 seq=6/10 (6/60)  t0=4858   rollout= 10.9s  avg=10.8s/seq  elapsed=  1.1m  eta=  9.8m
[run] flowcast  k=1/6 seq=7/10 (7/60)  t0=5830   rollout= 10.8s  avg=10.8s/seq  elapsed=  1.3m  eta=  9.6m
[run] flowcast  k=1/6 seq=8/10 (8/60)  t0=6802   rollout= 10.7s  avg=10.8s/seq  elapsed=  1.4m  eta=  9.4m
[run] flowcast  k=1/6 seq=9/10 (9/60)  t0=7774   rollout= 12.0s  avg=11.0s/seq  elapsed=  1.6m  eta=  9.3m
[run] flowcast  k=1/6 seq=10/10 (10/60)  t0=8746   rollout= 13.1s  avg=11.2s/seq  elapsed=  1.9m  eta=  9.3m
[run] flowcast  k=2/6 seq=1/10 (11/60)  t0=0      rollout= 11.4s  avg=11.2s/seq  elapsed=  2.1m  eta=  9.1m
[run] flowcast  k=2/6 seq=2/10 (12/60)  t0=971    rollout= 10.6s  avg=11.2s/seq  elapsed=  2.2m  eta=  8.9m
[run] flowcast  k=2/6 seq=3/10 (13/60)  t0=1943   rollout= 10.6s  avg=11.1s/seq  elapsed=  2.4m  eta=  8.7m
[run] flowcast  k=2/6 seq=4/10 (14/60)  t0=2915   rollout= 10.7s  avg=11.1s/seq  elapsed=  2.6m  eta=  8.5m
[run] flowcast  k=2/6 seq=5/10 (15/60)  t0=3887   rollout= 11.4s  avg=11.1s/seq  elapsed=  2.8m  eta=  8.3m
[run] flowcast  k=2/6 seq=6/10 (16/60)  t0=4858   rollout= 10.7s  avg=11.1s/seq  elapsed=  3.0m  eta=  8.1m
[run] flowcast  k=2/6 seq=7/10 (17/60)  t0=5830   rollout= 12.1s  avg=11.1s/seq  elapsed=  3.2m  eta=  8.0m
[run] flowcast  k=2/6 seq=8/10 (18/60)  t0=6802   rollout= 13.2s  avg=11.3s/seq  elapsed=  3.4m  eta=  7.9m
[run] flowcast  k=2/6 seq=9/10 (19/60)  t0=7774   rollout= 13.2s  avg=11.4s/seq  elapsed=  3.6m  eta=  7.8m
[run] flowcast  k=2/6 seq=10/10 (20/60)  t0=8746   rollout= 11.8s  avg=11.4s/seq  elapsed=  3.8m  eta=  7.6m
[run] flowcast  k=3/6 seq=1/10 (21/60)  t0=0      rollout= 10.9s  avg=11.4s/seq  elapsed=  4.0m  eta=  7.4m
[run] flowcast  k=3/6 seq=2/10 (22/60)  t0=971    rollout= 10.8s  avg=11.3s/seq  elapsed=  4.2m  eta=  7.2m
[run] flowcast  k=3/6 seq=3/10 (23/60)  t0=1943   rollout= 10.8s  avg=11.3s/seq  elapsed=  4.3m  eta=  7.0m
[run] flowcast  k=3/6 seq=4/10 (24/60)  t0=2915   rollout= 11.1s  avg=11.3s/seq  elapsed=  4.5m  eta=  6.8m
[run] flowcast  k=3/6 seq=5/10 (25/60)  t0=3887   rollout= 10.8s  avg=11.3s/seq  elapsed=  4.7m  eta=  6.6m
[run] flowcast  k=3/6 seq=6/10 (26/60)  t0=4858   rollout= 10.9s  avg=11.3s/seq  elapsed=  4.9m  eta=  6.4m
[run] flowcast  k=3/6 seq=7/10 (27/60)  t0=5830   rollout= 13.3s  avg=11.3s/seq  elapsed=  5.1m  eta=  6.2m
[run] flowcast  k=3/6 seq=8/10 (28/60)  t0=6802   rollout= 13.6s  avg=11.4s/seq  elapsed=  5.3m  eta=  6.1m
[run] flowcast  k=3/6 seq=9/10 (29/60)  t0=7774   rollout= 13.4s  avg=11.5s/seq  elapsed=  5.6m  eta=  5.9m
[run] flowcast  k=3/6 seq=10/10 (30/60)  t0=8746   rollout= 13.6s  avg=11.6s/seq  elapsed=  5.8m  eta=  5.8m
[run] flowcast  k=4/6 seq=1/10 (31/60)  t0=0      rollout= 13.5s  avg=11.6s/seq  elapsed=  6.0m  eta=  5.6m
[run] flowcast  k=4/6 seq=2/10 (32/60)  t0=971    rollout= 12.6s  avg=11.6s/seq  elapsed=  6.2m  eta=  5.4m
[run] flowcast  k=4/6 seq=3/10 (33/60)  t0=1943   rollout= 10.9s  avg=11.6s/seq  elapsed=  6.4m  eta=  5.2m
[run] flowcast  k=4/6 seq=4/10 (34/60)  t0=2915   rollout= 10.9s  avg=11.6s/seq  elapsed=  6.6m  eta=  5.0m
[run] flowcast  k=4/6 seq=5/10 (35/60)  t0=3887   rollout= 11.2s  avg=11.6s/seq  elapsed=  6.8m  eta=  4.8m
[run] flowcast  k=4/6 seq=6/10 (36/60)  t0=4858   rollout= 11.0s  avg=11.6s/seq  elapsed=  6.9m  eta=  4.6m
[run] flowcast  k=4/6 seq=7/10 (37/60)  t0=5830   rollout= 11.0s  avg=11.6s/seq  elapsed=  7.1m  eta=  4.4m
[run] flowcast  k=4/6 seq=8/10 (38/60)  t0=6802   rollout= 11.0s  avg=11.5s/seq  elapsed=  7.3m  eta=  4.2m
[run] flowcast  k=4/6 seq=9/10 (39/60)  t0=7774   rollout= 10.9s  avg=11.5s/seq  elapsed=  7.5m  eta=  4.0m
[run] flowcast  k=4/6 seq=10/10 (40/60)  t0=8746   rollout= 10.9s  avg=11.5s/seq  elapsed=  7.7m  eta=  3.8m
[run] flowcast  k=5/6 seq=1/10 (41/60)  t0=0      rollout= 11.2s  avg=11.5s/seq  elapsed=  7.9m  eta=  3.6m
[run] flowcast  k=5/6 seq=2/10 (42/60)  t0=971    rollout= 10.8s  avg=11.5s/seq  elapsed=  8.0m  eta=  3.4m
[run] flowcast  k=5/6 seq=3/10 (43/60)  t0=1943   rollout= 10.8s  avg=11.5s/seq  elapsed=  8.2m  eta=  3.3m
[run] flowcast  k=5/6 seq=4/10 (44/60)  t0=2915   rollout= 10.9s  avg=11.5s/seq  elapsed=  8.4m  eta=  3.1m
[run] flowcast  k=5/6 seq=5/10 (45/60)  t0=3887   rollout= 10.9s  avg=11.4s/seq  elapsed=  8.6m  eta=  2.9m
[run] flowcast  k=5/6 seq=6/10 (46/60)  t0=4858   rollout= 10.8s  avg=11.4s/seq  elapsed=  8.8m  eta=  2.7m
[run] flowcast  k=5/6 seq=7/10 (47/60)  t0=5830   rollout= 10.7s  avg=11.4s/seq  elapsed=  8.9m  eta=  2.5m
[run] flowcast  k=5/6 seq=8/10 (48/60)  t0=6802   rollout= 10.7s  avg=11.4s/seq  elapsed=  9.1m  eta=  2.3m
[run] flowcast  k=5/6 seq=9/10 (49/60)  t0=7774   rollout= 10.7s  avg=11.4s/seq  elapsed=  9.3m  eta=  2.1m
[run] flowcast  k=5/6 seq=10/10 (50/60)  t0=8746   rollout= 10.9s  avg=11.4s/seq  elapsed=  9.5m  eta=  1.9m
[run] flowcast  k=6/6 seq=1/10 (51/60)  t0=0      rollout= 10.9s  avg=11.4s/seq  elapsed=  9.7m  eta=  1.7m
[run] flowcast  k=6/6 seq=2/10 (52/60)  t0=971    rollout= 10.9s  avg=11.4s/seq  elapsed=  9.8m  eta=  1.5m
[run] flowcast  k=6/6 seq=3/10 (53/60)  t0=1943   rollout= 10.9s  avg=11.4s/seq  elapsed= 10.0m  eta=  1.3m
[run] flowcast  k=6/6 seq=4/10 (54/60)  t0=2915   rollout= 11.0s  avg=11.3s/seq  elapsed= 10.2m  eta=  1.1m
[run] flowcast  k=6/6 seq=5/10 (55/60)  t0=3887   rollout= 10.9s  avg=11.3s/seq  elapsed= 10.4m  eta=  0.9m
[run] flowcast  k=6/6 seq=6/10 (56/60)  t0=4858   rollout= 10.7s  avg=11.3s/seq  elapsed= 10.6m  eta=  0.8m
[run] flowcast  k=6/6 seq=7/10 (57/60)  t0=5830   rollout= 10.9s  avg=11.3s/seq  elapsed= 10.8m  eta=  0.6m
[run] flowcast  k=6/6 seq=8/10 (58/60)  t0=6802   rollout= 10.8s  avg=11.3s/seq  elapsed= 10.9m  eta=  0.4m
[run] flowcast  k=6/6 seq=9/10 (59/60)  t0=7774   rollout= 10.9s  avg=11.3s/seq  elapsed= 11.1m  eta=  0.2m
[run] flowcast  k=6/6 seq=10/10 (60/60)  t0=8746   rollout= 10.9s  avg=11.3s/seq  elapsed= 11.3m  eta=  0.0m
[run] flowcast ensemble finished in 11.3m
[load] meanflow /home3/davidlcs/Econ-Rag/Local_LLM/test_meeting/Stormcast-Distilation/runs/meanflow_zettabyte_v1_cleaned_4_27_2026/meanflow_zettabyte_cleaned_4_27_2026/run_0/checkpoints_meanflow/MeanFlowPrecond.0.20000.mdlus
[run] meanflow_nfe1 ensemble (K=6, NFE=1)
[run] meanflow ensemble starting: K=6 x S=10 x T=12 = 60 sequence-rollouts
[run] meanflow  k=1/6 seq=1/10 (1/60)  t0=0      rollout=  2.4s  avg= 2.4s/seq  elapsed=  0.0m  eta=  2.4m
[run] meanflow  k=1/6 seq=2/10 (2/60)  t0=971    rollout=  1.8s  avg= 2.1s/seq  elapsed=  0.1m  eta=  2.0m
[run] meanflow  k=1/6 seq=3/10 (3/60)  t0=1943   rollout=  1.8s  avg= 2.0s/seq  elapsed=  0.1m  eta=  1.9m
[run] meanflow  k=1/6 seq=4/10 (4/60)  t0=2915   rollout=  1.8s  avg= 2.0s/seq  elapsed=  0.1m  eta=  1.8m
[run] meanflow  k=1/6 seq=5/10 (5/60)  t0=3887   rollout=  1.8s  avg= 1.9s/seq  elapsed=  0.2m  eta=  1.8m
[run] meanflow  k=1/6 seq=6/10 (6/60)  t0=4858   rollout=  1.8s  avg= 1.9s/seq  elapsed=  0.2m  eta=  1.7m
[run] meanflow  k=1/6 seq=7/10 (7/60)  t0=5830   rollout=  1.8s  avg= 1.9s/seq  elapsed=  0.2m  eta=  1.7m
[run] meanflow  k=1/6 seq=8/10 (8/60)  t0=6802   rollout=  1.8s  avg= 1.9s/seq  elapsed=  0.3m  eta=  1.6m
[run] meanflow  k=1/6 seq=9/10 (9/60)  t0=7774   rollout=  1.8s  avg= 1.9s/seq  elapsed=  0.3m  eta=  1.6m
[run] meanflow  k=1/6 seq=10/10 (10/60)  t0=8746   rollout=  1.8s  avg= 1.9s/seq  elapsed=  0.3m  eta=  1.6m
[run] meanflow  k=2/6 seq=1/10 (11/60)  t0=0      rollout=  1.8s  avg= 1.9s/seq  elapsed=  0.3m  eta=  1.5m
[run] meanflow  k=2/6 seq=2/10 (12/60)  t0=971    rollout=  1.8s  avg= 1.8s/seq  elapsed=  0.4m  eta=  1.5m
[run] meanflow  k=2/6 seq=3/10 (13/60)  t0=1943   rollout=  1.8s  avg= 1.8s/seq  elapsed=  0.4m  eta=  1.4m
[run] meanflow  k=2/6 seq=4/10 (14/60)  t0=2915   rollout=  1.8s  avg= 1.8s/seq  elapsed=  0.4m  eta=  1.4m
[run] meanflow  k=2/6 seq=5/10 (15/60)  t0=3887   rollout=  1.8s  avg= 1.8s/seq  elapsed=  0.5m  eta=  1.4m
[run] meanflow  k=2/6 seq=6/10 (16/60)  t0=4858   rollout=  1.8s  avg= 1.8s/seq  elapsed=  0.5m  eta=  1.3m
[run] meanflow  k=2/6 seq=7/10 (17/60)  t0=5830   rollout=  1.8s  avg= 1.8s/seq  elapsed=  0.5m  eta=  1.3m
[run] meanflow  k=2/6 seq=8/10 (18/60)  t0=6802   rollout=  1.8s  avg= 1.8s/seq  elapsed=  0.5m  eta=  1.3m
[run] meanflow  k=2/6 seq=9/10 (19/60)  t0=7774   rollout=  1.8s  avg= 1.8s/seq  elapsed=  0.6m  eta=  1.3m
[run] meanflow  k=2/6 seq=10/10 (20/60)  t0=8746   rollout=  1.8s  avg= 1.8s/seq  elapsed=  0.6m  eta=  1.2m
[run] meanflow  k=3/6 seq=1/10 (21/60)  t0=0      rollout=  1.8s  avg= 1.8s/seq  elapsed=  0.6m  eta=  1.2m
[run] meanflow  k=3/6 seq=2/10 (22/60)  t0=971    rollout=  1.8s  avg= 1.8s/seq  elapsed=  0.7m  eta=  1.2m
[run] meanflow  k=3/6 seq=3/10 (23/60)  t0=1943   rollout=  1.8s  avg= 1.8s/seq  elapsed=  0.7m  eta=  1.1m
[run] meanflow  k=3/6 seq=4/10 (24/60)  t0=2915   rollout=  1.8s  avg= 1.8s/seq  elapsed=  0.7m  eta=  1.1m
[run] meanflow  k=3/6 seq=5/10 (25/60)  t0=3887   rollout=  1.8s  avg= 1.8s/seq  elapsed=  0.8m  eta=  1.1m
[run] meanflow  k=3/6 seq=6/10 (26/60)  t0=4858   rollout=  1.8s  avg= 1.8s/seq  elapsed=  0.8m  eta=  1.0m
[run] meanflow  k=3/6 seq=7/10 (27/60)  t0=5830   rollout=  1.8s  avg= 1.8s/seq  elapsed=  0.8m  eta=  1.0m
[run] meanflow  k=3/6 seq=8/10 (28/60)  t0=6802   rollout=  1.8s  avg= 1.8s/seq  elapsed=  0.9m  eta=  1.0m
[run] meanflow  k=3/6 seq=9/10 (29/60)  t0=7774   rollout=  1.9s  avg= 1.8s/seq  elapsed=  0.9m  eta=  0.9m
[run] meanflow  k=3/6 seq=10/10 (30/60)  t0=8746   rollout=  1.8s  avg= 1.8s/seq  elapsed=  0.9m  eta=  0.9m
[run] meanflow  k=4/6 seq=1/10 (31/60)  t0=0      rollout=  1.9s  avg= 1.8s/seq  elapsed=  0.9m  eta=  0.9m
[run] meanflow  k=4/6 seq=2/10 (32/60)  t0=971    rollout=  1.8s  avg= 1.8s/seq  elapsed=  1.0m  eta=  0.9m
[run] meanflow  k=4/6 seq=3/10 (33/60)  t0=1943   rollout=  1.8s  avg= 1.8s/seq  elapsed=  1.0m  eta=  0.8m
[run] meanflow  k=4/6 seq=4/10 (34/60)  t0=2915   rollout=  1.8s  avg= 1.8s/seq  elapsed=  1.0m  eta=  0.8m
[run] meanflow  k=4/6 seq=5/10 (35/60)  t0=3887   rollout=  1.9s  avg= 1.8s/seq  elapsed=  1.1m  eta=  0.8m
[run] meanflow  k=4/6 seq=6/10 (36/60)  t0=4858   rollout=  1.8s  avg= 1.8s/seq  elapsed=  1.1m  eta=  0.7m
[run] meanflow  k=4/6 seq=7/10 (37/60)  t0=5830   rollout=  1.9s  avg= 1.8s/seq  elapsed=  1.1m  eta=  0.7m
[run] meanflow  k=4/6 seq=8/10 (38/60)  t0=6802   rollout=  2.1s  avg= 1.8s/seq  elapsed=  1.2m  eta=  0.7m
[run] meanflow  k=4/6 seq=9/10 (39/60)  t0=7774   rollout=  1.8s  avg= 1.8s/seq  elapsed=  1.2m  eta=  0.6m
[run] meanflow  k=4/6 seq=10/10 (40/60)  t0=8746   rollout=  1.8s  avg= 1.8s/seq  elapsed=  1.2m  eta=  0.6m
[run] meanflow  k=5/6 seq=1/10 (41/60)  t0=0      rollout=  1.8s  avg= 1.8s/seq  elapsed=  1.3m  eta=  0.6m
[run] meanflow  k=5/6 seq=2/10 (42/60)  t0=971    rollout=  1.8s  avg= 1.8s/seq  elapsed=  1.3m  eta=  0.5m
[run] meanflow  k=5/6 seq=3/10 (43/60)  t0=1943   rollout=  1.8s  avg= 1.8s/seq  elapsed=  1.3m  eta=  0.5m
[run] meanflow  k=5/6 seq=4/10 (44/60)  t0=2915   rollout=  1.8s  avg= 1.8s/seq  elapsed=  1.3m  eta=  0.5m
[run] meanflow  k=5/6 seq=5/10 (45/60)  t0=3887   rollout=  1.8s  avg= 1.8s/seq  elapsed=  1.4m  eta=  0.5m
[run] meanflow  k=5/6 seq=6/10 (46/60)  t0=4858   rollout=  1.8s  avg= 1.8s/seq  elapsed=  1.4m  eta=  0.4m
[run] meanflow  k=5/6 seq=7/10 (47/60)  t0=5830   rollout=  1.8s  avg= 1.8s/seq  elapsed=  1.4m  eta=  0.4m
[run] meanflow  k=5/6 seq=8/10 (48/60)  t0=6802   rollout=  1.8s  avg= 1.8s/seq  elapsed=  1.5m  eta=  0.4m
[run] meanflow  k=5/6 seq=9/10 (49/60)  t0=7774   rollout=  1.8s  avg= 1.8s/seq  elapsed=  1.5m  eta=  0.3m
[run] meanflow  k=5/6 seq=10/10 (50/60)  t0=8746   rollout=  1.9s  avg= 1.8s/seq  elapsed=  1.5m  eta=  0.3m
[run] meanflow  k=6/6 seq=1/10 (51/60)  t0=0      rollout=  1.8s  avg= 1.8s/seq  elapsed=  1.6m  eta=  0.3m
[run] meanflow  k=6/6 seq=2/10 (52/60)  t0=971    rollout=  1.8s  avg= 1.8s/seq  elapsed=  1.6m  eta=  0.2m
[run] meanflow  k=6/6 seq=3/10 (53/60)  t0=1943   rollout=  1.9s  avg= 1.8s/seq  elapsed=  1.6m  eta=  0.2m
[run] meanflow  k=6/6 seq=4/10 (54/60)  t0=2915   rollout=  1.9s  avg= 1.8s/seq  elapsed=  1.6m  eta=  0.2m
[run] meanflow  k=6/6 seq=5/10 (55/60)  t0=3887   rollout=  1.8s  avg= 1.8s/seq  elapsed=  1.7m  eta=  0.2m
[run] meanflow  k=6/6 seq=6/10 (56/60)  t0=4858   rollout=  1.9s  avg= 1.8s/seq  elapsed=  1.7m  eta=  0.1m
[run] meanflow  k=6/6 seq=7/10 (57/60)  t0=5830   rollout=  2.0s  avg= 1.8s/seq  elapsed=  1.7m  eta=  0.1m
[run] meanflow  k=6/6 seq=8/10 (58/60)  t0=6802   rollout=  1.9s  avg= 1.8s/seq  elapsed=  1.8m  eta=  0.1m
[run] meanflow  k=6/6 seq=9/10 (59/60)  t0=7774   rollout=  2.1s  avg= 1.8s/seq  elapsed=  1.8m  eta=  0.0m
[run] meanflow  k=6/6 seq=10/10 (60/60)  t0=8746   rollout=  2.1s  avg= 1.8s/seq  elapsed=  1.8m  eta=  0.0m
[run] meanflow ensemble finished in 1.8m
[run] meanflow_nfe2 ensemble (K=6, NFE=2)
[run] meanflow ensemble starting: K=6 x S=10 x T=12 = 60 sequence-rollouts
[run] meanflow  k=1/6 seq=1/10 (1/60)  t0=0      rollout=  2.8s  avg= 2.8s/seq  elapsed=  0.0m  eta=  2.7m
[run] meanflow  k=1/6 seq=2/10 (2/60)  t0=971    rollout=  2.7s  avg= 2.7s/seq  elapsed=  0.1m  eta=  2.6m
[run] meanflow  k=1/6 seq=3/10 (3/60)  t0=1943   rollout=  2.7s  avg= 2.7s/seq  elapsed=  0.1m  eta=  2.6m
[run] meanflow  k=1/6 seq=4/10 (4/60)  t0=2915   rollout=  2.7s  avg= 2.7s/seq  elapsed=  0.2m  eta=  2.5m
[run] meanflow  k=1/6 seq=5/10 (5/60)  t0=3887   rollout=  2.8s  avg= 2.7s/seq  elapsed=  0.2m  eta=  2.5m
[run] meanflow  k=1/6 seq=6/10 (6/60)  t0=4858   rollout=  2.6s  avg= 2.7s/seq  elapsed=  0.3m  eta=  2.4m
[run] meanflow  k=1/6 seq=7/10 (7/60)  t0=5830   rollout=  2.6s  avg= 2.7s/seq  elapsed=  0.3m  eta=  2.4m
[run] meanflow  k=1/6 seq=8/10 (8/60)  t0=6802   rollout=  2.7s  avg= 2.7s/seq  elapsed=  0.4m  eta=  2.3m
[run] meanflow  k=1/6 seq=9/10 (9/60)  t0=7774   rollout=  2.6s  avg= 2.7s/seq  elapsed=  0.4m  eta=  2.3m
[run] meanflow  k=1/6 seq=10/10 (10/60)  t0=8746   rollout=  2.7s  avg= 2.7s/seq  elapsed=  0.4m  eta=  2.2m
[run] meanflow  k=2/6 seq=1/10 (11/60)  t0=0      rollout=  2.6s  avg= 2.7s/seq  elapsed=  0.5m  eta=  2.2m
[run] meanflow  k=2/6 seq=2/10 (12/60)  t0=971    rollout=  2.6s  avg= 2.7s/seq  elapsed=  0.5m  eta=  2.2m
[run] meanflow  k=2/6 seq=3/10 (13/60)  t0=1943   rollout=  2.5s  avg= 2.7s/seq  elapsed=  0.6m  eta=  2.1m
[run] meanflow  k=2/6 seq=4/10 (14/60)  t0=2915   rollout=  2.4s  avg= 2.7s/seq  elapsed=  0.6m  eta=  2.0m
[run] meanflow  k=2/6 seq=5/10 (15/60)  t0=3887   rollout=  2.3s  avg= 2.6s/seq  elapsed=  0.7m  eta=  2.0m
[run] meanflow  k=2/6 seq=6/10 (16/60)  t0=4858   rollout=  2.3s  avg= 2.6s/seq  elapsed=  0.7m  eta=  1.9m
[run] meanflow  k=2/6 seq=7/10 (17/60)  t0=5830   rollout=  2.3s  avg= 2.6s/seq  elapsed=  0.7m  eta=  1.9m
[run] meanflow  k=2/6 seq=8/10 (18/60)  t0=6802   rollout=  2.3s  avg= 2.6s/seq  elapsed=  0.8m  eta=  1.8m
[run] meanflow  k=2/6 seq=9/10 (19/60)  t0=7774   rollout=  2.3s  avg= 2.6s/seq  elapsed=  0.8m  eta=  1.8m
[run] meanflow  k=2/6 seq=10/10 (20/60)  t0=8746   rollout=  2.4s  avg= 2.6s/seq  elapsed=  0.9m  eta=  1.7m
[run] meanflow  k=3/6 seq=1/10 (21/60)  t0=0      rollout=  2.3s  avg= 2.5s/seq  elapsed=  0.9m  eta=  1.7m
[run] meanflow  k=3/6 seq=2/10 (22/60)  t0=971    rollout=  2.3s  avg= 2.5s/seq  elapsed=  0.9m  eta=  1.6m
[run] meanflow  k=3/6 seq=3/10 (23/60)  t0=1943   rollout=  2.4s  avg= 2.5s/seq  elapsed=  1.0m  eta=  1.6m
[run] meanflow  k=3/6 seq=4/10 (24/60)  t0=2915   rollout=  2.7s  avg= 2.5s/seq  elapsed=  1.0m  eta=  1.5m
[run] meanflow  k=3/6 seq=5/10 (25/60)  t0=3887   rollout=  2.7s  avg= 2.5s/seq  elapsed=  1.1m  eta=  1.5m
[run] meanflow  k=3/6 seq=6/10 (26/60)  t0=4858   rollout=  2.6s  avg= 2.5s/seq  elapsed=  1.1m  eta=  1.4m
[run] meanflow  k=3/6 seq=7/10 (27/60)  t0=5830   rollout=  2.6s  avg= 2.6s/seq  elapsed=  1.1m  eta=  1.4m
[run] meanflow  k=3/6 seq=8/10 (28/60)  t0=6802   rollout=  2.7s  avg= 2.6s/seq  elapsed=  1.2m  eta=  1.4m
[run] meanflow  k=3/6 seq=9/10 (29/60)  t0=7774   rollout=  2.8s  avg= 2.6s/seq  elapsed=  1.2m  eta=  1.3m
[run] meanflow  k=3/6 seq=10/10 (30/60)  t0=8746   rollout=  2.8s  avg= 2.6s/seq  elapsed=  1.3m  eta=  1.3m
[run] meanflow  k=4/6 seq=1/10 (31/60)  t0=0      rollout=  2.7s  avg= 2.6s/seq  elapsed=  1.3m  eta=  1.2m
[run] meanflow  k=4/6 seq=2/10 (32/60)  t0=971    rollout=  2.6s  avg= 2.6s/seq  elapsed=  1.4m  eta=  1.2m
[run] meanflow  k=4/6 seq=3/10 (33/60)  t0=1943   rollout=  2.5s  avg= 2.6s/seq  elapsed=  1.4m  eta=  1.2m
[run] meanflow  k=4/6 seq=4/10 (34/60)  t0=2915   rollout=  2.3s  avg= 2.6s/seq  elapsed=  1.5m  eta=  1.1m
[run] meanflow  k=4/6 seq=5/10 (35/60)  t0=3887   rollout=  2.3s  avg= 2.6s/seq  elapsed=  1.5m  eta=  1.1m
[run] meanflow  k=4/6 seq=6/10 (36/60)  t0=4858   rollout=  2.3s  avg= 2.6s/seq  elapsed=  1.5m  eta=  1.0m
[run] meanflow  k=4/6 seq=7/10 (37/60)  t0=5830   rollout=  2.3s  avg= 2.5s/seq  elapsed=  1.6m  eta=  1.0m
[run] meanflow  k=4/6 seq=8/10 (38/60)  t0=6802   rollout=  2.3s  avg= 2.5s/seq  elapsed=  1.6m  eta=  0.9m
[run] meanflow  k=4/6 seq=9/10 (39/60)  t0=7774   rollout=  2.3s  avg= 2.5s/seq  elapsed=  1.6m  eta=  0.9m
[run] meanflow  k=4/6 seq=10/10 (40/60)  t0=8746   rollout=  2.3s  avg= 2.5s/seq  elapsed=  1.7m  eta=  0.8m
[run] meanflow  k=5/6 seq=1/10 (41/60)  t0=0      rollout=  2.3s  avg= 2.5s/seq  elapsed=  1.7m  eta=  0.8m
[run] meanflow  k=5/6 seq=2/10 (42/60)  t0=971    rollout=  2.3s  avg= 2.5s/seq  elapsed=  1.8m  eta=  0.8m
[run] meanflow  k=5/6 seq=3/10 (43/60)  t0=1943   rollout=  2.3s  avg= 2.5s/seq  elapsed=  1.8m  eta=  0.7m
[run] meanflow  k=5/6 seq=4/10 (44/60)  t0=2915   rollout=  2.3s  avg= 2.5s/seq  elapsed=  1.8m  eta=  0.7m
[run] meanflow  k=5/6 seq=5/10 (45/60)  t0=3887   rollout=  2.3s  avg= 2.5s/seq  elapsed=  1.9m  eta=  0.6m
[run] meanflow  k=5/6 seq=6/10 (46/60)  t0=4858   rollout=  2.3s  avg= 2.5s/seq  elapsed=  1.9m  eta=  0.6m
[run] meanflow  k=5/6 seq=7/10 (47/60)  t0=5830   rollout=  2.3s  avg= 2.5s/seq  elapsed=  2.0m  eta=  0.5m
[run] meanflow  k=5/6 seq=8/10 (48/60)  t0=6802   rollout=  2.3s  avg= 2.5s/seq  elapsed=  2.0m  eta=  0.5m
[run] meanflow  k=5/6 seq=9/10 (49/60)  t0=7774   rollout=  2.4s  avg= 2.5s/seq  elapsed=  2.0m  eta=  0.5m
[run] meanflow  k=5/6 seq=10/10 (50/60)  t0=8746   rollout=  2.4s  avg= 2.5s/seq  elapsed=  2.1m  eta=  0.4m
[run] meanflow  k=6/6 seq=1/10 (51/60)  t0=0      rollout=  2.3s  avg= 2.5s/seq  elapsed=  2.1m  eta=  0.4m
[run] meanflow  k=6/6 seq=2/10 (52/60)  t0=971    rollout=  2.4s  avg= 2.5s/seq  elapsed=  2.1m  eta=  0.3m
[run] meanflow  k=6/6 seq=3/10 (53/60)  t0=1943   rollout=  2.5s  avg= 2.5s/seq  elapsed=  2.2m  eta=  0.3m
[run] meanflow  k=6/6 seq=4/10 (54/60)  t0=2915   rollout=  2.5s  avg= 2.5s/seq  elapsed=  2.2m  eta=  0.2m
[run] meanflow  k=6/6 seq=5/10 (55/60)  t0=3887   rollout=  2.3s  avg= 2.5s/seq  elapsed=  2.3m  eta=  0.2m
[run] meanflow  k=6/6 seq=6/10 (56/60)  t0=4858   rollout=  2.2s  avg= 2.5s/seq  elapsed=  2.3m  eta=  0.2m
[run] meanflow  k=6/6 seq=7/10 (57/60)  t0=5830   rollout=  2.3s  avg= 2.5s/seq  elapsed=  2.3m  eta=  0.1m
[run] meanflow  k=6/6 seq=8/10 (58/60)  t0=6802   rollout=  2.6s  avg= 2.5s/seq  elapsed=  2.4m  eta=  0.1m
[run] meanflow  k=6/6 seq=9/10 (59/60)  t0=7774   rollout=  2.4s  avg= 2.5s/seq  elapsed=  2.4m  eta=  0.0m
[run] meanflow  k=6/6 seq=10/10 (60/60)  t0=8746   rollout=  2.4s  avg= 2.5s/seq  elapsed=  2.5m  eta=  0.0m
[run] meanflow ensemble finished in 2.5m
[score] aggregating...
| method | Time/Seq.(s) | CRPS↓ | CSI-M↑ | CSI-P16↑ | FSS-P16-M↑ | HSS-M↑ | FAR-M↓ | RMSE_u10↓ | RMSE_v10↓ | RMSE_t2m↓ | RMSE_qpepre↓ |
|---|---|---|---|---|---|---|---|---|---|---|---|
| diffusion | 20.682 | 0.6845 | 0.1485 | 0.0018 | 0.0014 | 0.1796 | 0.5354 | 1.5857 | 2.0064 | 1.0217 | 0.9704 |
| flowcast_nfe10 | 6.605 | 0.6845 | 0.1335 | 0.0000 | 0.0000 | 0.1687 | 0.4652 | 1.5072 | 1.6543 | 1.1458 | 0.9017 |
| flowcast_nfe15 | 8.668 | 0.6764 | 0.1413 | 0.0018 | 0.0017 | 0.1789 | 0.3959 | 1.5422 | 1.6911 | 1.1507 | 0.8998 |
| flowcast_nfe20 | 11.177 | 0.6834 | 0.1399 | 0.0000 | 0.0000 | 0.1737 | 0.5907 | 1.5427 | 1.7649 | 1.1628 | 0.9126 |
| meanflow_nfe1 | 1.859 | 0.8495 | 0.1463 | 0.0006 | 0.0004 | 0.1854 | 0.3948 | 1.6612 | 2.1821 | 1.0507 | 0.9246 |
| meanflow_nfe2 | 2.698 | 0.7206 | 0.1499 | 0.0024 | 0.0017 | 0.1870 | 0.4226 | 1.5249 | 1.7821 | 1.0077 | 0.9398 |
[done] /home3/davidlcs/Econ-Rag/Local_LLM/test_meeting/Stormcast-Distilation/experiment_scripts/results/main_experiment/cleaned_2M
[2026-06-12 08:34:25] [run_main] leg B done in 3141s
[2026-06-12 08:34:25] [run_main] [cleaned_2M] outputs: 151 files (110M) under /home3/davidlcs/Econ-Rag/Local_LLM/test_meeting/Stormcast-Distilation/experiment_scripts/results/main_experiment/cleaned_2M
[2026-06-12 08:34:25] [run_main] [cleaned_2M] scoreboard.md:
[run_main]     | | method | Time/Seq.(s) | CRPS↓ | CSI-M↑ | CSI-P16↑ | FSS-P16-M↑ | HSS-M↑ | FAR-M↓ | RMSE_u10↓ | RMSE_v10↓ | RMSE_t2m↓ | RMSE_qpepre↓ |
[run_main]     | |---|---|---|---|---|---|---|---|---|---|---|---|
[run_main]     | | diffusion | 20.682 | 0.6845 | 0.1485 | 0.0018 | 0.0014 | 0.1796 | 0.5354 | 1.5857 | 2.0064 | 1.0217 | 0.9704 |
[run_main]     | | flowcast_nfe10 | 6.605 | 0.6845 | 0.1335 | 0.0000 | 0.0000 | 0.1687 | 0.4652 | 1.5072 | 1.6543 | 1.1458 | 0.9017 |
[run_main]     | | flowcast_nfe15 | 8.668 | 0.6764 | 0.1413 | 0.0018 | 0.0017 | 0.1789 | 0.3959 | 1.5422 | 1.6911 | 1.1507 | 0.8998 |
[run_main]     | | flowcast_nfe20 | 11.177 | 0.6834 | 0.1399 | 0.0000 | 0.0000 | 0.1737 | 0.5907 | 1.5427 | 1.7649 | 1.1628 | 0.9126 |
[run_main]     | | meanflow_nfe1 | 1.859 | 0.8495 | 0.1463 | 0.0006 | 0.0004 | 0.1854 | 0.3948 | 1.6612 | 2.1821 | 1.0507 | 0.9246 |
[run_main]     | | meanflow_nfe2 | 2.698 | 0.7206 | 0.1499 | 0.0024 | 0.0017 | 0.1870 | 0.4226 | 1.5249 | 1.7821 | 1.0077 | 0.9398 |
[2026-06-12 08:34:25] [run_main] [cleaned_2M] panels rendered: 144 PNGs

================================================================
[2026-06-12 08:34:25] Stitching 3-way scoreboard
================================================================
[stitch] root = /home3/davidlcs/Econ-Rag/Local_LLM/test_meeting/Stormcast-Distilation/experiment_scripts/results/main_experiment
[stitch]   legacy_edm             <- /home3/davidlcs/Econ-Rag/Local_LLM/test_meeting/Stormcast-Distilation/experiment_scripts/results/main_experiment/legacy/scoreboard.csv::diffusion
[stitch]   cleaned_edm            <- /home3/davidlcs/Econ-Rag/Local_LLM/test_meeting/Stormcast-Distilation/experiment_scripts/results/main_experiment/cleaned_2M/scoreboard.csv::diffusion
[stitch]   cleaned_flow_nfe10     <- /home3/davidlcs/Econ-Rag/Local_LLM/test_meeting/Stormcast-Distilation/experiment_scripts/results/main_experiment/cleaned_2M/scoreboard.csv::flowcast_nfe10
[stitch]   cleaned_flow_nfe15     <- /home3/davidlcs/Econ-Rag/Local_LLM/test_meeting/Stormcast-Distilation/experiment_scripts/results/main_experiment/cleaned_2M/scoreboard.csv::flowcast_nfe15
[stitch]   cleaned_flow_nfe20     <- /home3/davidlcs/Econ-Rag/Local_LLM/test_meeting/Stormcast-Distilation/experiment_scripts/results/main_experiment/cleaned_2M/scoreboard.csv::flowcast_nfe20
[stitch]   cleaned_meanflow_nfe1  <- /home3/davidlcs/Econ-Rag/Local_LLM/test_meeting/Stormcast-Distilation/experiment_scripts/results/main_experiment/cleaned_2M/scoreboard.csv::meanflow_nfe1
[stitch]   cleaned_meanflow_nfe2  <- /home3/davidlcs/Econ-Rag/Local_LLM/test_meeting/Stormcast-Distilation/experiment_scripts/results/main_experiment/cleaned_2M/scoreboard.csv::meanflow_nfe2
[stitch]   collected legacy_edm
[stitch]   collected cleaned_edm
[stitch]   collected cleaned_flow_nfe10
[stitch]   collected cleaned_flow_nfe15
[stitch]   collected cleaned_flow_nfe20
[stitch]   collected cleaned_meanflow_nfe1
[stitch]   collected cleaned_meanflow_nfe2
[stitch] wrote /home3/davidlcs/Econ-Rag/Local_LLM/test_meeting/Stormcast-Distilation/experiment_scripts/results/main_experiment/scoreboard_3way.csv
[stitch] wrote /home3/davidlcs/Econ-Rag/Local_LLM/test_meeting/Stormcast-Distilation/experiment_scripts/results/main_experiment/scoreboard_3way.md
[stitch] preview:
[stitch]   legacy_edm | 46.675 | 0.8739 | 0.0612 | 0.0033 | 0.0069 | 0.0676 | 0.7210 | 1.9724 | 2.0490 | 1.5729 | 1.1784
[stitch]   cleaned_edm | 20.682 | 0.6845 | 0.1485 | 0.0018 | 0.0014 | 0.1796 | 0.5354 | 1.5857 | 2.0064 | 1.0217 | 0.9704
[stitch]   cleaned_flow_nfe10 | 6.605 | 0.6845 | 0.1335 | 0.0000 | 0.0000 | 0.1687 | 0.4652 | 1.5072 | 1.6543 | 1.1458 | 0.9017
[stitch]   cleaned_flow_nfe15 | 8.668 | 0.6764 | 0.1413 | 0.0018 | 0.0017 | 0.1789 | 0.3959 | 1.5422 | 1.6911 | 1.1507 | 0.8998
[stitch]   cleaned_flow_nfe20 | 11.177 | 0.6834 | 0.1399 | 0.0000 | 0.0000 | 0.1737 | 0.5907 | 1.5427 | 1.7649 | 1.1628 | 0.9126
[stitch]   cleaned_meanflow_nfe1 | 1.859 | 0.8495 | 0.1463 | 0.0006 | 0.0004 | 0.1854 | 0.3948 | 1.6612 | 2.1821 | 1.0507 | 0.9246
[stitch]   cleaned_meanflow_nfe2 | 2.698 | 0.7206 | 0.1499 | 0.0024 | 0.0017 | 0.1870 | 0.4226 | 1.5249 | 1.7821 | 1.0077 | 0.9398
[stitch] wrote /home3/davidlcs/Econ-Rag/Local_LLM/test_meeting/Stormcast-Distilation/experiment_scripts/results/main_experiment/rmse_per_step_3way.csv  (84 rows)
[2026-06-12 08:34:25] [run_main] stitch done in 0s

================================================================
[2026-06-12 08:34:25] All done — total elapsed 6045s
================================================================
[2026-06-12 08:34:25] [run_main] outputs:
[2026-06-12 08:34:25] [run_main]   scoreboard         : /home3/davidlcs/Econ-Rag/Local_LLM/test_meeting/Stormcast-Distilation/experiment_scripts/results/main_experiment/scoreboard_3way.{md,csv}
[2026-06-12 08:34:25] [run_main]   per-step RMSE      : /home3/davidlcs/Econ-Rag/Local_LLM/test_meeting/Stormcast-Distilation/experiment_scripts/results/main_experiment/rmse_per_step_3way.csv
[2026-06-12 08:34:25] [run_main]   per-leg            : /home3/davidlcs/Econ-Rag/Local_LLM/test_meeting/Stormcast-Distilation/experiment_scripts/results/main_experiment/{legacy,cleaned_2M}/scoreboard.{md,csv}
[2026-06-12 08:34:25] [run_main]   per-leg per-step   : /home3/davidlcs/Econ-Rag/Local_LLM/test_meeting/Stormcast-Distilation/experiment_scripts/results/main_experiment/{legacy,cleaned_2M}/rmse_per_step.csv
[2026-06-12 08:34:25] [run_main]   per-leg PNG panels : /home3/davidlcs/Econ-Rag/Local_LLM/test_meeting/Stormcast-Distilation/experiment_scripts/results/main_experiment/{legacy,cleaned_2M}/panels/<channel>/seq*_step*.png
[2026-06-12 08:34:25] [run_main]   per-leg DIFF panels: /home3/davidlcs/Econ-Rag/Local_LLM/test_meeting/Stormcast-Distilation/experiment_scripts/results/main_experiment/{legacy,cleaned_2M}/panels/diff/<channel>/seq*_step*.png
[2026-06-12 08:34:25] [run_main]   per-leg run logs   : /home3/davidlcs/Econ-Rag/Local_LLM/test_meeting/Stormcast-Distilation/experiment_scripts/results/main_experiment/{legacy,cleaned_2M}.log
[2026-06-12 08:34:25] [run_main] tail the 3-way scoreboard:
[run_main]     | # Main experiment scoreboard
[run_main]     | 
[run_main]     | Multi-method comparison: legacy old-stormcast baseline vs. cleaned EDM and I-CFM (FlowCast) students at matched ~2 M-sample budget. Each I-CFM row reports a different sampler NFE (10, 15, 20).
[run_main]     | 
[run_main]     | | method | Time/Seq.(s) | CRPS↓ | CSI-M↑ | CSI-P16↑ | FSS-P16-M↑ | HSS-M↑ | FAR-M↓ | RMSE_u10↓ | RMSE_v10↓ | RMSE_t2m↓ | RMSE_qpepre↓ |
[run_main]     | |---|---|---|---|---|---|---|---|---|---|---|---|
[run_main]     | | legacy_edm | 46.675 | 0.8739 | 0.0612 | 0.0033 | 0.0069 | 0.0676 | 0.7210 | 1.9724 | 2.0490 | 1.5729 | 1.1784 |
[run_main]     | | cleaned_edm | 20.682 | 0.6845 | 0.1485 | 0.0018 | 0.0014 | 0.1796 | 0.5354 | 1.5857 | 2.0064 | 1.0217 | 0.9704 |
[run_main]     | | cleaned_flow_nfe10 | 6.605 | 0.6845 | 0.1335 | 0.0000 | 0.0000 | 0.1687 | 0.4652 | 1.5072 | 1.6543 | 1.1458 | 0.9017 |
[run_main]     | | cleaned_flow_nfe15 | 8.668 | 0.6764 | 0.1413 | 0.0018 | 0.0017 | 0.1789 | 0.3959 | 1.5422 | 1.6911 | 1.1507 | 0.8998 |
[run_main]     | | cleaned_flow_nfe20 | 11.177 | 0.6834 | 0.1399 | 0.0000 | 0.0000 | 0.1737 | 0.5907 | 1.5427 | 1.7649 | 1.1628 | 0.9126 |
[run_main]     | | cleaned_meanflow_nfe1 | 1.859 | 0.8495 | 0.1463 | 0.0006 | 0.0004 | 0.1854 | 0.3948 | 1.6612 | 2.1821 | 1.0507 | 0.9246 |
[run_main]     | | cleaned_meanflow_nfe2 | 2.698 | 0.7206 | 0.1499 | 0.0024 | 0.0017 | 0.1870 | 0.4226 | 1.5249 | 1.7821 | 1.0077 | 0.9398 |
