==================================================================
 Neighbourhood-metrics rerun — progress snapshot
 generated: 2026-06-15 12:29:13
 source log: experiment_scripts/results/main_experiment_nbhd/run.out
==================================================================
STATUS: RUNNING
current leg: /main_experiment_nbhd/cleaned_2

--- legs scored so far ---
experiment_scripts/results/main_experiment_nbhd/legacy/scoreboard.csv
(in progress)

--- per-method [run] start/finish lines ---
[run] diffusion ensemble starting: K=10 x S=10 x T=12 = 100 sequence-rollouts
[run] diffusion ensemble finished in 92.0m
[run] diffusion ensemble starting: K=10 x S=10 x T=12 = 100 sequence-rollouts
[run] diffusion ensemble finished in 33.2m
[run] flowcast ensemble starting: K=10 x S=10 x T=12 = 100 sequence-rollouts
[run] flowcast ensemble finished in 10.0m
[run] flowcast ensemble starting: K=10 x S=10 x T=12 = 100 sequence-rollouts
[run] flowcast ensemble finished in 13.7m
[run] flowcast ensemble starting: K=10 x S=10 x T=12 = 100 sequence-rollouts
[run] flowcast ensemble finished in 18.6m
[run] meanflow ensemble starting: K=10 x S=10 x T=12 = 100 sequence-rollouts
[run] meanflow ensemble finished in 3.1m
[run] meanflow ensemble starting: K=10 x S=10 x T=12 = 100 sequence-rollouts

--- last 20 [run] progress lines ---
[run] meanflow  k=6/10 seq=6/10 (56/100)  t0=4858   rollout=  2.2s  avg= 2.3s/seq  elapsed=  2.2m  eta=  1.7m
[run] meanflow  k=6/10 seq=7/10 (57/100)  t0=5830   rollout=  2.2s  avg= 2.3s/seq  elapsed=  2.2m  eta=  1.7m
[run] meanflow  k=6/10 seq=8/10 (58/100)  t0=6802   rollout=  2.3s  avg= 2.3s/seq  elapsed=  2.2m  eta=  1.6m
[run] meanflow  k=6/10 seq=9/10 (59/100)  t0=7774   rollout=  2.2s  avg= 2.3s/seq  elapsed=  2.3m  eta=  1.6m
[run] meanflow  k=6/10 seq=10/10 (60/100)  t0=8746   rollout=  2.3s  avg= 2.3s/seq  elapsed=  2.3m  eta=  1.5m
[run] meanflow  k=7/10 seq=1/10 (61/100)  t0=0      rollout=  2.3s  avg= 2.3s/seq  elapsed=  2.3m  eta=  1.5m
[run] meanflow  k=7/10 seq=2/10 (62/100)  t0=971    rollout=  2.4s  avg= 2.3s/seq  elapsed=  2.4m  eta=  1.5m
[run] meanflow  k=7/10 seq=3/10 (63/100)  t0=1943   rollout=  2.4s  avg= 2.3s/seq  elapsed=  2.4m  eta=  1.4m
[run] meanflow  k=7/10 seq=4/10 (64/100)  t0=2915   rollout=  2.4s  avg= 2.3s/seq  elapsed=  2.5m  eta=  1.4m
[run] meanflow  k=7/10 seq=5/10 (65/100)  t0=3887   rollout=  2.4s  avg= 2.3s/seq  elapsed=  2.5m  eta=  1.4m
[run] meanflow  k=7/10 seq=6/10 (66/100)  t0=4858   rollout=  2.4s  avg= 2.3s/seq  elapsed=  2.5m  eta=  1.3m
[run] meanflow  k=7/10 seq=7/10 (67/100)  t0=5830   rollout=  2.9s  avg= 2.3s/seq  elapsed=  2.6m  eta=  1.3m
[run] meanflow  k=7/10 seq=8/10 (68/100)  t0=6802   rollout=  2.3s  avg= 2.3s/seq  elapsed=  2.6m  eta=  1.2m
[run] meanflow  k=7/10 seq=9/10 (69/100)  t0=7774   rollout=  2.2s  avg= 2.3s/seq  elapsed=  2.7m  eta=  1.2m
[run] meanflow  k=7/10 seq=10/10 (70/100)  t0=8746   rollout=  2.3s  avg= 2.3s/seq  elapsed=  2.7m  eta=  1.2m
[run] meanflow  k=8/10 seq=1/10 (71/100)  t0=0      rollout=  2.2s  avg= 2.3s/seq  elapsed=  2.7m  eta=  1.1m
[run] meanflow  k=8/10 seq=2/10 (72/100)  t0=971    rollout=  2.3s  avg= 2.3s/seq  elapsed=  2.8m  eta=  1.1m
[run] meanflow  k=8/10 seq=3/10 (73/100)  t0=1943   rollout=  2.3s  avg= 2.3s/seq  elapsed=  2.8m  eta=  1.0m
[run] meanflow  k=8/10 seq=4/10 (74/100)  t0=2915   rollout=  2.3s  avg= 2.3s/seq  elapsed=  2.9m  eta=  1.0m
[run] meanflow  k=8/10 seq=5/10 (75/100)  t0=3887   rollout=  2.3s  avg= 2.3s/seq  elapsed=  2.9m  eta=  1.0m

--- run_main banners ---
[2026-06-15 09:32:54] [run_main]   OK     LEGACY_DATA=/home3/davidlcs/Econ-Rag/Local_LLM/test_meeting/Stormcast-Distilation/exp_3_train_2_5_yrs_val_1yr_tp1/zarr_exp3_L_24_H_24_train_2_5_years_full
[2026-06-15 09:32:54] [run_main]   OK     LEGACY_REG=/home3/davidlcs/Econ-Rag/Local_LLM/test_meeting/Stormcast-Distilation/exp_3_train_2_5_yrs_val_1yr_tp1/exp_3_reg_L_24_H_4_train_2_5_years/0/checkpoints_regression/StormCastUNet.0.7500.mdlus
[2026-06-15 09:32:54] [run_main]   OK     LEGACY_EDM=/home3/davidlcs/Econ-Rag/Local_LLM/test_meeting/Stormcast-Distilation/exp_3_train_2_5_yrs_val_1yr_tp1/exp_3_dif_L_24_H_4_train_2_5_years/0/checkpoints_diffusion/EDMPrecond.0.70000.mdlus
[2026-06-15 09:32:54] [run_main]   OK     CLEANED_DATA=/home3/davidlcs/Econ-Rag/Local_LLM/test_meeting/Stormcast-Distilation/exp_3_train_2_5_yrs_val_1yr_tp1/zarr_exp3_L_24_H_24_train_2_5_years_full_cleaned_4_27_2026
[2026-06-15 09:32:54] [run_main]   OK     CLEANED_REG=/home3/davidlcs/Econ-Rag/Local_LLM/test_meeting/Stormcast-Distilation/runs/regression_zettabyte_v1_cleaned_4_27_2026/regression_zettabyte_cleaned_4_27_2026/run_0/checkpoints_regression/StormCastUNet.0.8000.mdlus
[2026-06-15 09:32:54] [run_main]   OK     CLEANED_EDM=/home3/davidlcs/Econ-Rag/Local_LLM/test_meeting/Stormcast-Distilation/runs/diffusion_zettabyte_v1_cleaned_4_27_2026/diffusion_zettabyte_cleaned_4_27_2026/run_0/checkpoints_diffusion/EDMPrecond.0.31000.mdlus
[2026-06-15 09:32:54] [run_main]   OK     CLEANED_FLOW=/home3/davidlcs/Econ-Rag/Local_LLM/test_meeting/Stormcast-Distilation/runs/flowcast_zettabyte_v1_cleaned_4_27_2026/flowcast_zettabyte_cleaned_4_27_2026/run_0/checkpoints_flowcast/FlowCastPrecond.0.20000.mdlus
[2026-06-15 09:32:54] [run_main]   OK     CLEANED_MEANFLOW=/home3/davidlcs/Econ-Rag/Local_LLM/test_meeting/Stormcast-Distilation/runs/meanflow_zettabyte_v1_cleaned_4_27_2026/meanflow_zettabyte_cleaned_4_27_2026/run_0/checkpoints_meanflow/MeanFlowPrecond.0.20000.mdlus
[2026-06-15 09:32:54] [run_main] pre-flight OK
[2026-06-15 09:32:54] Leg A — legacy old-stormcast on old 224x128 dataset
[2026-06-15 09:32:54] [run_main] regression : /home3/davidlcs/Econ-Rag/Local_LLM/test_meeting/Stormcast-Distilation/exp_3_train_2_5_yrs_val_1yr_tp1/exp_3_reg_L_24_H_4_train_2_5_years/0/checkpoints_regression/StormCastUNet.0.7500.mdlus
[2026-06-15 09:32:54] [run_main] diffusion  : /home3/davidlcs/Econ-Rag/Local_LLM/test_meeting/Stormcast-Distilation/exp_3_train_2_5_yrs_val_1yr_tp1/exp_3_dif_L_24_H_4_train_2_5_years/0/checkpoints_diffusion/EDMPrecond.0.70000.mdlus
[2026-06-15 09:32:54] [run_main] dataset    : /home3/davidlcs/Econ-Rag/Local_LLM/test_meeting/Stormcast-Distilation/exp_3_train_2_5_yrs_val_1yr_tp1/zarr_exp3_L_24_H_24_train_2_5_years_full
[2026-06-15 09:32:54] [run_main] log -> /home3/davidlcs/Econ-Rag/Local_LLM/test_meeting/Stormcast-Distilation/experiment_scripts/results/main_experiment_nbhd/legacy.log
[2026-06-15 11:06:28] [run_main] leg A done in 5614s
[2026-06-15 11:06:28] [run_main] [legacy] outputs: 103 files (38M) under /home3/davidlcs/Econ-Rag/Local_LLM/test_meeting/Stormcast-Distilation/experiment_scripts/results/main_experiment_nbhd/legacy
[2026-06-15 11:06:28] [run_main] [legacy] scoreboard.md:
[2026-06-15 11:06:28] [run_main] [legacy] panels rendered: 96 PNGs
[2026-06-15 11:06:28] Leg B — cleaned EDM + FlowCast + MeanFlow (all @ ~2M samples)
[2026-06-15 11:06:28] [run_main] regression : /home3/davidlcs/Econ-Rag/Local_LLM/test_meeting/Stormcast-Distilation/runs/regression_zettabyte_v1_cleaned_4_27_2026/regression_zettabyte_cleaned_4_27_2026/run_0/checkpoints_regression/StormCastUNet.0.8000.mdlus
[2026-06-15 11:06:28] [run_main] diffusion  : /home3/davidlcs/Econ-Rag/Local_LLM/test_meeting/Stormcast-Distilation/runs/diffusion_zettabyte_v1_cleaned_4_27_2026/diffusion_zettabyte_cleaned_4_27_2026/run_0/checkpoints_diffusion/EDMPrecond.0.31000.mdlus
[2026-06-15 11:06:28] [run_main] flowcast   : /home3/davidlcs/Econ-Rag/Local_LLM/test_meeting/Stormcast-Distilation/runs/flowcast_zettabyte_v1_cleaned_4_27_2026/flowcast_zettabyte_cleaned_4_27_2026/run_0/checkpoints_flowcast/FlowCastPrecond.0.20000.mdlus
[2026-06-15 11:06:28] [run_main] meanflow   : /home3/davidlcs/Econ-Rag/Local_LLM/test_meeting/Stormcast-Distilation/runs/meanflow_zettabyte_v1_cleaned_4_27_2026/meanflow_zettabyte_cleaned_4_27_2026/run_0/checkpoints_meanflow/MeanFlowPrecond.0.20000.mdlus (NFE 1 2)
[2026-06-15 11:06:28] [run_main] dataset    : /home3/davidlcs/Econ-Rag/Local_LLM/test_meeting/Stormcast-Distilation/exp_3_train_2_5_yrs_val_1yr_tp1/zarr_exp3_L_24_H_24_train_2_5_years_full_cleaned_4_27_2026
[2026-06-15 11:06:28] [run_main] log -> /home3/davidlcs/Econ-Rag/Local_LLM/test_meeting/Stormcast-Distilation/experiment_scripts/results/main_experiment_nbhd/cleaned_2M.log
