[qual] python       = /home3/davidlcs/Econ-Rag/Local_LLM/test_meeting/Stormcast-Distilation/stormcast_env/bin/python
[qual] CUDA devices = 1
[qual] out_dir      = /home3/davidlcs/Econ-Rag/Local_LLM/test_meeting/Stormcast-Distilation/experiment_scripts/results/qual_thesis
[qual] fig_out      = /home3/davidlcs/Econ-Rag/Local_LLM/test_meeting/Stormcast-Distilation/NTU-Thesis-LaTeX-Template/figures/results
/home3/davidlcs/Econ-Rag/Local_LLM/test_meeting/Stormcast-Distilation/physicsnemo/distributed/manager.py:415: UserWarning: Could not initialize using ENV, SLURM or OPENMPI methods. Assuming this is a single process job
  warn(
[device] cuda:0
[data] /home3/davidlcs/Econ-Rag/Local_LLM/test_meeting/Stormcast-Distilation/exp_3_train_2_5_yrs_val_1yr_tp1/zarr_exp3_L_24_H_24_train_2_5_years_full_cleaned_4_27_2026 valid=['2022/01/01', '2022/12/31'] hr=[192, 96]
[data] usable pairs=8759 channels=['u10', 'v10', 't2m', 'qpepre']
[seqs] 24 sequences x 1 steps (first=0, last=8757)
[load] regression /home3/davidlcs/Econ-Rag/Local_LLM/test_meeting/Stormcast-Distilation/runs/regression_zettabyte_v1_cleaned_4_27_2026/regression_zettabyte_cleaned_4_27_2026/run_0/checkpoints_regression/StormCastUNet.0.8000.mdlus
[load] diffusion /home3/davidlcs/Econ-Rag/Local_LLM/test_meeting/Stormcast-Distilation/runs/diffusion_zettabyte_v1_cleaned_4_27_2026/diffusion_zettabyte_cleaned_4_27_2026/run_0/checkpoints_diffusion/EDMPrecond.0.31000.mdlus
[run] diffusion ensemble (K=10, NFE/step≈36)
[run] diffusion ensemble starting: K=10 x S=24 x T=1 = 240 sequence-rollouts
[run] diffusion  k=1/10 seq=1/24 (1/240)  t0=0      rollout=  2.3s  avg= 2.3s/seq  elapsed=  0.0m  eta=  9.2m
[run] diffusion  k=1/10 seq=2/24 (2/240)  t0=380    rollout=  2.2s  avg= 2.3s/seq  elapsed=  0.1m  eta=  9.0m
[run] diffusion  k=1/10 seq=3/24 (3/240)  t0=761    rollout=  2.0s  avg= 2.2s/seq  elapsed=  0.1m  eta=  8.6m
[run] diffusion  k=1/10 seq=4/24 (4/240)  t0=1142   rollout=  2.2s  avg= 2.2s/seq  elapsed=  0.1m  eta=  8.6m
[run] diffusion  k=1/10 seq=5/24 (5/240)  t0=1522   rollout=  1.9s  avg= 2.1s/seq  elapsed=  0.2m  eta=  8.4m
[run] diffusion  k=1/10 seq=6/24 (6/240)  t0=1903   rollout=  2.0s  avg= 2.1s/seq  elapsed=  0.2m  eta=  8.2m
[run] diffusion  k=1/10 seq=7/24 (7/240)  t0=2284   rollout=  2.0s  avg= 2.1s/seq  elapsed=  0.2m  eta=  8.1m
[run] diffusion  k=1/10 seq=8/24 (8/240)  t0=2665   rollout=  2.0s  avg= 2.1s/seq  elapsed=  0.3m  eta=  8.1m
[run] diffusion  k=1/10 seq=9/24 (9/240)  t0=3045   rollout=  2.0s  avg= 2.1s/seq  elapsed=  0.3m  eta=  8.0m
[run] diffusion  k=1/10 seq=10/24 (10/240)  t0=3426   rollout=  2.1s  avg= 2.1s/seq  elapsed=  0.3m  eta=  8.0m
[run] diffusion  k=1/10 seq=11/24 (11/240)  t0=3807   rollout=  2.0s  avg= 2.1s/seq  elapsed=  0.4m  eta=  7.9m
[run] diffusion  k=1/10 seq=12/24 (12/240)  t0=4188   rollout=  2.1s  avg= 2.1s/seq  elapsed=  0.4m  eta=  7.9m
[run] diffusion  k=1/10 seq=13/24 (13/240)  t0=4568   rollout=  2.1s  avg= 2.1s/seq  elapsed=  0.5m  eta=  7.9m
[run] diffusion  k=1/10 seq=14/24 (14/240)  t0=4949   rollout=  2.1s  avg= 2.1s/seq  elapsed=  0.5m  eta=  7.8m
[run] diffusion  k=1/10 seq=15/24 (15/240)  t0=5330   rollout=  2.0s  avg= 2.1s/seq  elapsed=  0.5m  eta=  7.8m
[run] diffusion  k=1/10 seq=16/24 (16/240)  t0=5711   rollout=  2.1s  avg= 2.1s/seq  elapsed=  0.6m  eta=  7.8m
[run] diffusion  k=1/10 seq=17/24 (17/240)  t0=6091   rollout=  2.1s  avg= 2.1s/seq  elapsed=  0.6m  eta=  7.7m
[run] diffusion  k=1/10 seq=18/24 (18/240)  t0=6472   rollout=  2.1s  avg= 2.1s/seq  elapsed=  0.6m  eta=  7.7m
[run] diffusion  k=1/10 seq=19/24 (19/240)  t0=6853   rollout=  2.0s  avg= 2.1s/seq  elapsed=  0.7m  eta=  7.6m
[run] diffusion  k=1/10 seq=20/24 (20/240)  t0=7234   rollout=  2.1s  avg= 2.1s/seq  elapsed=  0.7m  eta=  7.6m
[run] diffusion  k=1/10 seq=21/24 (21/240)  t0=7614   rollout=  2.0s  avg= 2.1s/seq  elapsed=  0.7m  eta=  7.6m
[run] diffusion  k=1/10 seq=22/24 (22/240)  t0=7995   rollout=  2.2s  avg= 2.1s/seq  elapsed=  0.8m  eta=  7.6m
[run] diffusion  k=1/10 seq=23/24 (23/240)  t0=8376   rollout=  2.1s  avg= 2.1s/seq  elapsed=  0.8m  eta=  7.5m
[run] diffusion  k=1/10 seq=24/24 (24/240)  t0=8757   rollout=  1.6s  avg= 2.1s/seq  elapsed=  0.8m  eta=  7.4m
[run] diffusion  k=2/10 seq=1/24 (25/240)  t0=0      rollout=  1.6s  avg= 2.0s/seq  elapsed=  0.9m  eta=  7.3m
[run] diffusion  k=2/10 seq=2/24 (26/240)  t0=380    rollout=  1.5s  avg= 2.0s/seq  elapsed=  0.9m  eta=  7.2m
[run] diffusion  k=2/10 seq=3/24 (27/240)  t0=761    rollout=  1.6s  avg= 2.0s/seq  elapsed=  0.9m  eta=  7.1m
[run] diffusion  k=2/10 seq=4/24 (28/240)  t0=1142   rollout=  1.6s  avg= 2.0s/seq  elapsed=  0.9m  eta=  7.0m
[run] diffusion  k=2/10 seq=5/24 (29/240)  t0=1522   rollout=  1.6s  avg= 2.0s/seq  elapsed=  1.0m  eta=  6.9m
[run] diffusion  k=2/10 seq=6/24 (30/240)  t0=1903   rollout=  1.6s  avg= 2.0s/seq  elapsed=  1.0m  eta=  6.9m
[run] diffusion  k=2/10 seq=7/24 (31/240)  t0=2284   rollout=  1.5s  avg= 1.9s/seq  elapsed=  1.0m  eta=  6.8m
[run] diffusion  k=2/10 seq=8/24 (32/240)  t0=2665   rollout=  1.5s  avg= 1.9s/seq  elapsed=  1.0m  eta=  6.7m
[run] diffusion  k=2/10 seq=9/24 (33/240)  t0=3045   rollout=  1.6s  avg= 1.9s/seq  elapsed=  1.1m  eta=  6.6m
[run] diffusion  k=2/10 seq=10/24 (34/240)  t0=3426   rollout=  1.5s  avg= 1.9s/seq  elapsed=  1.1m  eta=  6.6m
[run] diffusion  k=2/10 seq=11/24 (35/240)  t0=3807   rollout=  1.6s  avg= 1.9s/seq  elapsed=  1.1m  eta=  6.5m
[run] diffusion  k=2/10 seq=12/24 (36/240)  t0=4188   rollout=  1.6s  avg= 1.9s/seq  elapsed=  1.1m  eta=  6.4m
[run] diffusion  k=2/10 seq=13/24 (37/240)  t0=4568   rollout=  1.6s  avg= 1.9s/seq  elapsed=  1.2m  eta=  6.4m
[run] diffusion  k=2/10 seq=14/24 (38/240)  t0=4949   rollout=  1.6s  avg= 1.9s/seq  elapsed=  1.2m  eta=  6.3m
[run] diffusion  k=2/10 seq=15/24 (39/240)  t0=5330   rollout=  1.6s  avg= 1.9s/seq  elapsed=  1.2m  eta=  6.3m
[run] diffusion  k=2/10 seq=16/24 (40/240)  t0=5711   rollout=  1.6s  avg= 1.9s/seq  elapsed=  1.2m  eta=  6.2m
[run] diffusion  k=2/10 seq=17/24 (41/240)  t0=6091   rollout=  1.6s  avg= 1.9s/seq  elapsed=  1.3m  eta=  6.1m
[run] diffusion  k=2/10 seq=18/24 (42/240)  t0=6472   rollout=  1.6s  avg= 1.8s/seq  elapsed=  1.3m  eta=  6.1m
[run] diffusion  k=2/10 seq=19/24 (43/240)  t0=6853   rollout=  1.6s  avg= 1.8s/seq  elapsed=  1.3m  eta=  6.0m
[run] diffusion  k=2/10 seq=20/24 (44/240)  t0=7234   rollout=  1.6s  avg= 1.8s/seq  elapsed=  1.3m  eta=  6.0m
[run] diffusion  k=2/10 seq=21/24 (45/240)  t0=7614   rollout=  1.6s  avg= 1.8s/seq  elapsed=  1.4m  eta=  5.9m
[run] diffusion  k=2/10 seq=22/24 (46/240)  t0=7995   rollout=  1.6s  avg= 1.8s/seq  elapsed=  1.4m  eta=  5.9m
[run] diffusion  k=2/10 seq=23/24 (47/240)  t0=8376   rollout=  1.6s  avg= 1.8s/seq  elapsed=  1.4m  eta=  5.8m
[run] diffusion  k=2/10 seq=24/24 (48/240)  t0=8757   rollout=  1.6s  avg= 1.8s/seq  elapsed=  1.4m  eta=  5.8m
[run] diffusion  k=3/10 seq=1/24 (49/240)  t0=0      rollout=  1.6s  avg= 1.8s/seq  elapsed=  1.5m  eta=  5.8m
[run] diffusion  k=3/10 seq=2/24 (50/240)  t0=380    rollout=  1.6s  avg= 1.8s/seq  elapsed=  1.5m  eta=  5.7m
[run] diffusion  k=3/10 seq=3/24 (51/240)  t0=761    rollout=  1.5s  avg= 1.8s/seq  elapsed=  1.5m  eta=  5.7m
[run] diffusion  k=3/10 seq=4/24 (52/240)  t0=1142   rollout=  1.6s  avg= 1.8s/seq  elapsed=  1.6m  eta=  5.6m
[run] diffusion  k=3/10 seq=5/24 (53/240)  t0=1522   rollout=  1.6s  avg= 1.8s/seq  elapsed=  1.6m  eta=  5.6m
[run] diffusion  k=3/10 seq=6/24 (54/240)  t0=1903   rollout=  1.6s  avg= 1.8s/seq  elapsed=  1.6m  eta=  5.5m
[run] diffusion  k=3/10 seq=7/24 (55/240)  t0=2284   rollout=  1.6s  avg= 1.8s/seq  elapsed=  1.6m  eta=  5.5m
[run] diffusion  k=3/10 seq=8/24 (56/240)  t0=2665   rollout=  1.6s  avg= 1.8s/seq  elapsed=  1.7m  eta=  5.5m
[run] diffusion  k=3/10 seq=9/24 (57/240)  t0=3045   rollout=  1.5s  avg= 1.8s/seq  elapsed=  1.7m  eta=  5.4m
[run] diffusion  k=3/10 seq=10/24 (58/240)  t0=3426   rollout=  1.6s  avg= 1.8s/seq  elapsed=  1.7m  eta=  5.4m
[run] diffusion  k=3/10 seq=11/24 (59/240)  t0=3807   rollout=  1.6s  avg= 1.8s/seq  elapsed=  1.7m  eta=  5.3m
[run] diffusion  k=3/10 seq=12/24 (60/240)  t0=4188   rollout=  1.6s  avg= 1.8s/seq  elapsed=  1.8m  eta=  5.3m
[run] diffusion  k=3/10 seq=13/24 (61/240)  t0=4568   rollout=  1.6s  avg= 1.8s/seq  elapsed=  1.8m  eta=  5.3m
[run] diffusion  k=3/10 seq=14/24 (62/240)  t0=4949   rollout=  1.6s  avg= 1.8s/seq  elapsed=  1.8m  eta=  5.2m
[run] diffusion  k=3/10 seq=15/24 (63/240)  t0=5330   rollout=  1.6s  avg= 1.8s/seq  elapsed=  1.8m  eta=  5.2m
[run] diffusion  k=3/10 seq=16/24 (64/240)  t0=5711   rollout=  1.6s  avg= 1.8s/seq  elapsed=  1.9m  eta=  5.1m
[run] diffusion  k=3/10 seq=17/24 (65/240)  t0=6091   rollout=  1.6s  avg= 1.7s/seq  elapsed=  1.9m  eta=  5.1m
[run] diffusion  k=3/10 seq=18/24 (66/240)  t0=6472   rollout=  1.6s  avg= 1.7s/seq  elapsed=  1.9m  eta=  5.1m
[run] diffusion  k=3/10 seq=19/24 (67/240)  t0=6853   rollout=  1.6s  avg= 1.7s/seq  elapsed=  1.9m  eta=  5.0m
[run] diffusion  k=3/10 seq=20/24 (68/240)  t0=7234   rollout=  1.6s  avg= 1.7s/seq  elapsed=  2.0m  eta=  5.0m
[run] diffusion  k=3/10 seq=21/24 (69/240)  t0=7614   rollout=  1.6s  avg= 1.7s/seq  elapsed=  2.0m  eta=  5.0m
[run] diffusion  k=3/10 seq=22/24 (70/240)  t0=7995   rollout=  1.6s  avg= 1.7s/seq  elapsed=  2.0m  eta=  4.9m
[run] diffusion  k=3/10 seq=23/24 (71/240)  t0=8376   rollout=  1.6s  avg= 1.7s/seq  elapsed=  2.1m  eta=  4.9m
[run] diffusion  k=3/10 seq=24/24 (72/240)  t0=8757   rollout=  1.6s  avg= 1.7s/seq  elapsed=  2.1m  eta=  4.8m
[run] diffusion  k=4/10 seq=1/24 (73/240)  t0=0      rollout=  1.6s  avg= 1.7s/seq  elapsed=  2.1m  eta=  4.8m
[run] diffusion  k=4/10 seq=2/24 (74/240)  t0=380    rollout=  1.6s  avg= 1.7s/seq  elapsed=  2.1m  eta=  4.8m
[run] diffusion  k=4/10 seq=3/24 (75/240)  t0=761    rollout=  1.6s  avg= 1.7s/seq  elapsed=  2.2m  eta=  4.7m
[run] diffusion  k=4/10 seq=4/24 (76/240)  t0=1142   rollout=  1.6s  avg= 1.7s/seq  elapsed=  2.2m  eta=  4.7m
[run] diffusion  k=4/10 seq=5/24 (77/240)  t0=1522   rollout=  1.6s  avg= 1.7s/seq  elapsed=  2.2m  eta=  4.7m
[run] diffusion  k=4/10 seq=6/24 (78/240)  t0=1903   rollout=  1.6s  avg= 1.7s/seq  elapsed=  2.2m  eta=  4.6m
[run] diffusion  k=4/10 seq=7/24 (79/240)  t0=2284   rollout=  1.6s  avg= 1.7s/seq  elapsed=  2.3m  eta=  4.6m
[run] diffusion  k=4/10 seq=8/24 (80/240)  t0=2665   rollout=  1.6s  avg= 1.7s/seq  elapsed=  2.3m  eta=  4.6m
[run] diffusion  k=4/10 seq=9/24 (81/240)  t0=3045   rollout=  1.6s  avg= 1.7s/seq  elapsed=  2.3m  eta=  4.5m
[run] diffusion  k=4/10 seq=10/24 (82/240)  t0=3426   rollout=  1.6s  avg= 1.7s/seq  elapsed=  2.3m  eta=  4.5m
[run] diffusion  k=4/10 seq=11/24 (83/240)  t0=3807   rollout=  1.6s  avg= 1.7s/seq  elapsed=  2.4m  eta=  4.5m
[run] diffusion  k=4/10 seq=12/24 (84/240)  t0=4188   rollout=  1.6s  avg= 1.7s/seq  elapsed=  2.4m  eta=  4.4m
[run] diffusion  k=4/10 seq=13/24 (85/240)  t0=4568   rollout=  1.7s  avg= 1.7s/seq  elapsed=  2.4m  eta=  4.4m
[run] diffusion  k=4/10 seq=14/24 (86/240)  t0=4949   rollout=  1.6s  avg= 1.7s/seq  elapsed=  2.4m  eta=  4.4m
[run] diffusion  k=4/10 seq=15/24 (87/240)  t0=5330   rollout=  1.6s  avg= 1.7s/seq  elapsed=  2.5m  eta=  4.3m
[run] diffusion  k=4/10 seq=16/24 (88/240)  t0=5711   rollout=  1.6s  avg= 1.7s/seq  elapsed=  2.5m  eta=  4.3m
[run] diffusion  k=4/10 seq=17/24 (89/240)  t0=6091   rollout=  1.6s  avg= 1.7s/seq  elapsed=  2.5m  eta=  4.3m
[run] diffusion  k=4/10 seq=18/24 (90/240)  t0=6472   rollout=  1.6s  avg= 1.7s/seq  elapsed=  2.6m  eta=  4.3m
[run] diffusion  k=4/10 seq=19/24 (91/240)  t0=6853   rollout=  1.6s  avg= 1.7s/seq  elapsed=  2.6m  eta=  4.2m
[run] diffusion  k=4/10 seq=20/24 (92/240)  t0=7234   rollout=  1.6s  avg= 1.7s/seq  elapsed=  2.6m  eta=  4.2m
[run] diffusion  k=4/10 seq=21/24 (93/240)  t0=7614   rollout=  1.6s  avg= 1.7s/seq  elapsed=  2.6m  eta=  4.2m
[run] diffusion  k=4/10 seq=22/24 (94/240)  t0=7995   rollout=  1.6s  avg= 1.7s/seq  elapsed=  2.7m  eta=  4.1m
[run] diffusion  k=4/10 seq=23/24 (95/240)  t0=8376   rollout=  1.6s  avg= 1.7s/seq  elapsed=  2.7m  eta=  4.1m
[run] diffusion  k=4/10 seq=24/24 (96/240)  t0=8757   rollout=  1.6s  avg= 1.7s/seq  elapsed=  2.7m  eta=  4.1m
[run] diffusion  k=5/10 seq=1/24 (97/240)  t0=0      rollout=  1.6s  avg= 1.7s/seq  elapsed=  2.7m  eta=  4.0m
[run] diffusion  k=5/10 seq=2/24 (98/240)  t0=380    rollout=  1.6s  avg= 1.7s/seq  elapsed=  2.8m  eta=  4.0m
[run] diffusion  k=5/10 seq=3/24 (99/240)  t0=761    rollout=  1.6s  avg= 1.7s/seq  elapsed=  2.8m  eta=  4.0m
[run] diffusion  k=5/10 seq=4/24 (100/240)  t0=1142   rollout=  1.6s  avg= 1.7s/seq  elapsed=  2.8m  eta=  3.9m
[run] diffusion  k=5/10 seq=5/24 (101/240)  t0=1522   rollout=  1.6s  avg= 1.7s/seq  elapsed=  2.8m  eta=  3.9m
[run] diffusion  k=5/10 seq=6/24 (102/240)  t0=1903   rollout=  1.6s  avg= 1.7s/seq  elapsed=  2.9m  eta=  3.9m
[run] diffusion  k=5/10 seq=7/24 (103/240)  t0=2284   rollout=  1.6s  avg= 1.7s/seq  elapsed=  2.9m  eta=  3.8m
[run] diffusion  k=5/10 seq=8/24 (104/240)  t0=2665   rollout=  1.6s  avg= 1.7s/seq  elapsed=  2.9m  eta=  3.8m
[run] diffusion  k=5/10 seq=9/24 (105/240)  t0=3045   rollout=  1.6s  avg= 1.7s/seq  elapsed=  2.9m  eta=  3.8m
[run] diffusion  k=5/10 seq=10/24 (106/240)  t0=3426   rollout=  1.6s  avg= 1.7s/seq  elapsed=  3.0m  eta=  3.8m
[run] diffusion  k=5/10 seq=11/24 (107/240)  t0=3807   rollout=  1.6s  avg= 1.7s/seq  elapsed=  3.0m  eta=  3.7m
[run] diffusion  k=5/10 seq=12/24 (108/240)  t0=4188   rollout=  1.6s  avg= 1.7s/seq  elapsed=  3.0m  eta=  3.7m
[run] diffusion  k=5/10 seq=13/24 (109/240)  t0=4568   rollout=  1.6s  avg= 1.7s/seq  elapsed=  3.1m  eta=  3.7m
[run] diffusion  k=5/10 seq=14/24 (110/240)  t0=4949   rollout=  1.6s  avg= 1.7s/seq  elapsed=  3.1m  eta=  3.6m
[run] diffusion  k=5/10 seq=15/24 (111/240)  t0=5330   rollout=  1.6s  avg= 1.7s/seq  elapsed=  3.1m  eta=  3.6m
[run] diffusion  k=5/10 seq=16/24 (112/240)  t0=5711   rollout=  1.6s  avg= 1.7s/seq  elapsed=  3.1m  eta=  3.6m
[run] diffusion  k=5/10 seq=17/24 (113/240)  t0=6091   rollout=  1.6s  avg= 1.7s/seq  elapsed=  3.2m  eta=  3.5m
[run] diffusion  k=5/10 seq=18/24 (114/240)  t0=6472   rollout=  1.6s  avg= 1.7s/seq  elapsed=  3.2m  eta=  3.5m
[run] diffusion  k=5/10 seq=19/24 (115/240)  t0=6853   rollout=  1.6s  avg= 1.7s/seq  elapsed=  3.2m  eta=  3.5m
[run] diffusion  k=5/10 seq=20/24 (116/240)  t0=7234   rollout=  1.6s  avg= 1.7s/seq  elapsed=  3.2m  eta=  3.5m
[run] diffusion  k=5/10 seq=21/24 (117/240)  t0=7614   rollout=  1.6s  avg= 1.7s/seq  elapsed=  3.3m  eta=  3.4m
[run] diffusion  k=5/10 seq=22/24 (118/240)  t0=7995   rollout=  1.5s  avg= 1.7s/seq  elapsed=  3.3m  eta=  3.4m
[run] diffusion  k=5/10 seq=23/24 (119/240)  t0=8376   rollout=  1.6s  avg= 1.7s/seq  elapsed=  3.3m  eta=  3.4m
[run] diffusion  k=5/10 seq=24/24 (120/240)  t0=8757   rollout=  1.6s  avg= 1.7s/seq  elapsed=  3.3m  eta=  3.3m
[run] diffusion  k=6/10 seq=1/24 (121/240)  t0=0      rollout=  1.6s  avg= 1.7s/seq  elapsed=  3.4m  eta=  3.3m
[run] diffusion  k=6/10 seq=2/24 (122/240)  t0=380    rollout=  1.6s  avg= 1.7s/seq  elapsed=  3.4m  eta=  3.3m
[run] diffusion  k=6/10 seq=3/24 (123/240)  t0=761    rollout=  1.6s  avg= 1.7s/seq  elapsed=  3.4m  eta=  3.3m
[run] diffusion  k=6/10 seq=4/24 (124/240)  t0=1142   rollout=  1.6s  avg= 1.7s/seq  elapsed=  3.4m  eta=  3.2m
[run] diffusion  k=6/10 seq=5/24 (125/240)  t0=1522   rollout=  1.6s  avg= 1.7s/seq  elapsed=  3.5m  eta=  3.2m
[run] diffusion  k=6/10 seq=6/24 (126/240)  t0=1903   rollout=  1.6s  avg= 1.7s/seq  elapsed=  3.5m  eta=  3.2m
[run] diffusion  k=6/10 seq=7/24 (127/240)  t0=2284   rollout=  1.6s  avg= 1.7s/seq  elapsed=  3.5m  eta=  3.1m
[run] diffusion  k=6/10 seq=8/24 (128/240)  t0=2665   rollout=  1.6s  avg= 1.7s/seq  elapsed=  3.5m  eta=  3.1m
[run] diffusion  k=6/10 seq=9/24 (129/240)  t0=3045   rollout=  1.6s  avg= 1.7s/seq  elapsed=  3.6m  eta=  3.1m
[run] diffusion  k=6/10 seq=10/24 (130/240)  t0=3426   rollout=  1.6s  avg= 1.7s/seq  elapsed=  3.6m  eta=  3.0m
[run] diffusion  k=6/10 seq=11/24 (131/240)  t0=3807   rollout=  1.6s  avg= 1.7s/seq  elapsed=  3.6m  eta=  3.0m
[run] diffusion  k=6/10 seq=12/24 (132/240)  t0=4188   rollout=  1.6s  avg= 1.7s/seq  elapsed=  3.7m  eta=  3.0m
[run] diffusion  k=6/10 seq=13/24 (133/240)  t0=4568   rollout=  1.6s  avg= 1.7s/seq  elapsed=  3.7m  eta=  3.0m
[run] diffusion  k=6/10 seq=14/24 (134/240)  t0=4949   rollout=  1.6s  avg= 1.7s/seq  elapsed=  3.7m  eta=  2.9m
[run] diffusion  k=6/10 seq=15/24 (135/240)  t0=5330   rollout=  1.6s  avg= 1.7s/seq  elapsed=  3.7m  eta=  2.9m
[run] diffusion  k=6/10 seq=16/24 (136/240)  t0=5711   rollout=  1.6s  avg= 1.7s/seq  elapsed=  3.8m  eta=  2.9m
[run] diffusion  k=6/10 seq=17/24 (137/240)  t0=6091   rollout=  1.6s  avg= 1.7s/seq  elapsed=  3.8m  eta=  2.8m
[run] diffusion  k=6/10 seq=18/24 (138/240)  t0=6472   rollout=  1.6s  avg= 1.7s/seq  elapsed=  3.8m  eta=  2.8m
[run] diffusion  k=6/10 seq=19/24 (139/240)  t0=6853   rollout=  1.6s  avg= 1.7s/seq  elapsed=  3.8m  eta=  2.8m
[run] diffusion  k=6/10 seq=20/24 (140/240)  t0=7234   rollout=  1.5s  avg= 1.7s/seq  elapsed=  3.9m  eta=  2.8m
[run] diffusion  k=6/10 seq=21/24 (141/240)  t0=7614   rollout=  1.6s  avg= 1.7s/seq  elapsed=  3.9m  eta=  2.7m
[run] diffusion  k=6/10 seq=22/24 (142/240)  t0=7995   rollout=  1.6s  avg= 1.7s/seq  elapsed=  3.9m  eta=  2.7m
[run] diffusion  k=6/10 seq=23/24 (143/240)  t0=8376   rollout=  1.6s  avg= 1.7s/seq  elapsed=  3.9m  eta=  2.7m
[run] diffusion  k=6/10 seq=24/24 (144/240)  t0=8757   rollout=  1.6s  avg= 1.7s/seq  elapsed=  4.0m  eta=  2.6m
[run] diffusion  k=7/10 seq=1/24 (145/240)  t0=0      rollout=  1.6s  avg= 1.7s/seq  elapsed=  4.0m  eta=  2.6m
[run] diffusion  k=7/10 seq=2/24 (146/240)  t0=380    rollout=  1.6s  avg= 1.7s/seq  elapsed=  4.0m  eta=  2.6m
[run] diffusion  k=7/10 seq=3/24 (147/240)  t0=761    rollout=  1.5s  avg= 1.7s/seq  elapsed=  4.0m  eta=  2.6m
[run] diffusion  k=7/10 seq=4/24 (148/240)  t0=1142   rollout=  1.6s  avg= 1.7s/seq  elapsed=  4.1m  eta=  2.5m
[run] diffusion  k=7/10 seq=5/24 (149/240)  t0=1522   rollout=  1.6s  avg= 1.6s/seq  elapsed=  4.1m  eta=  2.5m
[run] diffusion  k=7/10 seq=6/24 (150/240)  t0=1903   rollout=  1.5s  avg= 1.6s/seq  elapsed=  4.1m  eta=  2.5m
[run] diffusion  k=7/10 seq=7/24 (151/240)  t0=2284   rollout=  1.6s  avg= 1.6s/seq  elapsed=  4.1m  eta=  2.4m
[run] diffusion  k=7/10 seq=8/24 (152/240)  t0=2665   rollout=  1.5s  avg= 1.6s/seq  elapsed=  4.2m  eta=  2.4m
[run] diffusion  k=7/10 seq=9/24 (153/240)  t0=3045   rollout=  1.5s  avg= 1.6s/seq  elapsed=  4.2m  eta=  2.4m
[run] diffusion  k=7/10 seq=10/24 (154/240)  t0=3426   rollout=  1.5s  avg= 1.6s/seq  elapsed=  4.2m  eta=  2.4m
[run] diffusion  k=7/10 seq=11/24 (155/240)  t0=3807   rollout=  1.6s  avg= 1.6s/seq  elapsed=  4.3m  eta=  2.3m
[run] diffusion  k=7/10 seq=12/24 (156/240)  t0=4188   rollout=  1.5s  avg= 1.6s/seq  elapsed=  4.3m  eta=  2.3m
[run] diffusion  k=7/10 seq=13/24 (157/240)  t0=4568   rollout=  1.5s  avg= 1.6s/seq  elapsed=  4.3m  eta=  2.3m
[run] diffusion  k=7/10 seq=14/24 (158/240)  t0=4949   rollout=  1.5s  avg= 1.6s/seq  elapsed=  4.3m  eta=  2.2m
[run] diffusion  k=7/10 seq=15/24 (159/240)  t0=5330   rollout=  1.5s  avg= 1.6s/seq  elapsed=  4.4m  eta=  2.2m
[run] diffusion  k=7/10 seq=16/24 (160/240)  t0=5711   rollout=  1.5s  avg= 1.6s/seq  elapsed=  4.4m  eta=  2.2m
[run] diffusion  k=7/10 seq=17/24 (161/240)  t0=6091   rollout=  1.6s  avg= 1.6s/seq  elapsed=  4.4m  eta=  2.2m
[run] diffusion  k=7/10 seq=18/24 (162/240)  t0=6472   rollout=  1.6s  avg= 1.6s/seq  elapsed=  4.4m  eta=  2.1m
[run] diffusion  k=7/10 seq=19/24 (163/240)  t0=6853   rollout=  1.6s  avg= 1.6s/seq  elapsed=  4.5m  eta=  2.1m
[run] diffusion  k=7/10 seq=20/24 (164/240)  t0=7234   rollout=  1.6s  avg= 1.6s/seq  elapsed=  4.5m  eta=  2.1m
[run] diffusion  k=7/10 seq=21/24 (165/240)  t0=7614   rollout=  1.6s  avg= 1.6s/seq  elapsed=  4.5m  eta=  2.1m
[run] diffusion  k=7/10 seq=22/24 (166/240)  t0=7995   rollout=  1.6s  avg= 1.6s/seq  elapsed=  4.5m  eta=  2.0m
[run] diffusion  k=7/10 seq=23/24 (167/240)  t0=8376   rollout=  1.6s  avg= 1.6s/seq  elapsed=  4.6m  eta=  2.0m
[run] diffusion  k=7/10 seq=24/24 (168/240)  t0=8757   rollout=  1.6s  avg= 1.6s/seq  elapsed=  4.6m  eta=  2.0m
[run] diffusion  k=8/10 seq=1/24 (169/240)  t0=0      rollout=  1.6s  avg= 1.6s/seq  elapsed=  4.6m  eta=  1.9m
[run] diffusion  k=8/10 seq=2/24 (170/240)  t0=380    rollout=  1.6s  avg= 1.6s/seq  elapsed=  4.6m  eta=  1.9m
[run] diffusion  k=8/10 seq=3/24 (171/240)  t0=761    rollout=  1.6s  avg= 1.6s/seq  elapsed=  4.7m  eta=  1.9m
[run] diffusion  k=8/10 seq=4/24 (172/240)  t0=1142   rollout=  1.6s  avg= 1.6s/seq  elapsed=  4.7m  eta=  1.9m
[run] diffusion  k=8/10 seq=5/24 (173/240)  t0=1522   rollout=  1.6s  avg= 1.6s/seq  elapsed=  4.7m  eta=  1.8m
[run] diffusion  k=8/10 seq=6/24 (174/240)  t0=1903   rollout=  1.6s  avg= 1.6s/seq  elapsed=  4.7m  eta=  1.8m
[run] diffusion  k=8/10 seq=7/24 (175/240)  t0=2284   rollout=  1.6s  avg= 1.6s/seq  elapsed=  4.8m  eta=  1.8m
[run] diffusion  k=8/10 seq=8/24 (176/240)  t0=2665   rollout=  1.6s  avg= 1.6s/seq  elapsed=  4.8m  eta=  1.7m
[run] diffusion  k=8/10 seq=9/24 (177/240)  t0=3045   rollout=  1.6s  avg= 1.6s/seq  elapsed=  4.8m  eta=  1.7m
[run] diffusion  k=8/10 seq=10/24 (178/240)  t0=3426   rollout=  1.6s  avg= 1.6s/seq  elapsed=  4.9m  eta=  1.7m
[run] diffusion  k=8/10 seq=11/24 (179/240)  t0=3807   rollout=  1.6s  avg= 1.6s/seq  elapsed=  4.9m  eta=  1.7m
[run] diffusion  k=8/10 seq=12/24 (180/240)  t0=4188   rollout=  1.6s  avg= 1.6s/seq  elapsed=  4.9m  eta=  1.6m
[run] diffusion  k=8/10 seq=13/24 (181/240)  t0=4568   rollout=  1.6s  avg= 1.6s/seq  elapsed=  4.9m  eta=  1.6m
[run] diffusion  k=8/10 seq=14/24 (182/240)  t0=4949   rollout=  1.6s  avg= 1.6s/seq  elapsed=  5.0m  eta=  1.6m
[run] diffusion  k=8/10 seq=15/24 (183/240)  t0=5330   rollout=  1.6s  avg= 1.6s/seq  elapsed=  5.0m  eta=  1.6m
[run] diffusion  k=8/10 seq=16/24 (184/240)  t0=5711   rollout=  1.6s  avg= 1.6s/seq  elapsed=  5.0m  eta=  1.5m
[run] diffusion  k=8/10 seq=17/24 (185/240)  t0=6091   rollout=  1.6s  avg= 1.6s/seq  elapsed=  5.0m  eta=  1.5m
[run] diffusion  k=8/10 seq=18/24 (186/240)  t0=6472   rollout=  1.6s  avg= 1.6s/seq  elapsed=  5.1m  eta=  1.5m
[run] diffusion  k=8/10 seq=19/24 (187/240)  t0=6853   rollout=  1.6s  avg= 1.6s/seq  elapsed=  5.1m  eta=  1.4m
[run] diffusion  k=8/10 seq=20/24 (188/240)  t0=7234   rollout=  1.6s  avg= 1.6s/seq  elapsed=  5.1m  eta=  1.4m
[run] diffusion  k=8/10 seq=21/24 (189/240)  t0=7614   rollout=  1.6s  avg= 1.6s/seq  elapsed=  5.1m  eta=  1.4m
[run] diffusion  k=8/10 seq=22/24 (190/240)  t0=7995   rollout=  1.6s  avg= 1.6s/seq  elapsed=  5.2m  eta=  1.4m
[run] diffusion  k=8/10 seq=23/24 (191/240)  t0=8376   rollout=  1.6s  avg= 1.6s/seq  elapsed=  5.2m  eta=  1.3m
[run] diffusion  k=8/10 seq=24/24 (192/240)  t0=8757   rollout=  1.6s  avg= 1.6s/seq  elapsed=  5.2m  eta=  1.3m
[run] diffusion  k=9/10 seq=1/24 (193/240)  t0=0      rollout=  1.5s  avg= 1.6s/seq  elapsed=  5.2m  eta=  1.3m
[run] diffusion  k=9/10 seq=2/24 (194/240)  t0=380    rollout=  1.6s  avg= 1.6s/seq  elapsed=  5.3m  eta=  1.2m
[run] diffusion  k=9/10 seq=3/24 (195/240)  t0=761    rollout=  1.5s  avg= 1.6s/seq  elapsed=  5.3m  eta=  1.2m
[run] diffusion  k=9/10 seq=4/24 (196/240)  t0=1142   rollout=  1.6s  avg= 1.6s/seq  elapsed=  5.3m  eta=  1.2m
[run] diffusion  k=9/10 seq=5/24 (197/240)  t0=1522   rollout=  1.6s  avg= 1.6s/seq  elapsed=  5.3m  eta=  1.2m
[run] diffusion  k=9/10 seq=6/24 (198/240)  t0=1903   rollout=  1.6s  avg= 1.6s/seq  elapsed=  5.4m  eta=  1.1m
[run] diffusion  k=9/10 seq=7/24 (199/240)  t0=2284   rollout=  1.6s  avg= 1.6s/seq  elapsed=  5.4m  eta=  1.1m
[run] diffusion  k=9/10 seq=8/24 (200/240)  t0=2665   rollout=  1.6s  avg= 1.6s/seq  elapsed=  5.4m  eta=  1.1m
[run] diffusion  k=9/10 seq=9/24 (201/240)  t0=3045   rollout=  1.6s  avg= 1.6s/seq  elapsed=  5.5m  eta=  1.1m
[run] diffusion  k=9/10 seq=10/24 (202/240)  t0=3426   rollout=  1.6s  avg= 1.6s/seq  elapsed=  5.5m  eta=  1.0m
[run] diffusion  k=9/10 seq=11/24 (203/240)  t0=3807   rollout=  1.6s  avg= 1.6s/seq  elapsed=  5.5m  eta=  1.0m
[run] diffusion  k=9/10 seq=12/24 (204/240)  t0=4188   rollout=  1.6s  avg= 1.6s/seq  elapsed=  5.5m  eta=  1.0m
[run] diffusion  k=9/10 seq=13/24 (205/240)  t0=4568   rollout=  1.6s  avg= 1.6s/seq  elapsed=  5.6m  eta=  0.9m
[run] diffusion  k=9/10 seq=14/24 (206/240)  t0=4949   rollout=  1.6s  avg= 1.6s/seq  elapsed=  5.6m  eta=  0.9m
[run] diffusion  k=9/10 seq=15/24 (207/240)  t0=5330   rollout=  1.5s  avg= 1.6s/seq  elapsed=  5.6m  eta=  0.9m
[run] diffusion  k=9/10 seq=16/24 (208/240)  t0=5711   rollout=  1.6s  avg= 1.6s/seq  elapsed=  5.6m  eta=  0.9m
[run] diffusion  k=9/10 seq=17/24 (209/240)  t0=6091   rollout=  1.6s  avg= 1.6s/seq  elapsed=  5.7m  eta=  0.8m
[run] diffusion  k=9/10 seq=18/24 (210/240)  t0=6472   rollout=  1.5s  avg= 1.6s/seq  elapsed=  5.7m  eta=  0.8m
[run] diffusion  k=9/10 seq=19/24 (211/240)  t0=6853   rollout=  1.6s  avg= 1.6s/seq  elapsed=  5.7m  eta=  0.8m
[run] diffusion  k=9/10 seq=20/24 (212/240)  t0=7234   rollout=  1.6s  avg= 1.6s/seq  elapsed=  5.7m  eta=  0.8m
[run] diffusion  k=9/10 seq=21/24 (213/240)  t0=7614   rollout=  1.6s  avg= 1.6s/seq  elapsed=  5.8m  eta=  0.7m
[run] diffusion  k=9/10 seq=22/24 (214/240)  t0=7995   rollout=  1.6s  avg= 1.6s/seq  elapsed=  5.8m  eta=  0.7m
[run] diffusion  k=9/10 seq=23/24 (215/240)  t0=8376   rollout=  1.6s  avg= 1.6s/seq  elapsed=  5.8m  eta=  0.7m
[run] diffusion  k=9/10 seq=24/24 (216/240)  t0=8757   rollout=  1.6s  avg= 1.6s/seq  elapsed=  5.8m  eta=  0.6m
[run] diffusion  k=10/10 seq=1/24 (217/240)  t0=0      rollout=  1.6s  avg= 1.6s/seq  elapsed=  5.9m  eta=  0.6m
[run] diffusion  k=10/10 seq=2/24 (218/240)  t0=380    rollout=  1.6s  avg= 1.6s/seq  elapsed=  5.9m  eta=  0.6m
[run] diffusion  k=10/10 seq=3/24 (219/240)  t0=761    rollout=  1.7s  avg= 1.6s/seq  elapsed=  5.9m  eta=  0.6m
[run] diffusion  k=10/10 seq=4/24 (220/240)  t0=1142   rollout=  1.6s  avg= 1.6s/seq  elapsed=  5.9m  eta=  0.5m
[run] diffusion  k=10/10 seq=5/24 (221/240)  t0=1522   rollout=  1.6s  avg= 1.6s/seq  elapsed=  6.0m  eta=  0.5m
[run] diffusion  k=10/10 seq=6/24 (222/240)  t0=1903   rollout=  1.6s  avg= 1.6s/seq  elapsed=  6.0m  eta=  0.5m
[run] diffusion  k=10/10 seq=7/24 (223/240)  t0=2284   rollout=  1.6s  avg= 1.6s/seq  elapsed=  6.0m  eta=  0.5m
[run] diffusion  k=10/10 seq=8/24 (224/240)  t0=2665   rollout=  1.6s  avg= 1.6s/seq  elapsed=  6.1m  eta=  0.4m
[run] diffusion  k=10/10 seq=9/24 (225/240)  t0=3045   rollout=  1.6s  avg= 1.6s/seq  elapsed=  6.1m  eta=  0.4m
[run] diffusion  k=10/10 seq=10/24 (226/240)  t0=3426   rollout=  1.6s  avg= 1.6s/seq  elapsed=  6.1m  eta=  0.4m
[run] diffusion  k=10/10 seq=11/24 (227/240)  t0=3807   rollout=  1.6s  avg= 1.6s/seq  elapsed=  6.1m  eta=  0.4m
[run] diffusion  k=10/10 seq=12/24 (228/240)  t0=4188   rollout=  1.6s  avg= 1.6s/seq  elapsed=  6.2m  eta=  0.3m
[run] diffusion  k=10/10 seq=13/24 (229/240)  t0=4568   rollout=  1.6s  avg= 1.6s/seq  elapsed=  6.2m  eta=  0.3m
[run] diffusion  k=10/10 seq=14/24 (230/240)  t0=4949   rollout=  1.6s  avg= 1.6s/seq  elapsed=  6.2m  eta=  0.3m
[run] diffusion  k=10/10 seq=15/24 (231/240)  t0=5330   rollout=  1.6s  avg= 1.6s/seq  elapsed=  6.2m  eta=  0.2m
[run] diffusion  k=10/10 seq=16/24 (232/240)  t0=5711   rollout=  1.6s  avg= 1.6s/seq  elapsed=  6.3m  eta=  0.2m
[run] diffusion  k=10/10 seq=17/24 (233/240)  t0=6091   rollout=  1.6s  avg= 1.6s/seq  elapsed=  6.3m  eta=  0.2m
[run] diffusion  k=10/10 seq=18/24 (234/240)  t0=6472   rollout=  1.6s  avg= 1.6s/seq  elapsed=  6.3m  eta=  0.2m
[run] diffusion  k=10/10 seq=19/24 (235/240)  t0=6853   rollout=  1.6s  avg= 1.6s/seq  elapsed=  6.3m  eta=  0.1m
[run] diffusion  k=10/10 seq=20/24 (236/240)  t0=7234   rollout=  1.6s  avg= 1.6s/seq  elapsed=  6.4m  eta=  0.1m
[run] diffusion  k=10/10 seq=21/24 (237/240)  t0=7614   rollout=  1.6s  avg= 1.6s/seq  elapsed=  6.4m  eta=  0.1m
[run] diffusion  k=10/10 seq=22/24 (238/240)  t0=7995   rollout=  1.6s  avg= 1.6s/seq  elapsed=  6.4m  eta=  0.1m
[run] diffusion  k=10/10 seq=23/24 (239/240)  t0=8376   rollout=  1.6s  avg= 1.6s/seq  elapsed=  6.4m  eta=  0.0m
[run] diffusion  k=10/10 seq=24/24 (240/240)  t0=8757   rollout=  1.6s  avg= 1.6s/seq  elapsed=  6.5m  eta=  0.0m
[run] diffusion ensemble finished in 6.5m
[load] flowcast /home3/davidlcs/Econ-Rag/Local_LLM/test_meeting/Stormcast-Distilation/runs/flowcast_zettabyte_v1_cleaned_4_27_2026/flowcast_zettabyte_cleaned_4_27_2026/run_0/checkpoints_flowcast/FlowCastPrecond.0.20000.mdlus
[run] flowcast ensemble (K=10, NFE=10)
[run] flowcast ensemble starting: K=10 x S=24 x T=1 = 240 sequence-rollouts
[run] flowcast  k=1/10 seq=1/24 (1/240)  t0=0      rollout=  0.5s  avg= 0.5s/seq  elapsed=  0.0m  eta=  2.2m
[run] flowcast  k=1/10 seq=2/24 (2/240)  t0=380    rollout=  0.5s  avg= 0.5s/seq  elapsed=  0.0m  eta=  2.1m
[run] flowcast  k=1/10 seq=3/24 (3/240)  t0=761    rollout=  0.5s  avg= 0.5s/seq  elapsed=  0.0m  eta=  2.0m
[run] flowcast  k=1/10 seq=4/24 (4/240)  t0=1142   rollout=  0.5s  avg= 0.5s/seq  elapsed=  0.0m  eta=  2.0m
[run] flowcast  k=1/10 seq=5/24 (5/240)  t0=1522   rollout=  0.5s  avg= 0.5s/seq  elapsed=  0.0m  eta=  2.0m
[run] flowcast  k=1/10 seq=6/24 (6/240)  t0=1903   rollout=  0.5s  avg= 0.5s/seq  elapsed=  0.1m  eta=  2.0m
[run] flowcast  k=1/10 seq=7/24 (7/240)  t0=2284   rollout=  0.5s  avg= 0.5s/seq  elapsed=  0.1m  eta=  2.0m
[run] flowcast  k=1/10 seq=8/24 (8/240)  t0=2665   rollout=  0.5s  avg= 0.5s/seq  elapsed=  0.1m  eta=  1.9m
[run] flowcast  k=1/10 seq=9/24 (9/240)  t0=3045   rollout=  0.5s  avg= 0.5s/seq  elapsed=  0.1m  eta=  1.9m
[run] flowcast  k=1/10 seq=10/24 (10/240)  t0=3426   rollout=  0.5s  avg= 0.5s/seq  elapsed=  0.1m  eta=  1.9m
[run] flowcast  k=1/10 seq=11/24 (11/240)  t0=3807   rollout=  0.5s  avg= 0.5s/seq  elapsed=  0.1m  eta=  1.9m
[run] flowcast  k=1/10 seq=12/24 (12/240)  t0=4188   rollout=  0.5s  avg= 0.5s/seq  elapsed=  0.1m  eta=  1.9m
[run] flowcast  k=1/10 seq=13/24 (13/240)  t0=4568   rollout=  0.5s  avg= 0.5s/seq  elapsed=  0.1m  eta=  1.9m
[run] flowcast  k=1/10 seq=14/24 (14/240)  t0=4949   rollout=  0.5s  avg= 0.5s/seq  elapsed=  0.1m  eta=  1.9m
[run] flowcast  k=1/10 seq=15/24 (15/240)  t0=5330   rollout=  0.5s  avg= 0.5s/seq  elapsed=  0.1m  eta=  1.9m
[run] flowcast  k=1/10 seq=16/24 (16/240)  t0=5711   rollout=  0.5s  avg= 0.5s/seq  elapsed=  0.1m  eta=  1.9m
[run] flowcast  k=1/10 seq=17/24 (17/240)  t0=6091   rollout=  0.5s  avg= 0.5s/seq  elapsed=  0.1m  eta=  1.9m
[run] flowcast  k=1/10 seq=18/24 (18/240)  t0=6472   rollout=  0.5s  avg= 0.5s/seq  elapsed=  0.2m  eta=  1.9m
[run] flowcast  k=1/10 seq=19/24 (19/240)  t0=6853   rollout=  0.5s  avg= 0.5s/seq  elapsed=  0.2m  eta=  1.8m
[run] flowcast  k=1/10 seq=20/24 (20/240)  t0=7234   rollout=  0.5s  avg= 0.5s/seq  elapsed=  0.2m  eta=  1.8m
[run] flowcast  k=1/10 seq=21/24 (21/240)  t0=7614   rollout=  0.5s  avg= 0.5s/seq  elapsed=  0.2m  eta=  1.8m
[run] flowcast  k=1/10 seq=22/24 (22/240)  t0=7995   rollout=  0.5s  avg= 0.5s/seq  elapsed=  0.2m  eta=  1.8m
[run] flowcast  k=1/10 seq=23/24 (23/240)  t0=8376   rollout=  0.5s  avg= 0.5s/seq  elapsed=  0.2m  eta=  1.8m
[run] flowcast  k=1/10 seq=24/24 (24/240)  t0=8757   rollout=  0.5s  avg= 0.5s/seq  elapsed=  0.2m  eta=  1.8m
[run] flowcast  k=2/10 seq=1/24 (25/240)  t0=0      rollout=  0.5s  avg= 0.5s/seq  elapsed=  0.2m  eta=  1.8m
[run] flowcast  k=2/10 seq=2/24 (26/240)  t0=380    rollout=  0.5s  avg= 0.5s/seq  elapsed=  0.2m  eta=  1.8m
[run] flowcast  k=2/10 seq=3/24 (27/240)  t0=761    rollout=  0.5s  avg= 0.5s/seq  elapsed=  0.2m  eta=  1.8m
[run] flowcast  k=2/10 seq=4/24 (28/240)  t0=1142   rollout=  0.5s  avg= 0.5s/seq  elapsed=  0.2m  eta=  1.8m
[run] flowcast  k=2/10 seq=5/24 (29/240)  t0=1522   rollout=  0.5s  avg= 0.5s/seq  elapsed=  0.2m  eta=  1.8m
[run] flowcast  k=2/10 seq=6/24 (30/240)  t0=1903   rollout=  0.5s  avg= 0.5s/seq  elapsed=  0.2m  eta=  1.7m
[run] flowcast  k=2/10 seq=7/24 (31/240)  t0=2284   rollout=  0.5s  avg= 0.5s/seq  elapsed=  0.3m  eta=  1.7m
[run] flowcast  k=2/10 seq=8/24 (32/240)  t0=2665   rollout=  0.5s  avg= 0.5s/seq  elapsed=  0.3m  eta=  1.7m
[run] flowcast  k=2/10 seq=9/24 (33/240)  t0=3045   rollout=  0.5s  avg= 0.5s/seq  elapsed=  0.3m  eta=  1.7m
[run] flowcast  k=2/10 seq=10/24 (34/240)  t0=3426   rollout=  0.5s  avg= 0.5s/seq  elapsed=  0.3m  eta=  1.7m
[run] flowcast  k=2/10 seq=11/24 (35/240)  t0=3807   rollout=  0.5s  avg= 0.5s/seq  elapsed=  0.3m  eta=  1.7m
[run] flowcast  k=2/10 seq=12/24 (36/240)  t0=4188   rollout=  0.5s  avg= 0.5s/seq  elapsed=  0.3m  eta=  1.7m
[run] flowcast  k=2/10 seq=13/24 (37/240)  t0=4568   rollout=  0.5s  avg= 0.5s/seq  elapsed=  0.3m  eta=  1.7m
[run] flowcast  k=2/10 seq=14/24 (38/240)  t0=4949   rollout=  0.5s  avg= 0.5s/seq  elapsed=  0.3m  eta=  1.7m
[run] flowcast  k=2/10 seq=15/24 (39/240)  t0=5330   rollout=  0.5s  avg= 0.5s/seq  elapsed=  0.3m  eta=  1.7m
[run] flowcast  k=2/10 seq=16/24 (40/240)  t0=5711   rollout=  0.5s  avg= 0.5s/seq  elapsed=  0.3m  eta=  1.7m
[run] flowcast  k=2/10 seq=17/24 (41/240)  t0=6091   rollout=  0.5s  avg= 0.5s/seq  elapsed=  0.3m  eta=  1.6m
[run] flowcast  k=2/10 seq=18/24 (42/240)  t0=6472   rollout=  0.5s  avg= 0.5s/seq  elapsed=  0.3m  eta=  1.6m
[run] flowcast  k=2/10 seq=19/24 (43/240)  t0=6853   rollout=  0.5s  avg= 0.5s/seq  elapsed=  0.4m  eta=  1.6m
[run] flowcast  k=2/10 seq=20/24 (44/240)  t0=7234   rollout=  0.5s  avg= 0.5s/seq  elapsed=  0.4m  eta=  1.6m
[run] flowcast  k=2/10 seq=21/24 (45/240)  t0=7614   rollout=  0.5s  avg= 0.5s/seq  elapsed=  0.4m  eta=  1.6m
[run] flowcast  k=2/10 seq=22/24 (46/240)  t0=7995   rollout=  0.5s  avg= 0.5s/seq  elapsed=  0.4m  eta=  1.6m
[run] flowcast  k=2/10 seq=23/24 (47/240)  t0=8376   rollout=  0.5s  avg= 0.5s/seq  elapsed=  0.4m  eta=  1.6m
[run] flowcast  k=2/10 seq=24/24 (48/240)  t0=8757   rollout=  0.5s  avg= 0.5s/seq  elapsed=  0.4m  eta=  1.6m
[run] flowcast  k=3/10 seq=1/24 (49/240)  t0=0      rollout=  0.5s  avg= 0.5s/seq  elapsed=  0.4m  eta=  1.6m
[run] flowcast  k=3/10 seq=2/24 (50/240)  t0=380    rollout=  0.5s  avg= 0.5s/seq  elapsed=  0.4m  eta=  1.6m
[run] flowcast  k=3/10 seq=3/24 (51/240)  t0=761    rollout=  0.5s  avg= 0.5s/seq  elapsed=  0.4m  eta=  1.6m
[run] flowcast  k=3/10 seq=4/24 (52/240)  t0=1142   rollout=  0.5s  avg= 0.5s/seq  elapsed=  0.4m  eta=  1.5m
[run] flowcast  k=3/10 seq=5/24 (53/240)  t0=1522   rollout=  0.5s  avg= 0.5s/seq  elapsed=  0.4m  eta=  1.5m
[run] flowcast  k=3/10 seq=6/24 (54/240)  t0=1903   rollout=  0.5s  avg= 0.5s/seq  elapsed=  0.4m  eta=  1.5m
[run] flowcast  k=3/10 seq=7/24 (55/240)  t0=2284   rollout=  0.5s  avg= 0.5s/seq  elapsed=  0.5m  eta=  1.5m
[run] flowcast  k=3/10 seq=8/24 (56/240)  t0=2665   rollout=  0.5s  avg= 0.5s/seq  elapsed=  0.5m  eta=  1.5m
[run] flowcast  k=3/10 seq=9/24 (57/240)  t0=3045   rollout=  0.5s  avg= 0.5s/seq  elapsed=  0.5m  eta=  1.5m
[run] flowcast  k=3/10 seq=10/24 (58/240)  t0=3426   rollout=  0.5s  avg= 0.5s/seq  elapsed=  0.5m  eta=  1.5m
[run] flowcast  k=3/10 seq=11/24 (59/240)  t0=3807   rollout=  0.5s  avg= 0.5s/seq  elapsed=  0.5m  eta=  1.5m
[run] flowcast  k=3/10 seq=12/24 (60/240)  t0=4188   rollout=  0.5s  avg= 0.5s/seq  elapsed=  0.5m  eta=  1.5m
[run] flowcast  k=3/10 seq=13/24 (61/240)  t0=4568   rollout=  0.5s  avg= 0.5s/seq  elapsed=  0.5m  eta=  1.5m
[run] flowcast  k=3/10 seq=14/24 (62/240)  t0=4949   rollout=  0.5s  avg= 0.5s/seq  elapsed=  0.5m  eta=  1.5m
[run] flowcast  k=3/10 seq=15/24 (63/240)  t0=5330   rollout=  0.5s  avg= 0.5s/seq  elapsed=  0.5m  eta=  1.5m
[run] flowcast  k=3/10 seq=16/24 (64/240)  t0=5711   rollout=  0.5s  avg= 0.5s/seq  elapsed=  0.5m  eta=  1.5m
[run] flowcast  k=3/10 seq=17/24 (65/240)  t0=6091   rollout=  0.5s  avg= 0.5s/seq  elapsed=  0.5m  eta=  1.4m
[run] flowcast  k=3/10 seq=18/24 (66/240)  t0=6472   rollout=  0.5s  avg= 0.5s/seq  elapsed=  0.5m  eta=  1.4m
[run] flowcast  k=3/10 seq=19/24 (67/240)  t0=6853   rollout=  0.7s  avg= 0.5s/seq  elapsed=  0.6m  eta=  1.4m
[run] flowcast  k=3/10 seq=20/24 (68/240)  t0=7234   rollout=  0.5s  avg= 0.5s/seq  elapsed=  0.6m  eta=  1.4m
[run] flowcast  k=3/10 seq=21/24 (69/240)  t0=7614   rollout=  0.5s  avg= 0.5s/seq  elapsed=  0.6m  eta=  1.4m
[run] flowcast  k=3/10 seq=22/24 (70/240)  t0=7995   rollout=  0.5s  avg= 0.5s/seq  elapsed=  0.6m  eta=  1.4m
[run] flowcast  k=3/10 seq=23/24 (71/240)  t0=8376   rollout=  0.5s  avg= 0.5s/seq  elapsed=  0.6m  eta=  1.4m
[run] flowcast  k=3/10 seq=24/24 (72/240)  t0=8757   rollout=  0.5s  avg= 0.5s/seq  elapsed=  0.6m  eta=  1.4m
[run] flowcast  k=4/10 seq=1/24 (73/240)  t0=0      rollout=  0.5s  avg= 0.5s/seq  elapsed=  0.6m  eta=  1.4m
[run] flowcast  k=4/10 seq=2/24 (74/240)  t0=380    rollout=  0.5s  avg= 0.5s/seq  elapsed=  0.6m  eta=  1.4m
[run] flowcast  k=4/10 seq=3/24 (75/240)  t0=761    rollout=  0.5s  avg= 0.5s/seq  elapsed=  0.6m  eta=  1.4m
[run] flowcast  k=4/10 seq=4/24 (76/240)  t0=1142   rollout=  0.5s  avg= 0.5s/seq  elapsed=  0.6m  eta=  1.4m
[run] flowcast  k=4/10 seq=5/24 (77/240)  t0=1522   rollout=  0.5s  avg= 0.5s/seq  elapsed=  0.6m  eta=  1.3m
[run] flowcast  k=4/10 seq=6/24 (78/240)  t0=1903   rollout=  0.5s  avg= 0.5s/seq  elapsed=  0.6m  eta=  1.3m
[run] flowcast  k=4/10 seq=7/24 (79/240)  t0=2284   rollout=  0.5s  avg= 0.5s/seq  elapsed=  0.7m  eta=  1.3m
[run] flowcast  k=4/10 seq=8/24 (80/240)  t0=2665   rollout=  0.5s  avg= 0.5s/seq  elapsed=  0.7m  eta=  1.3m
[run] flowcast  k=4/10 seq=9/24 (81/240)  t0=3045   rollout=  0.5s  avg= 0.5s/seq  elapsed=  0.7m  eta=  1.3m
[run] flowcast  k=4/10 seq=10/24 (82/240)  t0=3426   rollout=  0.5s  avg= 0.5s/seq  elapsed=  0.7m  eta=  1.3m
[run] flowcast  k=4/10 seq=11/24 (83/240)  t0=3807   rollout=  0.5s  avg= 0.5s/seq  elapsed=  0.7m  eta=  1.3m
[run] flowcast  k=4/10 seq=12/24 (84/240)  t0=4188   rollout=  0.5s  avg= 0.5s/seq  elapsed=  0.7m  eta=  1.3m
[run] flowcast  k=4/10 seq=13/24 (85/240)  t0=4568   rollout=  0.5s  avg= 0.5s/seq  elapsed=  0.7m  eta=  1.3m
[run] flowcast  k=4/10 seq=14/24 (86/240)  t0=4949   rollout=  0.5s  avg= 0.5s/seq  elapsed=  0.7m  eta=  1.3m
[run] flowcast  k=4/10 seq=15/24 (87/240)  t0=5330   rollout=  0.5s  avg= 0.5s/seq  elapsed=  0.7m  eta=  1.3m
[run] flowcast  k=4/10 seq=16/24 (88/240)  t0=5711   rollout=  0.5s  avg= 0.5s/seq  elapsed=  0.7m  eta=  1.3m
[run] flowcast  k=4/10 seq=17/24 (89/240)  t0=6091   rollout=  0.5s  avg= 0.5s/seq  elapsed=  0.7m  eta=  1.2m
[run] flowcast  k=4/10 seq=18/24 (90/240)  t0=6472   rollout=  0.5s  avg= 0.5s/seq  elapsed=  0.7m  eta=  1.2m
[run] flowcast  k=4/10 seq=19/24 (91/240)  t0=6853   rollout=  0.5s  avg= 0.5s/seq  elapsed=  0.8m  eta=  1.2m
[run] flowcast  k=4/10 seq=20/24 (92/240)  t0=7234   rollout=  0.5s  avg= 0.5s/seq  elapsed=  0.8m  eta=  1.2m
[run] flowcast  k=4/10 seq=21/24 (93/240)  t0=7614   rollout=  0.5s  avg= 0.5s/seq  elapsed=  0.8m  eta=  1.2m
[run] flowcast  k=4/10 seq=22/24 (94/240)  t0=7995   rollout=  0.5s  avg= 0.5s/seq  elapsed=  0.8m  eta=  1.2m
[run] flowcast  k=4/10 seq=23/24 (95/240)  t0=8376   rollout=  0.5s  avg= 0.5s/seq  elapsed=  0.8m  eta=  1.2m
[run] flowcast  k=4/10 seq=24/24 (96/240)  t0=8757   rollout=  0.5s  avg= 0.5s/seq  elapsed=  0.8m  eta=  1.2m
[run] flowcast  k=5/10 seq=1/24 (97/240)  t0=0      rollout=  0.5s  avg= 0.5s/seq  elapsed=  0.8m  eta=  1.2m
[run] flowcast  k=5/10 seq=2/24 (98/240)  t0=380    rollout=  0.5s  avg= 0.5s/seq  elapsed=  0.8m  eta=  1.2m
[run] flowcast  k=5/10 seq=3/24 (99/240)  t0=761    rollout=  0.5s  avg= 0.5s/seq  elapsed=  0.8m  eta=  1.2m
[run] flowcast  k=5/10 seq=4/24 (100/240)  t0=1142   rollout=  0.5s  avg= 0.5s/seq  elapsed=  0.8m  eta=  1.2m
[run] flowcast  k=5/10 seq=5/24 (101/240)  t0=1522   rollout=  0.5s  avg= 0.5s/seq  elapsed=  0.8m  eta=  1.2m
[run] flowcast  k=5/10 seq=6/24 (102/240)  t0=1903   rollout=  0.5s  avg= 0.5s/seq  elapsed=  0.8m  eta=  1.1m
[run] flowcast  k=5/10 seq=7/24 (103/240)  t0=2284   rollout=  0.5s  avg= 0.5s/seq  elapsed=  0.9m  eta=  1.1m
[run] flowcast  k=5/10 seq=8/24 (104/240)  t0=2665   rollout=  0.5s  avg= 0.5s/seq  elapsed=  0.9m  eta=  1.1m
[run] flowcast  k=5/10 seq=9/24 (105/240)  t0=3045   rollout=  0.5s  avg= 0.5s/seq  elapsed=  0.9m  eta=  1.1m
[run] flowcast  k=5/10 seq=10/24 (106/240)  t0=3426   rollout=  0.5s  avg= 0.5s/seq  elapsed=  0.9m  eta=  1.1m
[run] flowcast  k=5/10 seq=11/24 (107/240)  t0=3807   rollout=  0.5s  avg= 0.5s/seq  elapsed=  0.9m  eta=  1.1m
[run] flowcast  k=5/10 seq=12/24 (108/240)  t0=4188   rollout=  0.5s  avg= 0.5s/seq  elapsed=  0.9m  eta=  1.1m
[run] flowcast  k=5/10 seq=13/24 (109/240)  t0=4568   rollout=  0.5s  avg= 0.5s/seq  elapsed=  0.9m  eta=  1.1m
[run] flowcast  k=5/10 seq=14/24 (110/240)  t0=4949   rollout=  0.5s  avg= 0.5s/seq  elapsed=  0.9m  eta=  1.1m
[run] flowcast  k=5/10 seq=15/24 (111/240)  t0=5330   rollout=  0.5s  avg= 0.5s/seq  elapsed=  0.9m  eta=  1.1m
[run] flowcast  k=5/10 seq=16/24 (112/240)  t0=5711   rollout=  0.5s  avg= 0.5s/seq  elapsed=  0.9m  eta=  1.1m
[run] flowcast  k=5/10 seq=17/24 (113/240)  t0=6091   rollout=  0.5s  avg= 0.5s/seq  elapsed=  0.9m  eta=  1.1m
[run] flowcast  k=5/10 seq=18/24 (114/240)  t0=6472   rollout=  0.5s  avg= 0.5s/seq  elapsed=  0.9m  eta=  1.0m
[run] flowcast  k=5/10 seq=19/24 (115/240)  t0=6853   rollout=  0.5s  avg= 0.5s/seq  elapsed=  1.0m  eta=  1.0m
[run] flowcast  k=5/10 seq=20/24 (116/240)  t0=7234   rollout=  0.5s  avg= 0.5s/seq  elapsed=  1.0m  eta=  1.0m
[run] flowcast  k=5/10 seq=21/24 (117/240)  t0=7614   rollout=  0.5s  avg= 0.5s/seq  elapsed=  1.0m  eta=  1.0m
[run] flowcast  k=5/10 seq=22/24 (118/240)  t0=7995   rollout=  0.5s  avg= 0.5s/seq  elapsed=  1.0m  eta=  1.0m
[run] flowcast  k=5/10 seq=23/24 (119/240)  t0=8376   rollout=  0.5s  avg= 0.5s/seq  elapsed=  1.0m  eta=  1.0m
[run] flowcast  k=5/10 seq=24/24 (120/240)  t0=8757   rollout=  0.5s  avg= 0.5s/seq  elapsed=  1.0m  eta=  1.0m
[run] flowcast  k=6/10 seq=1/24 (121/240)  t0=0      rollout=  0.5s  avg= 0.5s/seq  elapsed=  1.0m  eta=  1.0m
[run] flowcast  k=6/10 seq=2/24 (122/240)  t0=380    rollout=  0.5s  avg= 0.5s/seq  elapsed=  1.0m  eta=  1.0m
[run] flowcast  k=6/10 seq=3/24 (123/240)  t0=761    rollout=  0.5s  avg= 0.5s/seq  elapsed=  1.0m  eta=  1.0m
[run] flowcast  k=6/10 seq=4/24 (124/240)  t0=1142   rollout=  0.5s  avg= 0.5s/seq  elapsed=  1.0m  eta=  1.0m
[run] flowcast  k=6/10 seq=5/24 (125/240)  t0=1522   rollout=  0.5s  avg= 0.5s/seq  elapsed=  1.0m  eta=  1.0m
[run] flowcast  k=6/10 seq=6/24 (126/240)  t0=1903   rollout=  0.5s  avg= 0.5s/seq  elapsed=  1.0m  eta=  0.9m
[run] flowcast  k=6/10 seq=7/24 (127/240)  t0=2284   rollout=  0.5s  avg= 0.5s/seq  elapsed=  1.1m  eta=  0.9m
[run] flowcast  k=6/10 seq=8/24 (128/240)  t0=2665   rollout=  0.5s  avg= 0.5s/seq  elapsed=  1.1m  eta=  0.9m
[run] flowcast  k=6/10 seq=9/24 (129/240)  t0=3045   rollout=  0.5s  avg= 0.5s/seq  elapsed=  1.1m  eta=  0.9m
[run] flowcast  k=6/10 seq=10/24 (130/240)  t0=3426   rollout=  0.5s  avg= 0.5s/seq  elapsed=  1.1m  eta=  0.9m
[run] flowcast  k=6/10 seq=11/24 (131/240)  t0=3807   rollout=  0.5s  avg= 0.5s/seq  elapsed=  1.1m  eta=  0.9m
[run] flowcast  k=6/10 seq=12/24 (132/240)  t0=4188   rollout=  0.5s  avg= 0.5s/seq  elapsed=  1.1m  eta=  0.9m
[run] flowcast  k=6/10 seq=13/24 (133/240)  t0=4568   rollout=  0.5s  avg= 0.5s/seq  elapsed=  1.1m  eta=  0.9m
[run] flowcast  k=6/10 seq=14/24 (134/240)  t0=4949   rollout=  0.5s  avg= 0.5s/seq  elapsed=  1.1m  eta=  0.9m
[run] flowcast  k=6/10 seq=15/24 (135/240)  t0=5330   rollout=  0.5s  avg= 0.5s/seq  elapsed=  1.1m  eta=  0.9m
[run] flowcast  k=6/10 seq=16/24 (136/240)  t0=5711   rollout=  0.5s  avg= 0.5s/seq  elapsed=  1.1m  eta=  0.9m
[run] flowcast  k=6/10 seq=17/24 (137/240)  t0=6091   rollout=  0.5s  avg= 0.5s/seq  elapsed=  1.1m  eta=  0.9m
[run] flowcast  k=6/10 seq=18/24 (138/240)  t0=6472   rollout=  0.5s  avg= 0.5s/seq  elapsed=  1.1m  eta=  0.8m
[run] flowcast  k=6/10 seq=19/24 (139/240)  t0=6853   rollout=  0.5s  avg= 0.5s/seq  elapsed=  1.2m  eta=  0.8m
[run] flowcast  k=6/10 seq=20/24 (140/240)  t0=7234   rollout=  0.5s  avg= 0.5s/seq  elapsed=  1.2m  eta=  0.8m
[run] flowcast  k=6/10 seq=21/24 (141/240)  t0=7614   rollout=  0.5s  avg= 0.5s/seq  elapsed=  1.2m  eta=  0.8m
[run] flowcast  k=6/10 seq=22/24 (142/240)  t0=7995   rollout=  0.5s  avg= 0.5s/seq  elapsed=  1.2m  eta=  0.8m
[run] flowcast  k=6/10 seq=23/24 (143/240)  t0=8376   rollout=  0.5s  avg= 0.5s/seq  elapsed=  1.2m  eta=  0.8m
[run] flowcast  k=6/10 seq=24/24 (144/240)  t0=8757   rollout=  0.5s  avg= 0.5s/seq  elapsed=  1.2m  eta=  0.8m
[run] flowcast  k=7/10 seq=1/24 (145/240)  t0=0      rollout=  0.5s  avg= 0.5s/seq  elapsed=  1.2m  eta=  0.8m
[run] flowcast  k=7/10 seq=2/24 (146/240)  t0=380    rollout=  0.5s  avg= 0.5s/seq  elapsed=  1.2m  eta=  0.8m
[run] flowcast  k=7/10 seq=3/24 (147/240)  t0=761    rollout=  0.5s  avg= 0.5s/seq  elapsed=  1.2m  eta=  0.8m
[run] flowcast  k=7/10 seq=4/24 (148/240)  t0=1142   rollout=  0.5s  avg= 0.5s/seq  elapsed=  1.2m  eta=  0.8m
[run] flowcast  k=7/10 seq=5/24 (149/240)  t0=1522   rollout=  0.5s  avg= 0.5s/seq  elapsed=  1.2m  eta=  0.8m
[run] flowcast  k=7/10 seq=6/24 (150/240)  t0=1903   rollout=  0.5s  avg= 0.5s/seq  elapsed=  1.2m  eta=  0.7m
[run] flowcast  k=7/10 seq=7/24 (151/240)  t0=2284   rollout=  0.5s  avg= 0.5s/seq  elapsed=  1.3m  eta=  0.7m
[run] flowcast  k=7/10 seq=8/24 (152/240)  t0=2665   rollout=  0.5s  avg= 0.5s/seq  elapsed=  1.3m  eta=  0.7m
[run] flowcast  k=7/10 seq=9/24 (153/240)  t0=3045   rollout=  0.5s  avg= 0.5s/seq  elapsed=  1.3m  eta=  0.7m
[run] flowcast  k=7/10 seq=10/24 (154/240)  t0=3426   rollout=  0.5s  avg= 0.5s/seq  elapsed=  1.3m  eta=  0.7m
[run] flowcast  k=7/10 seq=11/24 (155/240)  t0=3807   rollout=  0.5s  avg= 0.5s/seq  elapsed=  1.3m  eta=  0.7m
[run] flowcast  k=7/10 seq=12/24 (156/240)  t0=4188   rollout=  0.5s  avg= 0.5s/seq  elapsed=  1.3m  eta=  0.7m
[run] flowcast  k=7/10 seq=13/24 (157/240)  t0=4568   rollout=  0.5s  avg= 0.5s/seq  elapsed=  1.3m  eta=  0.7m
[run] flowcast  k=7/10 seq=14/24 (158/240)  t0=4949   rollout=  0.5s  avg= 0.5s/seq  elapsed=  1.3m  eta=  0.7m
[run] flowcast  k=7/10 seq=15/24 (159/240)  t0=5330   rollout=  0.5s  avg= 0.5s/seq  elapsed=  1.3m  eta=  0.7m
[run] flowcast  k=7/10 seq=16/24 (160/240)  t0=5711   rollout=  0.5s  avg= 0.5s/seq  elapsed=  1.3m  eta=  0.7m
[run] flowcast  k=7/10 seq=17/24 (161/240)  t0=6091   rollout=  0.5s  avg= 0.5s/seq  elapsed=  1.3m  eta=  0.7m
[run] flowcast  k=7/10 seq=18/24 (162/240)  t0=6472   rollout=  0.5s  avg= 0.5s/seq  elapsed=  1.3m  eta=  0.6m
[run] flowcast  k=7/10 seq=19/24 (163/240)  t0=6853   rollout=  0.5s  avg= 0.5s/seq  elapsed=  1.4m  eta=  0.6m
[run] flowcast  k=7/10 seq=20/24 (164/240)  t0=7234   rollout=  0.5s  avg= 0.5s/seq  elapsed=  1.4m  eta=  0.6m
[run] flowcast  k=7/10 seq=21/24 (165/240)  t0=7614   rollout=  0.5s  avg= 0.5s/seq  elapsed=  1.4m  eta=  0.6m
[run] flowcast  k=7/10 seq=22/24 (166/240)  t0=7995   rollout=  0.5s  avg= 0.5s/seq  elapsed=  1.4m  eta=  0.6m
[run] flowcast  k=7/10 seq=23/24 (167/240)  t0=8376   rollout=  0.5s  avg= 0.5s/seq  elapsed=  1.4m  eta=  0.6m
[run] flowcast  k=7/10 seq=24/24 (168/240)  t0=8757   rollout=  0.5s  avg= 0.5s/seq  elapsed=  1.4m  eta=  0.6m
[run] flowcast  k=8/10 seq=1/24 (169/240)  t0=0      rollout=  0.5s  avg= 0.5s/seq  elapsed=  1.4m  eta=  0.6m
[run] flowcast  k=8/10 seq=2/24 (170/240)  t0=380    rollout=  0.5s  avg= 0.5s/seq  elapsed=  1.4m  eta=  0.6m
[run] flowcast  k=8/10 seq=3/24 (171/240)  t0=761    rollout=  0.5s  avg= 0.5s/seq  elapsed=  1.4m  eta=  0.6m
[run] flowcast  k=8/10 seq=4/24 (172/240)  t0=1142   rollout=  0.5s  avg= 0.5s/seq  elapsed=  1.4m  eta=  0.6m
[run] flowcast  k=8/10 seq=5/24 (173/240)  t0=1522   rollout=  0.5s  avg= 0.5s/seq  elapsed=  1.4m  eta=  0.6m
[run] flowcast  k=8/10 seq=6/24 (174/240)  t0=1903   rollout=  0.5s  avg= 0.5s/seq  elapsed=  1.4m  eta=  0.5m
[run] flowcast  k=8/10 seq=7/24 (175/240)  t0=2284   rollout=  0.5s  avg= 0.5s/seq  elapsed=  1.5m  eta=  0.5m
[run] flowcast  k=8/10 seq=8/24 (176/240)  t0=2665   rollout=  0.5s  avg= 0.5s/seq  elapsed=  1.5m  eta=  0.5m
[run] flowcast  k=8/10 seq=9/24 (177/240)  t0=3045   rollout=  0.5s  avg= 0.5s/seq  elapsed=  1.5m  eta=  0.5m
[run] flowcast  k=8/10 seq=10/24 (178/240)  t0=3426   rollout=  0.5s  avg= 0.5s/seq  elapsed=  1.5m  eta=  0.5m
[run] flowcast  k=8/10 seq=11/24 (179/240)  t0=3807   rollout=  0.5s  avg= 0.5s/seq  elapsed=  1.5m  eta=  0.5m
[run] flowcast  k=8/10 seq=12/24 (180/240)  t0=4188   rollout=  0.5s  avg= 0.5s/seq  elapsed=  1.5m  eta=  0.5m
[run] flowcast  k=8/10 seq=13/24 (181/240)  t0=4568   rollout=  0.5s  avg= 0.5s/seq  elapsed=  1.5m  eta=  0.5m
[run] flowcast  k=8/10 seq=14/24 (182/240)  t0=4949   rollout=  0.5s  avg= 0.5s/seq  elapsed=  1.5m  eta=  0.5m
[run] flowcast  k=8/10 seq=15/24 (183/240)  t0=5330   rollout=  0.5s  avg= 0.5s/seq  elapsed=  1.5m  eta=  0.5m
[run] flowcast  k=8/10 seq=16/24 (184/240)  t0=5711   rollout=  0.5s  avg= 0.5s/seq  elapsed=  1.5m  eta=  0.5m
[run] flowcast  k=8/10 seq=17/24 (185/240)  t0=6091   rollout=  0.5s  avg= 0.5s/seq  elapsed=  1.5m  eta=  0.5m
[run] flowcast  k=8/10 seq=18/24 (186/240)  t0=6472   rollout=  0.5s  avg= 0.5s/seq  elapsed=  1.5m  eta=  0.4m
[run] flowcast  k=8/10 seq=19/24 (187/240)  t0=6853   rollout=  0.5s  avg= 0.5s/seq  elapsed=  1.6m  eta=  0.4m
[run] flowcast  k=8/10 seq=20/24 (188/240)  t0=7234   rollout=  0.5s  avg= 0.5s/seq  elapsed=  1.6m  eta=  0.4m
[run] flowcast  k=8/10 seq=21/24 (189/240)  t0=7614   rollout=  0.5s  avg= 0.5s/seq  elapsed=  1.6m  eta=  0.4m
[run] flowcast  k=8/10 seq=22/24 (190/240)  t0=7995   rollout=  0.5s  avg= 0.5s/seq  elapsed=  1.6m  eta=  0.4m
[run] flowcast  k=8/10 seq=23/24 (191/240)  t0=8376   rollout=  0.5s  avg= 0.5s/seq  elapsed=  1.6m  eta=  0.4m
[run] flowcast  k=8/10 seq=24/24 (192/240)  t0=8757   rollout=  0.5s  avg= 0.5s/seq  elapsed=  1.6m  eta=  0.4m
[run] flowcast  k=9/10 seq=1/24 (193/240)  t0=0      rollout=  0.5s  avg= 0.5s/seq  elapsed=  1.6m  eta=  0.4m
[run] flowcast  k=9/10 seq=2/24 (194/240)  t0=380    rollout=  0.5s  avg= 0.5s/seq  elapsed=  1.6m  eta=  0.4m
[run] flowcast  k=9/10 seq=3/24 (195/240)  t0=761    rollout=  0.5s  avg= 0.5s/seq  elapsed=  1.6m  eta=  0.4m
[run] flowcast  k=9/10 seq=4/24 (196/240)  t0=1142   rollout=  0.5s  avg= 0.5s/seq  elapsed=  1.6m  eta=  0.4m
[run] flowcast  k=9/10 seq=5/24 (197/240)  t0=1522   rollout=  0.5s  avg= 0.5s/seq  elapsed=  1.6m  eta=  0.4m
[run] flowcast  k=9/10 seq=6/24 (198/240)  t0=1903   rollout=  0.5s  avg= 0.5s/seq  elapsed=  1.6m  eta=  0.3m
[run] flowcast  k=9/10 seq=7/24 (199/240)  t0=2284   rollout=  0.5s  avg= 0.5s/seq  elapsed=  1.7m  eta=  0.3m
[run] flowcast  k=9/10 seq=8/24 (200/240)  t0=2665   rollout=  0.5s  avg= 0.5s/seq  elapsed=  1.7m  eta=  0.3m
[run] flowcast  k=9/10 seq=9/24 (201/240)  t0=3045   rollout=  0.5s  avg= 0.5s/seq  elapsed=  1.7m  eta=  0.3m
[run] flowcast  k=9/10 seq=10/24 (202/240)  t0=3426   rollout=  0.5s  avg= 0.5s/seq  elapsed=  1.7m  eta=  0.3m
[run] flowcast  k=9/10 seq=11/24 (203/240)  t0=3807   rollout=  0.5s  avg= 0.5s/seq  elapsed=  1.7m  eta=  0.3m
[run] flowcast  k=9/10 seq=12/24 (204/240)  t0=4188   rollout=  0.5s  avg= 0.5s/seq  elapsed=  1.7m  eta=  0.3m
[run] flowcast  k=9/10 seq=13/24 (205/240)  t0=4568   rollout=  0.5s  avg= 0.5s/seq  elapsed=  1.7m  eta=  0.3m
[run] flowcast  k=9/10 seq=14/24 (206/240)  t0=4949   rollout=  0.5s  avg= 0.5s/seq  elapsed=  1.7m  eta=  0.3m
[run] flowcast  k=9/10 seq=15/24 (207/240)  t0=5330   rollout=  0.5s  avg= 0.5s/seq  elapsed=  1.7m  eta=  0.3m
[run] flowcast  k=9/10 seq=16/24 (208/240)  t0=5711   rollout=  0.5s  avg= 0.5s/seq  elapsed=  1.7m  eta=  0.3m
[run] flowcast  k=9/10 seq=17/24 (209/240)  t0=6091   rollout=  0.5s  avg= 0.5s/seq  elapsed=  1.7m  eta=  0.3m
[run] flowcast  k=9/10 seq=18/24 (210/240)  t0=6472   rollout=  0.5s  avg= 0.5s/seq  elapsed=  1.7m  eta=  0.2m
[run] flowcast  k=9/10 seq=19/24 (211/240)  t0=6853   rollout=  0.5s  avg= 0.5s/seq  elapsed=  1.7m  eta=  0.2m
[run] flowcast  k=9/10 seq=20/24 (212/240)  t0=7234   rollout=  0.5s  avg= 0.5s/seq  elapsed=  1.8m  eta=  0.2m
[run] flowcast  k=9/10 seq=21/24 (213/240)  t0=7614   rollout=  0.5s  avg= 0.5s/seq  elapsed=  1.8m  eta=  0.2m
[run] flowcast  k=9/10 seq=22/24 (214/240)  t0=7995   rollout=  0.5s  avg= 0.5s/seq  elapsed=  1.8m  eta=  0.2m
[run] flowcast  k=9/10 seq=23/24 (215/240)  t0=8376   rollout=  0.5s  avg= 0.5s/seq  elapsed=  1.8m  eta=  0.2m
[run] flowcast  k=9/10 seq=24/24 (216/240)  t0=8757   rollout=  0.5s  avg= 0.5s/seq  elapsed=  1.8m  eta=  0.2m
[run] flowcast  k=10/10 seq=1/24 (217/240)  t0=0      rollout=  0.5s  avg= 0.5s/seq  elapsed=  1.8m  eta=  0.2m
[run] flowcast  k=10/10 seq=2/24 (218/240)  t0=380    rollout=  0.5s  avg= 0.5s/seq  elapsed=  1.8m  eta=  0.2m
[run] flowcast  k=10/10 seq=3/24 (219/240)  t0=761    rollout=  0.5s  avg= 0.5s/seq  elapsed=  1.8m  eta=  0.2m
[run] flowcast  k=10/10 seq=4/24 (220/240)  t0=1142   rollout=  0.5s  avg= 0.5s/seq  elapsed=  1.8m  eta=  0.2m
[run] flowcast  k=10/10 seq=5/24 (221/240)  t0=1522   rollout=  0.5s  avg= 0.5s/seq  elapsed=  1.8m  eta=  0.2m
[run] flowcast  k=10/10 seq=6/24 (222/240)  t0=1903   rollout=  0.5s  avg= 0.5s/seq  elapsed=  1.8m  eta=  0.1m
[run] flowcast  k=10/10 seq=7/24 (223/240)  t0=2284   rollout=  0.5s  avg= 0.5s/seq  elapsed=  1.8m  eta=  0.1m
[run] flowcast  k=10/10 seq=8/24 (224/240)  t0=2665   rollout=  0.5s  avg= 0.5s/seq  elapsed=  1.9m  eta=  0.1m
[run] flowcast  k=10/10 seq=9/24 (225/240)  t0=3045   rollout=  0.5s  avg= 0.5s/seq  elapsed=  1.9m  eta=  0.1m
[run] flowcast  k=10/10 seq=10/24 (226/240)  t0=3426   rollout=  0.5s  avg= 0.5s/seq  elapsed=  1.9m  eta=  0.1m
[run] flowcast  k=10/10 seq=11/24 (227/240)  t0=3807   rollout=  0.5s  avg= 0.5s/seq  elapsed=  1.9m  eta=  0.1m
[run] flowcast  k=10/10 seq=12/24 (228/240)  t0=4188   rollout=  0.5s  avg= 0.5s/seq  elapsed=  1.9m  eta=  0.1m
[run] flowcast  k=10/10 seq=13/24 (229/240)  t0=4568   rollout=  0.5s  avg= 0.5s/seq  elapsed=  1.9m  eta=  0.1m
[run] flowcast  k=10/10 seq=14/24 (230/240)  t0=4949   rollout=  0.5s  avg= 0.5s/seq  elapsed=  1.9m  eta=  0.1m
[run] flowcast  k=10/10 seq=15/24 (231/240)  t0=5330   rollout=  0.5s  avg= 0.5s/seq  elapsed=  1.9m  eta=  0.1m
[run] flowcast  k=10/10 seq=16/24 (232/240)  t0=5711   rollout=  0.5s  avg= 0.5s/seq  elapsed=  1.9m  eta=  0.1m
[run] flowcast  k=10/10 seq=17/24 (233/240)  t0=6091   rollout=  0.5s  avg= 0.5s/seq  elapsed=  1.9m  eta=  0.1m
[run] flowcast  k=10/10 seq=18/24 (234/240)  t0=6472   rollout=  0.5s  avg= 0.5s/seq  elapsed=  1.9m  eta=  0.0m
[run] flowcast  k=10/10 seq=19/24 (235/240)  t0=6853   rollout=  0.5s  avg= 0.5s/seq  elapsed=  1.9m  eta=  0.0m
[run] flowcast  k=10/10 seq=20/24 (236/240)  t0=7234   rollout=  0.5s  avg= 0.5s/seq  elapsed=  2.0m  eta=  0.0m
[run] flowcast  k=10/10 seq=21/24 (237/240)  t0=7614   rollout=  0.5s  avg= 0.5s/seq  elapsed=  2.0m  eta=  0.0m
[run] flowcast  k=10/10 seq=22/24 (238/240)  t0=7995   rollout=  0.5s  avg= 0.5s/seq  elapsed=  2.0m  eta=  0.0m
[run] flowcast  k=10/10 seq=23/24 (239/240)  t0=8376   rollout=  0.5s  avg= 0.5s/seq  elapsed=  2.0m  eta=  0.0m
[run] flowcast  k=10/10 seq=24/24 (240/240)  t0=8757   rollout=  0.5s  avg= 0.5s/seq  elapsed=  2.0m  eta=  0.0m
[run] flowcast ensemble finished in 2.0m
[load] meanflow /home3/davidlcs/Econ-Rag/Local_LLM/test_meeting/Stormcast-Distilation/runs/meanflow_zettabyte_v1_cleaned_4_27_2026/meanflow_zettabyte_cleaned_4_27_2026/run_0/checkpoints_meanflow/MeanFlowPrecond.0.20000.mdlus
[run] meanflow ensemble (K=10, NFE=2)
[run] meanflow ensemble starting: K=10 x S=24 x T=1 = 240 sequence-rollouts
[run] meanflow  k=1/10 seq=1/24 (1/240)  t0=0      rollout=  0.7s  avg= 0.7s/seq  elapsed=  0.0m  eta=  2.9m
[run] meanflow  k=1/10 seq=2/24 (2/240)  t0=380    rollout=  0.2s  avg= 0.5s/seq  elapsed=  0.0m  eta=  1.8m
[run] meanflow  k=1/10 seq=3/24 (3/240)  t0=761    rollout=  0.2s  avg= 0.4s/seq  elapsed=  0.0m  eta=  1.5m
[run] meanflow  k=1/10 seq=4/24 (4/240)  t0=1142   rollout=  0.2s  avg= 0.3s/seq  elapsed=  0.0m  eta=  1.3m
[run] meanflow  k=1/10 seq=5/24 (5/240)  t0=1522   rollout=  0.2s  avg= 0.3s/seq  elapsed=  0.0m  eta=  1.2m
[run] meanflow  k=1/10 seq=6/24 (6/240)  t0=1903   rollout=  0.2s  avg= 0.3s/seq  elapsed=  0.0m  eta=  1.1m
[run] meanflow  k=1/10 seq=7/24 (7/240)  t0=2284   rollout=  0.2s  avg= 0.3s/seq  elapsed=  0.0m  eta=  1.0m
[run] meanflow  k=1/10 seq=8/24 (8/240)  t0=2665   rollout=  0.2s  avg= 0.3s/seq  elapsed=  0.0m  eta=  1.0m
[run] meanflow  k=1/10 seq=9/24 (9/240)  t0=3045   rollout=  0.2s  avg= 0.3s/seq  elapsed=  0.0m  eta=  1.0m
[run] meanflow  k=1/10 seq=10/24 (10/240)  t0=3426   rollout=  0.2s  avg= 0.2s/seq  elapsed=  0.0m  eta=  0.9m
[run] meanflow  k=1/10 seq=11/24 (11/240)  t0=3807   rollout=  0.2s  avg= 0.2s/seq  elapsed=  0.0m  eta=  0.9m
[run] meanflow  k=1/10 seq=12/24 (12/240)  t0=4188   rollout=  0.2s  avg= 0.2s/seq  elapsed=  0.0m  eta=  0.9m
[run] meanflow  k=1/10 seq=13/24 (13/240)  t0=4568   rollout=  0.2s  avg= 0.2s/seq  elapsed=  0.0m  eta=  0.9m
[run] meanflow  k=1/10 seq=14/24 (14/240)  t0=4949   rollout=  0.2s  avg= 0.2s/seq  elapsed=  0.1m  eta=  0.9m
[run] meanflow  k=1/10 seq=15/24 (15/240)  t0=5330   rollout=  0.2s  avg= 0.2s/seq  elapsed=  0.1m  eta=  0.8m
[run] meanflow  k=1/10 seq=16/24 (16/240)  t0=5711   rollout=  0.2s  avg= 0.2s/seq  elapsed=  0.1m  eta=  0.8m
[run] meanflow  k=1/10 seq=17/24 (17/240)  t0=6091   rollout=  0.2s  avg= 0.2s/seq  elapsed=  0.1m  eta=  0.8m
[run] meanflow  k=1/10 seq=18/24 (18/240)  t0=6472   rollout=  0.2s  avg= 0.2s/seq  elapsed=  0.1m  eta=  0.8m
[run] meanflow  k=1/10 seq=19/24 (19/240)  t0=6853   rollout=  0.2s  avg= 0.2s/seq  elapsed=  0.1m  eta=  0.8m
[run] meanflow  k=1/10 seq=20/24 (20/240)  t0=7234   rollout=  0.2s  avg= 0.2s/seq  elapsed=  0.1m  eta=  0.8m
[run] meanflow  k=1/10 seq=21/24 (21/240)  t0=7614   rollout=  0.2s  avg= 0.2s/seq  elapsed=  0.1m  eta=  0.8m
[run] meanflow  k=1/10 seq=22/24 (22/240)  t0=7995   rollout=  0.2s  avg= 0.2s/seq  elapsed=  0.1m  eta=  0.8m
[run] meanflow  k=1/10 seq=23/24 (23/240)  t0=8376   rollout=  0.2s  avg= 0.2s/seq  elapsed=  0.1m  eta=  0.8m
[run] meanflow  k=1/10 seq=24/24 (24/240)  t0=8757   rollout=  0.2s  avg= 0.2s/seq  elapsed=  0.1m  eta=  0.8m
[run] meanflow  k=2/10 seq=1/24 (25/240)  t0=0      rollout=  0.2s  avg= 0.2s/seq  elapsed=  0.1m  eta=  0.7m
[run] meanflow  k=2/10 seq=2/24 (26/240)  t0=380    rollout=  0.2s  avg= 0.2s/seq  elapsed=  0.1m  eta=  0.7m
[run] meanflow  k=2/10 seq=3/24 (27/240)  t0=761    rollout=  0.2s  avg= 0.2s/seq  elapsed=  0.1m  eta=  0.7m
[run] meanflow  k=2/10 seq=4/24 (28/240)  t0=1142   rollout=  0.2s  avg= 0.2s/seq  elapsed=  0.1m  eta=  0.7m
[run] meanflow  k=2/10 seq=5/24 (29/240)  t0=1522   rollout=  0.2s  avg= 0.2s/seq  elapsed=  0.1m  eta=  0.7m
[run] meanflow  k=2/10 seq=6/24 (30/240)  t0=1903   rollout=  0.2s  avg= 0.2s/seq  elapsed=  0.1m  eta=  0.7m
[run] meanflow  k=2/10 seq=7/24 (31/240)  t0=2284   rollout=  0.2s  avg= 0.2s/seq  elapsed=  0.1m  eta=  0.7m
[run] meanflow  k=2/10 seq=8/24 (32/240)  t0=2665   rollout=  0.2s  avg= 0.2s/seq  elapsed=  0.1m  eta=  0.7m
[run] meanflow  k=2/10 seq=9/24 (33/240)  t0=3045   rollout=  0.2s  avg= 0.2s/seq  elapsed=  0.1m  eta=  0.7m
[run] meanflow  k=2/10 seq=10/24 (34/240)  t0=3426   rollout=  0.2s  avg= 0.2s/seq  elapsed=  0.1m  eta=  0.7m
[run] meanflow  k=2/10 seq=11/24 (35/240)  t0=3807   rollout=  0.2s  avg= 0.2s/seq  elapsed=  0.1m  eta=  0.7m
[run] meanflow  k=2/10 seq=12/24 (36/240)  t0=4188   rollout=  0.2s  avg= 0.2s/seq  elapsed=  0.1m  eta=  0.7m
[run] meanflow  k=2/10 seq=13/24 (37/240)  t0=4568   rollout=  0.2s  avg= 0.2s/seq  elapsed=  0.1m  eta=  0.7m
[run] meanflow  k=2/10 seq=14/24 (38/240)  t0=4949   rollout=  0.2s  avg= 0.2s/seq  elapsed=  0.1m  eta=  0.7m
[run] meanflow  k=2/10 seq=15/24 (39/240)  t0=5330   rollout=  0.2s  avg= 0.2s/seq  elapsed=  0.1m  eta=  0.7m
[run] meanflow  k=2/10 seq=16/24 (40/240)  t0=5711   rollout=  0.2s  avg= 0.2s/seq  elapsed=  0.1m  eta=  0.7m
[run] meanflow  k=2/10 seq=17/24 (41/240)  t0=6091   rollout=  0.2s  avg= 0.2s/seq  elapsed=  0.1m  eta=  0.7m
[run] meanflow  k=2/10 seq=18/24 (42/240)  t0=6472   rollout=  0.2s  avg= 0.2s/seq  elapsed=  0.1m  eta=  0.7m
[run] meanflow  k=2/10 seq=19/24 (43/240)  t0=6853   rollout=  0.2s  avg= 0.2s/seq  elapsed=  0.1m  eta=  0.7m
[run] meanflow  k=2/10 seq=20/24 (44/240)  t0=7234   rollout=  0.2s  avg= 0.2s/seq  elapsed=  0.1m  eta=  0.6m
[run] meanflow  k=2/10 seq=21/24 (45/240)  t0=7614   rollout=  0.2s  avg= 0.2s/seq  elapsed=  0.1m  eta=  0.6m
[run] meanflow  k=2/10 seq=22/24 (46/240)  t0=7995   rollout=  0.2s  avg= 0.2s/seq  elapsed=  0.2m  eta=  0.6m
[run] meanflow  k=2/10 seq=23/24 (47/240)  t0=8376   rollout=  0.2s  avg= 0.2s/seq  elapsed=  0.2m  eta=  0.6m
[run] meanflow  k=2/10 seq=24/24 (48/240)  t0=8757   rollout=  0.2s  avg= 0.2s/seq  elapsed=  0.2m  eta=  0.6m
[run] meanflow  k=3/10 seq=1/24 (49/240)  t0=0      rollout=  0.2s  avg= 0.2s/seq  elapsed=  0.2m  eta=  0.6m
[run] meanflow  k=3/10 seq=2/24 (50/240)  t0=380    rollout=  0.2s  avg= 0.2s/seq  elapsed=  0.2m  eta=  0.6m
[run] meanflow  k=3/10 seq=3/24 (51/240)  t0=761    rollout=  0.2s  avg= 0.2s/seq  elapsed=  0.2m  eta=  0.6m
[run] meanflow  k=3/10 seq=4/24 (52/240)  t0=1142   rollout=  0.2s  avg= 0.2s/seq  elapsed=  0.2m  eta=  0.6m
[run] meanflow  k=3/10 seq=5/24 (53/240)  t0=1522   rollout=  0.2s  avg= 0.2s/seq  elapsed=  0.2m  eta=  0.6m
[run] meanflow  k=3/10 seq=6/24 (54/240)  t0=1903   rollout=  0.2s  avg= 0.2s/seq  elapsed=  0.2m  eta=  0.6m
[run] meanflow  k=3/10 seq=7/24 (55/240)  t0=2284   rollout=  0.2s  avg= 0.2s/seq  elapsed=  0.2m  eta=  0.6m
[run] meanflow  k=3/10 seq=8/24 (56/240)  t0=2665   rollout=  0.2s  avg= 0.2s/seq  elapsed=  0.2m  eta=  0.6m
[run] meanflow  k=3/10 seq=9/24 (57/240)  t0=3045   rollout=  0.2s  avg= 0.2s/seq  elapsed=  0.2m  eta=  0.6m
[run] meanflow  k=3/10 seq=10/24 (58/240)  t0=3426   rollout=  0.2s  avg= 0.2s/seq  elapsed=  0.2m  eta=  0.6m
[run] meanflow  k=3/10 seq=11/24 (59/240)  t0=3807   rollout=  0.2s  avg= 0.2s/seq  elapsed=  0.2m  eta=  0.6m
[run] meanflow  k=3/10 seq=12/24 (60/240)  t0=4188   rollout=  0.2s  avg= 0.2s/seq  elapsed=  0.2m  eta=  0.6m
[run] meanflow  k=3/10 seq=13/24 (61/240)  t0=4568   rollout=  0.2s  avg= 0.2s/seq  elapsed=  0.2m  eta=  0.6m
[run] meanflow  k=3/10 seq=14/24 (62/240)  t0=4949   rollout=  0.2s  avg= 0.2s/seq  elapsed=  0.2m  eta=  0.6m
[run] meanflow  k=3/10 seq=15/24 (63/240)  t0=5330   rollout=  0.2s  avg= 0.2s/seq  elapsed=  0.2m  eta=  0.6m
[run] meanflow  k=3/10 seq=16/24 (64/240)  t0=5711   rollout=  0.2s  avg= 0.2s/seq  elapsed=  0.2m  eta=  0.6m
[run] meanflow  k=3/10 seq=17/24 (65/240)  t0=6091   rollout=  0.2s  avg= 0.2s/seq  elapsed=  0.2m  eta=  0.6m
[run] meanflow  k=3/10 seq=18/24 (66/240)  t0=6472   rollout=  0.2s  avg= 0.2s/seq  elapsed=  0.2m  eta=  0.6m
[run] meanflow  k=3/10 seq=19/24 (67/240)  t0=6853   rollout=  0.2s  avg= 0.2s/seq  elapsed=  0.2m  eta=  0.6m
[run] meanflow  k=3/10 seq=20/24 (68/240)  t0=7234   rollout=  0.2s  avg= 0.2s/seq  elapsed=  0.2m  eta=  0.6m
[run] meanflow  k=3/10 seq=21/24 (69/240)  t0=7614   rollout=  0.2s  avg= 0.2s/seq  elapsed=  0.2m  eta=  0.6m
[run] meanflow  k=3/10 seq=22/24 (70/240)  t0=7995   rollout=  0.2s  avg= 0.2s/seq  elapsed=  0.2m  eta=  0.5m
[run] meanflow  k=3/10 seq=23/24 (71/240)  t0=8376   rollout=  0.2s  avg= 0.2s/seq  elapsed=  0.2m  eta=  0.5m
[run] meanflow  k=3/10 seq=24/24 (72/240)  t0=8757   rollout=  0.2s  avg= 0.2s/seq  elapsed=  0.2m  eta=  0.5m
[run] meanflow  k=4/10 seq=1/24 (73/240)  t0=0      rollout=  0.2s  avg= 0.2s/seq  elapsed=  0.2m  eta=  0.5m
[run] meanflow  k=4/10 seq=2/24 (74/240)  t0=380    rollout=  0.2s  avg= 0.2s/seq  elapsed=  0.2m  eta=  0.5m
[run] meanflow  k=4/10 seq=3/24 (75/240)  t0=761    rollout=  0.2s  avg= 0.2s/seq  elapsed=  0.2m  eta=  0.5m
[run] meanflow  k=4/10 seq=4/24 (76/240)  t0=1142   rollout=  0.2s  avg= 0.2s/seq  elapsed=  0.2m  eta=  0.5m
[run] meanflow  k=4/10 seq=5/24 (77/240)  t0=1522   rollout=  0.2s  avg= 0.2s/seq  elapsed=  0.2m  eta=  0.5m
[run] meanflow  k=4/10 seq=6/24 (78/240)  t0=1903   rollout=  0.2s  avg= 0.2s/seq  elapsed=  0.3m  eta=  0.5m
[run] meanflow  k=4/10 seq=7/24 (79/240)  t0=2284   rollout=  0.2s  avg= 0.2s/seq  elapsed=  0.3m  eta=  0.5m
[run] meanflow  k=4/10 seq=8/24 (80/240)  t0=2665   rollout=  0.2s  avg= 0.2s/seq  elapsed=  0.3m  eta=  0.5m
[run] meanflow  k=4/10 seq=9/24 (81/240)  t0=3045   rollout=  0.2s  avg= 0.2s/seq  elapsed=  0.3m  eta=  0.5m
[run] meanflow  k=4/10 seq=10/24 (82/240)  t0=3426   rollout=  0.2s  avg= 0.2s/seq  elapsed=  0.3m  eta=  0.5m
[run] meanflow  k=4/10 seq=11/24 (83/240)  t0=3807   rollout=  0.2s  avg= 0.2s/seq  elapsed=  0.3m  eta=  0.5m
[run] meanflow  k=4/10 seq=12/24 (84/240)  t0=4188   rollout=  0.2s  avg= 0.2s/seq  elapsed=  0.3m  eta=  0.5m
[run] meanflow  k=4/10 seq=13/24 (85/240)  t0=4568   rollout=  0.2s  avg= 0.2s/seq  elapsed=  0.3m  eta=  0.5m
[run] meanflow  k=4/10 seq=14/24 (86/240)  t0=4949   rollout=  0.2s  avg= 0.2s/seq  elapsed=  0.3m  eta=  0.5m
[run] meanflow  k=4/10 seq=15/24 (87/240)  t0=5330   rollout=  0.2s  avg= 0.2s/seq  elapsed=  0.3m  eta=  0.5m
[run] meanflow  k=4/10 seq=16/24 (88/240)  t0=5711   rollout=  0.2s  avg= 0.2s/seq  elapsed=  0.3m  eta=  0.5m
[run] meanflow  k=4/10 seq=17/24 (89/240)  t0=6091   rollout=  0.2s  avg= 0.2s/seq  elapsed=  0.3m  eta=  0.5m
[run] meanflow  k=4/10 seq=18/24 (90/240)  t0=6472   rollout=  0.2s  avg= 0.2s/seq  elapsed=  0.3m  eta=  0.5m
[run] meanflow  k=4/10 seq=19/24 (91/240)  t0=6853   rollout=  0.2s  avg= 0.2s/seq  elapsed=  0.3m  eta=  0.5m
[run] meanflow  k=4/10 seq=20/24 (92/240)  t0=7234   rollout=  0.2s  avg= 0.2s/seq  elapsed=  0.3m  eta=  0.5m
[run] meanflow  k=4/10 seq=21/24 (93/240)  t0=7614   rollout=  0.2s  avg= 0.2s/seq  elapsed=  0.3m  eta=  0.5m
[run] meanflow  k=4/10 seq=22/24 (94/240)  t0=7995   rollout=  0.2s  avg= 0.2s/seq  elapsed=  0.3m  eta=  0.5m
[run] meanflow  k=4/10 seq=23/24 (95/240)  t0=8376   rollout=  0.2s  avg= 0.2s/seq  elapsed=  0.3m  eta=  0.5m
[run] meanflow  k=4/10 seq=24/24 (96/240)  t0=8757   rollout=  0.2s  avg= 0.2s/seq  elapsed=  0.3m  eta=  0.5m
[run] meanflow  k=5/10 seq=1/24 (97/240)  t0=0      rollout=  0.2s  avg= 0.2s/seq  elapsed=  0.3m  eta=  0.5m
[run] meanflow  k=5/10 seq=2/24 (98/240)  t0=380    rollout=  0.2s  avg= 0.2s/seq  elapsed=  0.3m  eta=  0.5m
[run] meanflow  k=5/10 seq=3/24 (99/240)  t0=761    rollout=  0.2s  avg= 0.2s/seq  elapsed=  0.3m  eta=  0.4m
[run] meanflow  k=5/10 seq=4/24 (100/240)  t0=1142   rollout=  0.2s  avg= 0.2s/seq  elapsed=  0.3m  eta=  0.4m
[run] meanflow  k=5/10 seq=5/24 (101/240)  t0=1522   rollout=  0.2s  avg= 0.2s/seq  elapsed=  0.3m  eta=  0.4m
[run] meanflow  k=5/10 seq=6/24 (102/240)  t0=1903   rollout=  0.2s  avg= 0.2s/seq  elapsed=  0.3m  eta=  0.4m
[run] meanflow  k=5/10 seq=7/24 (103/240)  t0=2284   rollout=  0.2s  avg= 0.2s/seq  elapsed=  0.3m  eta=  0.4m
[run] meanflow  k=5/10 seq=8/24 (104/240)  t0=2665   rollout=  0.2s  avg= 0.2s/seq  elapsed=  0.3m  eta=  0.4m
[run] meanflow  k=5/10 seq=9/24 (105/240)  t0=3045   rollout=  0.2s  avg= 0.2s/seq  elapsed=  0.3m  eta=  0.4m
[run] meanflow  k=5/10 seq=10/24 (106/240)  t0=3426   rollout=  0.2s  avg= 0.2s/seq  elapsed=  0.3m  eta=  0.4m
[run] meanflow  k=5/10 seq=11/24 (107/240)  t0=3807   rollout=  0.2s  avg= 0.2s/seq  elapsed=  0.3m  eta=  0.4m
[run] meanflow  k=5/10 seq=12/24 (108/240)  t0=4188   rollout=  0.2s  avg= 0.2s/seq  elapsed=  0.3m  eta=  0.4m
[run] meanflow  k=5/10 seq=13/24 (109/240)  t0=4568   rollout=  0.2s  avg= 0.2s/seq  elapsed=  0.3m  eta=  0.4m
[run] meanflow  k=5/10 seq=14/24 (110/240)  t0=4949   rollout=  0.2s  avg= 0.2s/seq  elapsed=  0.3m  eta=  0.4m
[run] meanflow  k=5/10 seq=15/24 (111/240)  t0=5330   rollout=  0.2s  avg= 0.2s/seq  elapsed=  0.4m  eta=  0.4m
[run] meanflow  k=5/10 seq=16/24 (112/240)  t0=5711   rollout=  0.2s  avg= 0.2s/seq  elapsed=  0.4m  eta=  0.4m
[run] meanflow  k=5/10 seq=17/24 (113/240)  t0=6091   rollout=  0.2s  avg= 0.2s/seq  elapsed=  0.4m  eta=  0.4m
[run] meanflow  k=5/10 seq=18/24 (114/240)  t0=6472   rollout=  0.2s  avg= 0.2s/seq  elapsed=  0.4m  eta=  0.4m
[run] meanflow  k=5/10 seq=19/24 (115/240)  t0=6853   rollout=  0.2s  avg= 0.2s/seq  elapsed=  0.4m  eta=  0.4m
[run] meanflow  k=5/10 seq=20/24 (116/240)  t0=7234   rollout=  0.2s  avg= 0.2s/seq  elapsed=  0.4m  eta=  0.4m
[run] meanflow  k=5/10 seq=21/24 (117/240)  t0=7614   rollout=  0.2s  avg= 0.2s/seq  elapsed=  0.4m  eta=  0.4m
[run] meanflow  k=5/10 seq=22/24 (118/240)  t0=7995   rollout=  0.2s  avg= 0.2s/seq  elapsed=  0.4m  eta=  0.4m
[run] meanflow  k=5/10 seq=23/24 (119/240)  t0=8376   rollout=  0.2s  avg= 0.2s/seq  elapsed=  0.4m  eta=  0.4m
[run] meanflow  k=5/10 seq=24/24 (120/240)  t0=8757   rollout=  0.2s  avg= 0.2s/seq  elapsed=  0.4m  eta=  0.4m
[run] meanflow  k=6/10 seq=1/24 (121/240)  t0=0      rollout=  0.2s  avg= 0.2s/seq  elapsed=  0.4m  eta=  0.4m
[run] meanflow  k=6/10 seq=2/24 (122/240)  t0=380    rollout=  0.2s  avg= 0.2s/seq  elapsed=  0.4m  eta=  0.4m
[run] meanflow  k=6/10 seq=3/24 (123/240)  t0=761    rollout=  0.2s  avg= 0.2s/seq  elapsed=  0.4m  eta=  0.4m
[run] meanflow  k=6/10 seq=4/24 (124/240)  t0=1142   rollout=  0.2s  avg= 0.2s/seq  elapsed=  0.4m  eta=  0.4m
[run] meanflow  k=6/10 seq=5/24 (125/240)  t0=1522   rollout=  0.2s  avg= 0.2s/seq  elapsed=  0.4m  eta=  0.4m
[run] meanflow  k=6/10 seq=6/24 (126/240)  t0=1903   rollout=  0.2s  avg= 0.2s/seq  elapsed=  0.4m  eta=  0.4m
[run] meanflow  k=6/10 seq=7/24 (127/240)  t0=2284   rollout=  0.2s  avg= 0.2s/seq  elapsed=  0.4m  eta=  0.4m
[run] meanflow  k=6/10 seq=8/24 (128/240)  t0=2665   rollout=  0.2s  avg= 0.2s/seq  elapsed=  0.4m  eta=  0.4m
[run] meanflow  k=6/10 seq=9/24 (129/240)  t0=3045   rollout=  0.2s  avg= 0.2s/seq  elapsed=  0.4m  eta=  0.4m
[run] meanflow  k=6/10 seq=10/24 (130/240)  t0=3426   rollout=  0.2s  avg= 0.2s/seq  elapsed=  0.4m  eta=  0.3m
[run] meanflow  k=6/10 seq=11/24 (131/240)  t0=3807   rollout=  0.2s  avg= 0.2s/seq  elapsed=  0.4m  eta=  0.3m
[run] meanflow  k=6/10 seq=12/24 (132/240)  t0=4188   rollout=  0.2s  avg= 0.2s/seq  elapsed=  0.4m  eta=  0.3m
[run] meanflow  k=6/10 seq=13/24 (133/240)  t0=4568   rollout=  0.2s  avg= 0.2s/seq  elapsed=  0.4m  eta=  0.3m
[run] meanflow  k=6/10 seq=14/24 (134/240)  t0=4949   rollout=  0.2s  avg= 0.2s/seq  elapsed=  0.4m  eta=  0.3m
[run] meanflow  k=6/10 seq=15/24 (135/240)  t0=5330   rollout=  0.2s  avg= 0.2s/seq  elapsed=  0.4m  eta=  0.3m
[run] meanflow  k=6/10 seq=16/24 (136/240)  t0=5711   rollout=  0.2s  avg= 0.2s/seq  elapsed=  0.4m  eta=  0.3m
[run] meanflow  k=6/10 seq=17/24 (137/240)  t0=6091   rollout=  0.2s  avg= 0.2s/seq  elapsed=  0.4m  eta=  0.3m
[run] meanflow  k=6/10 seq=18/24 (138/240)  t0=6472   rollout=  0.2s  avg= 0.2s/seq  elapsed=  0.4m  eta=  0.3m
[run] meanflow  k=6/10 seq=19/24 (139/240)  t0=6853   rollout=  0.2s  avg= 0.2s/seq  elapsed=  0.4m  eta=  0.3m
[run] meanflow  k=6/10 seq=20/24 (140/240)  t0=7234   rollout=  0.2s  avg= 0.2s/seq  elapsed=  0.4m  eta=  0.3m
[run] meanflow  k=6/10 seq=21/24 (141/240)  t0=7614   rollout=  0.2s  avg= 0.2s/seq  elapsed=  0.4m  eta=  0.3m
[run] meanflow  k=6/10 seq=22/24 (142/240)  t0=7995   rollout=  0.2s  avg= 0.2s/seq  elapsed=  0.4m  eta=  0.3m
[run] meanflow  k=6/10 seq=23/24 (143/240)  t0=8376   rollout=  0.2s  avg= 0.2s/seq  elapsed=  0.5m  eta=  0.3m
[run] meanflow  k=6/10 seq=24/24 (144/240)  t0=8757   rollout=  0.2s  avg= 0.2s/seq  elapsed=  0.5m  eta=  0.3m
[run] meanflow  k=7/10 seq=1/24 (145/240)  t0=0      rollout=  0.2s  avg= 0.2s/seq  elapsed=  0.5m  eta=  0.3m
[run] meanflow  k=7/10 seq=2/24 (146/240)  t0=380    rollout=  0.2s  avg= 0.2s/seq  elapsed=  0.5m  eta=  0.3m
[run] meanflow  k=7/10 seq=3/24 (147/240)  t0=761    rollout=  0.2s  avg= 0.2s/seq  elapsed=  0.5m  eta=  0.3m
[run] meanflow  k=7/10 seq=4/24 (148/240)  t0=1142   rollout=  0.2s  avg= 0.2s/seq  elapsed=  0.5m  eta=  0.3m
[run] meanflow  k=7/10 seq=5/24 (149/240)  t0=1522   rollout=  0.2s  avg= 0.2s/seq  elapsed=  0.5m  eta=  0.3m
[run] meanflow  k=7/10 seq=6/24 (150/240)  t0=1903   rollout=  0.2s  avg= 0.2s/seq  elapsed=  0.5m  eta=  0.3m
[run] meanflow  k=7/10 seq=7/24 (151/240)  t0=2284   rollout=  0.2s  avg= 0.2s/seq  elapsed=  0.5m  eta=  0.3m
[run] meanflow  k=7/10 seq=8/24 (152/240)  t0=2665   rollout=  0.2s  avg= 0.2s/seq  elapsed=  0.5m  eta=  0.3m
[run] meanflow  k=7/10 seq=9/24 (153/240)  t0=3045   rollout=  0.2s  avg= 0.2s/seq  elapsed=  0.5m  eta=  0.3m
[run] meanflow  k=7/10 seq=10/24 (154/240)  t0=3426   rollout=  0.2s  avg= 0.2s/seq  elapsed=  0.5m  eta=  0.3m
[run] meanflow  k=7/10 seq=11/24 (155/240)  t0=3807   rollout=  0.2s  avg= 0.2s/seq  elapsed=  0.5m  eta=  0.3m
[run] meanflow  k=7/10 seq=12/24 (156/240)  t0=4188   rollout=  0.2s  avg= 0.2s/seq  elapsed=  0.5m  eta=  0.3m
[run] meanflow  k=7/10 seq=13/24 (157/240)  t0=4568   rollout=  0.2s  avg= 0.2s/seq  elapsed=  0.5m  eta=  0.3m
[run] meanflow  k=7/10 seq=14/24 (158/240)  t0=4949   rollout=  0.2s  avg= 0.2s/seq  elapsed=  0.5m  eta=  0.3m
[run] meanflow  k=7/10 seq=15/24 (159/240)  t0=5330   rollout=  0.2s  avg= 0.2s/seq  elapsed=  0.5m  eta=  0.3m
[run] meanflow  k=7/10 seq=16/24 (160/240)  t0=5711   rollout=  0.2s  avg= 0.2s/seq  elapsed=  0.5m  eta=  0.3m
[run] meanflow  k=7/10 seq=17/24 (161/240)  t0=6091   rollout=  0.2s  avg= 0.2s/seq  elapsed=  0.5m  eta=  0.2m
[run] meanflow  k=7/10 seq=18/24 (162/240)  t0=6472   rollout=  0.2s  avg= 0.2s/seq  elapsed=  0.5m  eta=  0.2m
[run] meanflow  k=7/10 seq=19/24 (163/240)  t0=6853   rollout=  0.2s  avg= 0.2s/seq  elapsed=  0.5m  eta=  0.2m
[run] meanflow  k=7/10 seq=20/24 (164/240)  t0=7234   rollout=  0.2s  avg= 0.2s/seq  elapsed=  0.5m  eta=  0.2m
[run] meanflow  k=7/10 seq=21/24 (165/240)  t0=7614   rollout=  0.2s  avg= 0.2s/seq  elapsed=  0.5m  eta=  0.2m
[run] meanflow  k=7/10 seq=22/24 (166/240)  t0=7995   rollout=  0.2s  avg= 0.2s/seq  elapsed=  0.5m  eta=  0.2m
[run] meanflow  k=7/10 seq=23/24 (167/240)  t0=8376   rollout=  0.2s  avg= 0.2s/seq  elapsed=  0.5m  eta=  0.2m
[run] meanflow  k=7/10 seq=24/24 (168/240)  t0=8757   rollout=  0.2s  avg= 0.2s/seq  elapsed=  0.5m  eta=  0.2m
[run] meanflow  k=8/10 seq=1/24 (169/240)  t0=0      rollout=  0.2s  avg= 0.2s/seq  elapsed=  0.5m  eta=  0.2m
[run] meanflow  k=8/10 seq=2/24 (170/240)  t0=380    rollout=  0.2s  avg= 0.2s/seq  elapsed=  0.5m  eta=  0.2m
[run] meanflow  k=8/10 seq=3/24 (171/240)  t0=761    rollout=  0.2s  avg= 0.2s/seq  elapsed=  0.5m  eta=  0.2m
[run] meanflow  k=8/10 seq=4/24 (172/240)  t0=1142   rollout=  0.2s  avg= 0.2s/seq  elapsed=  0.5m  eta=  0.2m
[run] meanflow  k=8/10 seq=5/24 (173/240)  t0=1522   rollout=  0.2s  avg= 0.2s/seq  elapsed=  0.5m  eta=  0.2m
[run] meanflow  k=8/10 seq=6/24 (174/240)  t0=1903   rollout=  0.2s  avg= 0.2s/seq  elapsed=  0.5m  eta=  0.2m
[run] meanflow  k=8/10 seq=7/24 (175/240)  t0=2284   rollout=  0.2s  avg= 0.2s/seq  elapsed=  0.5m  eta=  0.2m
[run] meanflow  k=8/10 seq=8/24 (176/240)  t0=2665   rollout=  0.2s  avg= 0.2s/seq  elapsed=  0.6m  eta=  0.2m
[run] meanflow  k=8/10 seq=9/24 (177/240)  t0=3045   rollout=  0.2s  avg= 0.2s/seq  elapsed=  0.6m  eta=  0.2m
[run] meanflow  k=8/10 seq=10/24 (178/240)  t0=3426   rollout=  0.2s  avg= 0.2s/seq  elapsed=  0.6m  eta=  0.2m
[run] meanflow  k=8/10 seq=11/24 (179/240)  t0=3807   rollout=  0.2s  avg= 0.2s/seq  elapsed=  0.6m  eta=  0.2m
[run] meanflow  k=8/10 seq=12/24 (180/240)  t0=4188   rollout=  0.2s  avg= 0.2s/seq  elapsed=  0.6m  eta=  0.2m
[run] meanflow  k=8/10 seq=13/24 (181/240)  t0=4568   rollout=  0.2s  avg= 0.2s/seq  elapsed=  0.6m  eta=  0.2m
[run] meanflow  k=8/10 seq=14/24 (182/240)  t0=4949   rollout=  0.2s  avg= 0.2s/seq  elapsed=  0.6m  eta=  0.2m
[run] meanflow  k=8/10 seq=15/24 (183/240)  t0=5330   rollout=  0.2s  avg= 0.2s/seq  elapsed=  0.6m  eta=  0.2m
[run] meanflow  k=8/10 seq=16/24 (184/240)  t0=5711   rollout=  0.2s  avg= 0.2s/seq  elapsed=  0.6m  eta=  0.2m
[run] meanflow  k=8/10 seq=17/24 (185/240)  t0=6091   rollout=  0.2s  avg= 0.2s/seq  elapsed=  0.6m  eta=  0.2m
[run] meanflow  k=8/10 seq=18/24 (186/240)  t0=6472   rollout=  0.2s  avg= 0.2s/seq  elapsed=  0.6m  eta=  0.2m
[run] meanflow  k=8/10 seq=19/24 (187/240)  t0=6853   rollout=  0.2s  avg= 0.2s/seq  elapsed=  0.6m  eta=  0.2m
[run] meanflow  k=8/10 seq=20/24 (188/240)  t0=7234   rollout=  0.2s  avg= 0.2s/seq  elapsed=  0.6m  eta=  0.2m
[run] meanflow  k=8/10 seq=21/24 (189/240)  t0=7614   rollout=  0.2s  avg= 0.2s/seq  elapsed=  0.6m  eta=  0.2m
[run] meanflow  k=8/10 seq=22/24 (190/240)  t0=7995   rollout=  0.2s  avg= 0.2s/seq  elapsed=  0.6m  eta=  0.2m
[run] meanflow  k=8/10 seq=23/24 (191/240)  t0=8376   rollout=  0.2s  avg= 0.2s/seq  elapsed=  0.6m  eta=  0.2m
[run] meanflow  k=8/10 seq=24/24 (192/240)  t0=8757   rollout=  0.2s  avg= 0.2s/seq  elapsed=  0.6m  eta=  0.2m
[run] meanflow  k=9/10 seq=1/24 (193/240)  t0=0      rollout=  0.2s  avg= 0.2s/seq  elapsed=  0.6m  eta=  0.1m
[run] meanflow  k=9/10 seq=2/24 (194/240)  t0=380    rollout=  0.2s  avg= 0.2s/seq  elapsed=  0.6m  eta=  0.1m
[run] meanflow  k=9/10 seq=3/24 (195/240)  t0=761    rollout=  0.2s  avg= 0.2s/seq  elapsed=  0.6m  eta=  0.1m
[run] meanflow  k=9/10 seq=4/24 (196/240)  t0=1142   rollout=  0.2s  avg= 0.2s/seq  elapsed=  0.6m  eta=  0.1m
[run] meanflow  k=9/10 seq=5/24 (197/240)  t0=1522   rollout=  0.2s  avg= 0.2s/seq  elapsed=  0.6m  eta=  0.1m
[run] meanflow  k=9/10 seq=6/24 (198/240)  t0=1903   rollout=  0.2s  avg= 0.2s/seq  elapsed=  0.6m  eta=  0.1m
[run] meanflow  k=9/10 seq=7/24 (199/240)  t0=2284   rollout=  0.2s  avg= 0.2s/seq  elapsed=  0.6m  eta=  0.1m
[run] meanflow  k=9/10 seq=8/24 (200/240)  t0=2665   rollout=  0.2s  avg= 0.2s/seq  elapsed=  0.6m  eta=  0.1m
[run] meanflow  k=9/10 seq=9/24 (201/240)  t0=3045   rollout=  0.2s  avg= 0.2s/seq  elapsed=  0.6m  eta=  0.1m
[run] meanflow  k=9/10 seq=10/24 (202/240)  t0=3426   rollout=  0.2s  avg= 0.2s/seq  elapsed=  0.6m  eta=  0.1m
[run] meanflow  k=9/10 seq=11/24 (203/240)  t0=3807   rollout=  0.2s  avg= 0.2s/seq  elapsed=  0.6m  eta=  0.1m
[run] meanflow  k=9/10 seq=12/24 (204/240)  t0=4188   rollout=  0.2s  avg= 0.2s/seq  elapsed=  0.6m  eta=  0.1m
[run] meanflow  k=9/10 seq=13/24 (205/240)  t0=4568   rollout=  0.2s  avg= 0.2s/seq  elapsed=  0.6m  eta=  0.1m
[run] meanflow  k=9/10 seq=14/24 (206/240)  t0=4949   rollout=  0.2s  avg= 0.2s/seq  elapsed=  0.6m  eta=  0.1m
[run] meanflow  k=9/10 seq=15/24 (207/240)  t0=5330   rollout=  0.2s  avg= 0.2s/seq  elapsed=  0.6m  eta=  0.1m
[run] meanflow  k=9/10 seq=16/24 (208/240)  t0=5711   rollout=  0.2s  avg= 0.2s/seq  elapsed=  0.7m  eta=  0.1m
[run] meanflow  k=9/10 seq=17/24 (209/240)  t0=6091   rollout=  0.2s  avg= 0.2s/seq  elapsed=  0.7m  eta=  0.1m
[run] meanflow  k=9/10 seq=18/24 (210/240)  t0=6472   rollout=  0.2s  avg= 0.2s/seq  elapsed=  0.7m  eta=  0.1m
[run] meanflow  k=9/10 seq=19/24 (211/240)  t0=6853   rollout=  0.2s  avg= 0.2s/seq  elapsed=  0.7m  eta=  0.1m
[run] meanflow  k=9/10 seq=20/24 (212/240)  t0=7234   rollout=  0.2s  avg= 0.2s/seq  elapsed=  0.7m  eta=  0.1m
[run] meanflow  k=9/10 seq=21/24 (213/240)  t0=7614   rollout=  0.2s  avg= 0.2s/seq  elapsed=  0.7m  eta=  0.1m
[run] meanflow  k=9/10 seq=22/24 (214/240)  t0=7995   rollout=  0.2s  avg= 0.2s/seq  elapsed=  0.7m  eta=  0.1m
[run] meanflow  k=9/10 seq=23/24 (215/240)  t0=8376   rollout=  0.2s  avg= 0.2s/seq  elapsed=  0.7m  eta=  0.1m
[run] meanflow  k=9/10 seq=24/24 (216/240)  t0=8757   rollout=  0.2s  avg= 0.2s/seq  elapsed=  0.7m  eta=  0.1m
[run] meanflow  k=10/10 seq=1/24 (217/240)  t0=0      rollout=  0.2s  avg= 0.2s/seq  elapsed=  0.7m  eta=  0.1m
[run] meanflow  k=10/10 seq=2/24 (218/240)  t0=380    rollout=  0.2s  avg= 0.2s/seq  elapsed=  0.7m  eta=  0.1m
[run] meanflow  k=10/10 seq=3/24 (219/240)  t0=761    rollout=  0.2s  avg= 0.2s/seq  elapsed=  0.7m  eta=  0.1m
[run] meanflow  k=10/10 seq=4/24 (220/240)  t0=1142   rollout=  0.2s  avg= 0.2s/seq  elapsed=  0.7m  eta=  0.1m
[run] meanflow  k=10/10 seq=5/24 (221/240)  t0=1522   rollout=  0.2s  avg= 0.2s/seq  elapsed=  0.7m  eta=  0.1m
[run] meanflow  k=10/10 seq=6/24 (222/240)  t0=1903   rollout=  0.2s  avg= 0.2s/seq  elapsed=  0.7m  eta=  0.1m
[run] meanflow  k=10/10 seq=7/24 (223/240)  t0=2284   rollout=  0.2s  avg= 0.2s/seq  elapsed=  0.7m  eta=  0.1m
[run] meanflow  k=10/10 seq=8/24 (224/240)  t0=2665   rollout=  0.2s  avg= 0.2s/seq  elapsed=  0.7m  eta=  0.0m
[run] meanflow  k=10/10 seq=9/24 (225/240)  t0=3045   rollout=  0.2s  avg= 0.2s/seq  elapsed=  0.7m  eta=  0.0m
[run] meanflow  k=10/10 seq=10/24 (226/240)  t0=3426   rollout=  0.2s  avg= 0.2s/seq  elapsed=  0.7m  eta=  0.0m
[run] meanflow  k=10/10 seq=11/24 (227/240)  t0=3807   rollout=  0.2s  avg= 0.2s/seq  elapsed=  0.7m  eta=  0.0m
[run] meanflow  k=10/10 seq=12/24 (228/240)  t0=4188   rollout=  0.2s  avg= 0.2s/seq  elapsed=  0.7m  eta=  0.0m
[run] meanflow  k=10/10 seq=13/24 (229/240)  t0=4568   rollout=  0.2s  avg= 0.2s/seq  elapsed=  0.7m  eta=  0.0m
[run] meanflow  k=10/10 seq=14/24 (230/240)  t0=4949   rollout=  0.2s  avg= 0.2s/seq  elapsed=  0.7m  eta=  0.0m
[run] meanflow  k=10/10 seq=15/24 (231/240)  t0=5330   rollout=  0.2s  avg= 0.2s/seq  elapsed=  0.7m  eta=  0.0m
[run] meanflow  k=10/10 seq=16/24 (232/240)  t0=5711   rollout=  0.2s  avg= 0.2s/seq  elapsed=  0.7m  eta=  0.0m
[run] meanflow  k=10/10 seq=17/24 (233/240)  t0=6091   rollout=  0.2s  avg= 0.2s/seq  elapsed=  0.7m  eta=  0.0m
[run] meanflow  k=10/10 seq=18/24 (234/240)  t0=6472   rollout=  0.2s  avg= 0.2s/seq  elapsed=  0.7m  eta=  0.0m
[run] meanflow  k=10/10 seq=19/24 (235/240)  t0=6853   rollout=  0.2s  avg= 0.2s/seq  elapsed=  0.7m  eta=  0.0m
[run] meanflow  k=10/10 seq=20/24 (236/240)  t0=7234   rollout=  0.2s  avg= 0.2s/seq  elapsed=  0.7m  eta=  0.0m
[run] meanflow  k=10/10 seq=21/24 (237/240)  t0=7614   rollout=  0.2s  avg= 0.2s/seq  elapsed=  0.7m  eta=  0.0m
[run] meanflow  k=10/10 seq=22/24 (238/240)  t0=7995   rollout=  0.2s  avg= 0.2s/seq  elapsed=  0.7m  eta=  0.0m
[run] meanflow  k=10/10 seq=23/24 (239/240)  t0=8376   rollout=  0.2s  avg= 0.2s/seq  elapsed=  0.7m  eta=  0.0m
[run] meanflow  k=10/10 seq=24/24 (240/240)  t0=8757   rollout=  0.2s  avg= 0.2s/seq  elapsed=  0.7m  eta=  0.0m
[run] meanflow ensemble finished in 0.7m
[score] aggregating...
| method | Time/Seq.(s) | CRPS↓ | CSI-M↑ | CSI-P16↑ | FSS-P16-M↑ | HSS-M↑ | FAR-M↓ | RMSE_u10↓ | RMSE_v10↓ | RMSE_t2m↓ | RMSE_qpepre↓ |
|---|---|---|---|---|---|---|---|---|---|---|---|
| diffusion | 2.059 | 0.3513 | 0.2245 | 0.0487 | 0.1829 | 0.3088 | 0.5634 | 0.9396 | 1.0009 | 0.5208 | 0.8732 |
| flowcast | 0.497 | 0.3791 | 0.2149 | 0.0159 | 0.0600 | 0.2935 | 0.4863 | 0.9595 | 1.0257 | 0.5643 | 0.8469 |
| meanflow | 0.208 | 0.3930 | 0.2290 | 0.0530 | 0.1583 | 0.3154 | 0.5016 | 0.9294 | 0.9952 | 0.5180 | 0.8374 |
[done] /home3/davidlcs/Econ-Rag/Local_LLM/test_meeting/Stormcast-Distilation/experiment_scripts/results/qual_thesis
[qual] copied 3 panels into /home3/davidlcs/Econ-Rag/Local_LLM/test_meeting/Stormcast-Distilation/NTU-Thesis-LaTeX-Template/figures/results:
       qual_qpepre_seq00.png  qual_qpepre_seq02.png  qual_u10_seq00.png
[qual] done
