
================================================================
[2026-05-14 17:26:16] log1p vs NO_log1p qpepre encoding ablation
================================================================
[2026-05-14 17:26:16] [run_log1p] trying conda activate stormcast_env ...
[2026-05-14 17:26:17] [run_log1p] activating venv /home3/davidlcs/Econ-Rag/Local_LLM/test_meeting/Stormcast-Distilation/stormcast_env
[2026-05-14 17:26:17] [run_log1p] python : /home3/davidlcs/Econ-Rag/Local_LLM/test_meeting/Stormcast-Distilation/stormcast_env/bin/python
[2026-05-14 17:26:17] [run_log1p] host   : gpu03  user=davidlcs  pid=689400
[2026-05-14 17:26:17] [run_log1p] cuda   : 1

================================================================
[2026-05-14 17:26:17] Configuration
================================================================
[2026-05-14 17:26:17] [run_log1p] REPO_ROOT     = /home3/davidlcs/Econ-Rag/Local_LLM/test_meeting/Stormcast-Distilation
[2026-05-14 17:26:17] [run_log1p] OUT_DIR       = /home3/davidlcs/Econ-Rag/Local_LLM/test_meeting/Stormcast-Distilation/experiment_scripts/results/log1p_ablation
[2026-05-14 17:26:17] [run_log1p] N_SEQUENCES   = 10
[2026-05-14 17:26:17] [run_log1p] N_STEPS       = 12
[2026-05-14 17:26:17] [run_log1p] ENSEMBLE      = 4
[2026-05-14 17:26:17] [run_log1p] DIFFUSION_NFE = 18
[2026-05-14 17:26:17] [run_log1p] FLOWCAST_NFE  = 10
[2026-05-14 17:26:17] [run_log1p] 
[2026-05-14 17:26:17] [run_log1p] Inputs:
[2026-05-14 17:26:17] [run_log1p]   L_DATA = /home3/davidlcs/Econ-Rag/Local_LLM/test_meeting/Stormcast-Distilation/exp_3_train_2_5_yrs_val_1yr_tp1/zarr_exp3_L_24_H_24_train_2_5_years_full_cleaned_4_27_2026
[2026-05-14 17:26:17] [run_log1p]   L_REG  = /home3/davidlcs/Econ-Rag/Local_LLM/test_meeting/Stormcast-Distilation/runs/regression_zettabyte_v1_cleaned_4_27_2026/regression_zettabyte_cleaned_4_27_2026/run_0/checkpoints_regression/StormCastUNet.0.8000.mdlus
[2026-05-14 17:26:17] [run_log1p]   L_EDM  = /home3/davidlcs/Econ-Rag/Local_LLM/test_meeting/Stormcast-Distilation/runs/diffusion_zettabyte_v1_cleaned_4_27_2026/diffusion_zettabyte_cleaned_4_27_2026/run_0/checkpoints_diffusion/EDMPrecond.0.31000.mdlus
[2026-05-14 17:26:17] [run_log1p]   L_FLOW = /home3/davidlcs/Econ-Rag/Local_LLM/test_meeting/Stormcast-Distilation/runs/flowcast_zettabyte_v1_cleaned_4_27_2026/flowcast_zettabyte_cleaned_4_27_2026/run_0/checkpoints_flowcast/FlowCastPrecond.0.20000.mdlus
[2026-05-14 17:26:17] [run_log1p]   N_DATA = /home3/davidlcs/Econ-Rag/Local_LLM/test_meeting/Stormcast-Distilation/exp_3_train_2_5_yrs_val_1yr_tp1/zarr_exp3_L_24_H_24_train_2_5_years_full_cleaned_4_27_2026_raw
[2026-05-14 17:26:17] [run_log1p]   N_REG  = /home3/davidlcs/Econ-Rag/Local_LLM/test_meeting/Stormcast-Distilation/runs/regression_zettabyte_v1_cleaned_4_27_2026_NO_log1p/regression_cleaned_NO_log1p/run_0/checkpoints_regression/StormCastUNet.0.10000.mdlus
[2026-05-14 17:26:17] [run_log1p]   N_EDM  = /home3/davidlcs/Econ-Rag/Local_LLM/test_meeting/Stormcast-Distilation/runs/diffusion_zettabyte_v1_cleaned_4_27_2026_NO_log1p/edm_cleaned_NO_log1p/run_0/checkpoints_diffusion/EDMPrecond.0.20000.mdlus
[2026-05-14 17:26:17] [run_log1p]   N_FLOW = /home3/davidlcs/Econ-Rag/Local_LLM/test_meeting/Stormcast-Distilation/runs/flowcast_zettabyte_v1_cleaned_4_27_2026_NO_log1p/flowcast_cleaned_NO_log1p/run_0/checkpoints_flowcast/FlowCastPrecond.0.20000.mdlus

================================================================
[2026-05-14 17:26:17] Pre-flight checks
================================================================
[2026-05-14 17:26:17] [run_log1p]   OK     L_DATA=/home3/davidlcs/Econ-Rag/Local_LLM/test_meeting/Stormcast-Distilation/exp_3_train_2_5_yrs_val_1yr_tp1/zarr_exp3_L_24_H_24_train_2_5_years_full_cleaned_4_27_2026
[2026-05-14 17:26:17] [run_log1p]   OK     L_REG=/home3/davidlcs/Econ-Rag/Local_LLM/test_meeting/Stormcast-Distilation/runs/regression_zettabyte_v1_cleaned_4_27_2026/regression_zettabyte_cleaned_4_27_2026/run_0/checkpoints_regression/StormCastUNet.0.8000.mdlus
[2026-05-14 17:26:17] [run_log1p]   OK     L_EDM=/home3/davidlcs/Econ-Rag/Local_LLM/test_meeting/Stormcast-Distilation/runs/diffusion_zettabyte_v1_cleaned_4_27_2026/diffusion_zettabyte_cleaned_4_27_2026/run_0/checkpoints_diffusion/EDMPrecond.0.31000.mdlus
[2026-05-14 17:26:17] [run_log1p]   OK     L_FLOW=/home3/davidlcs/Econ-Rag/Local_LLM/test_meeting/Stormcast-Distilation/runs/flowcast_zettabyte_v1_cleaned_4_27_2026/flowcast_zettabyte_cleaned_4_27_2026/run_0/checkpoints_flowcast/FlowCastPrecond.0.20000.mdlus
[2026-05-14 17:26:17] [run_log1p]   OK     N_DATA=/home3/davidlcs/Econ-Rag/Local_LLM/test_meeting/Stormcast-Distilation/exp_3_train_2_5_yrs_val_1yr_tp1/zarr_exp3_L_24_H_24_train_2_5_years_full_cleaned_4_27_2026_raw
[2026-05-14 17:26:17] [run_log1p]   OK     N_REG=/home3/davidlcs/Econ-Rag/Local_LLM/test_meeting/Stormcast-Distilation/runs/regression_zettabyte_v1_cleaned_4_27_2026_NO_log1p/regression_cleaned_NO_log1p/run_0/checkpoints_regression/StormCastUNet.0.10000.mdlus
[2026-05-14 17:26:17] [run_log1p]   OK     N_EDM=/home3/davidlcs/Econ-Rag/Local_LLM/test_meeting/Stormcast-Distilation/runs/diffusion_zettabyte_v1_cleaned_4_27_2026_NO_log1p/edm_cleaned_NO_log1p/run_0/checkpoints_diffusion/EDMPrecond.0.20000.mdlus
[2026-05-14 17:26:17] [run_log1p]   OK     N_FLOW=/home3/davidlcs/Econ-Rag/Local_LLM/test_meeting/Stormcast-Distilation/runs/flowcast_zettabyte_v1_cleaned_4_27_2026_NO_log1p/flowcast_cleaned_NO_log1p/run_0/checkpoints_flowcast/FlowCastPrecond.0.20000.mdlus
[2026-05-14 17:26:17] [run_log1p] pre-flight OK

================================================================
[2026-05-14 17:26:17] Leg L — log1p (cleaned 192x96, qpepre_log1p=True)
================================================================
/home3/davidlcs/Econ-Rag/Local_LLM/test_meeting/Stormcast-Distilation/physicsnemo/distributed/manager.py:415: UserWarning: Could not initialize using ENV, SLURM or OPENMPI methods. Assuming this is a single process job
  warn(
[device] cuda:0
[data] /home3/davidlcs/Econ-Rag/Local_LLM/test_meeting/Stormcast-Distilation/exp_3_train_2_5_yrs_val_1yr_tp1/zarr_exp3_L_24_H_24_train_2_5_years_full_cleaned_4_27_2026 valid=['2022/01/01', '2022/12/31'] hr=[192, 96]
[data] usable pairs=8759 channels=['u10', 'v10', 't2m', 'qpepre']
[seqs] 10 sequences x 12 steps (first=0, last=8746)
[load] regression /home3/davidlcs/Econ-Rag/Local_LLM/test_meeting/Stormcast-Distilation/runs/regression_zettabyte_v1_cleaned_4_27_2026/regression_zettabyte_cleaned_4_27_2026/run_0/checkpoints_regression/StormCastUNet.0.8000.mdlus
[skip] diffusion leg disabled via --skip-diffusion
[load] flowcast /home3/davidlcs/Econ-Rag/Local_LLM/test_meeting/Stormcast-Distilation/runs/flowcast_zettabyte_v1_cleaned_4_27_2026/flowcast_zettabyte_cleaned_4_27_2026/run_0/checkpoints_flowcast/FlowCastPrecond.0.20000.mdlus
[run] flowcast ensemble (K=4, NFE=10)
[run] flowcast ensemble starting: K=4 x S=10 x T=12 = 40 sequence-rollouts
[run] flowcast  k=1/4 seq=1/10 (1/40)  t0=0      rollout=  6.0s  avg= 6.0s/seq  elapsed=  0.1m  eta=  3.9m
[run] flowcast  k=1/4 seq=2/10 (2/40)  t0=971    rollout=  6.1s  avg= 6.0s/seq  elapsed=  0.2m  eta=  3.8m
[run] flowcast  k=1/4 seq=3/10 (3/40)  t0=1943   rollout=  6.5s  avg= 6.2s/seq  elapsed=  0.3m  eta=  3.8m
[run] flowcast  k=1/4 seq=4/10 (4/40)  t0=2915   rollout=  6.3s  avg= 6.2s/seq  elapsed=  0.4m  eta=  3.7m
[run] flowcast  k=1/4 seq=5/10 (5/40)  t0=3887   rollout=  5.9s  avg= 6.1s/seq  elapsed=  0.5m  eta=  3.6m
[run] flowcast  k=1/4 seq=6/10 (6/40)  t0=4858   rollout=  5.9s  avg= 6.1s/seq  elapsed=  0.6m  eta=  3.5m
[run] flowcast  k=1/4 seq=7/10 (7/40)  t0=5830   rollout=  5.7s  avg= 6.0s/seq  elapsed=  0.7m  eta=  3.3m
[run] flowcast  k=1/4 seq=8/10 (8/40)  t0=6802   rollout=  5.8s  avg= 6.0s/seq  elapsed=  0.8m  eta=  3.2m
[run] flowcast  k=1/4 seq=9/10 (9/40)  t0=7774   rollout=  6.4s  avg= 6.1s/seq  elapsed=  0.9m  eta=  3.1m
[run] flowcast  k=1/4 seq=10/10 (10/40)  t0=8746   rollout=  6.3s  avg= 6.1s/seq  elapsed=  1.0m  eta=  3.0m
[run] flowcast  k=2/4 seq=1/10 (11/40)  t0=0      rollout=  6.6s  avg= 6.1s/seq  elapsed=  1.1m  eta=  3.0m
[run] flowcast  k=2/4 seq=2/10 (12/40)  t0=971    rollout=  6.3s  avg= 6.1s/seq  elapsed=  1.2m  eta=  2.9m
[run] flowcast  k=2/4 seq=3/10 (13/40)  t0=1943   rollout=  6.0s  avg= 6.1s/seq  elapsed=  1.3m  eta=  2.8m
[run] flowcast  k=2/4 seq=4/10 (14/40)  t0=2915   rollout=  6.3s  avg= 6.1s/seq  elapsed=  1.4m  eta=  2.7m
[run] flowcast  k=2/4 seq=5/10 (15/40)  t0=3887   rollout=  6.1s  avg= 6.1s/seq  elapsed=  1.5m  eta=  2.6m
[run] flowcast  k=2/4 seq=6/10 (16/40)  t0=4858   rollout=  6.4s  avg= 6.2s/seq  elapsed=  1.6m  eta=  2.5m
[run] flowcast  k=2/4 seq=7/10 (17/40)  t0=5830   rollout=  5.9s  avg= 6.1s/seq  elapsed=  1.7m  eta=  2.4m
[run] flowcast  k=2/4 seq=8/10 (18/40)  t0=6802   rollout=  5.9s  avg= 6.1s/seq  elapsed=  1.8m  eta=  2.2m
[run] flowcast  k=2/4 seq=9/10 (19/40)  t0=7774   rollout=  5.8s  avg= 6.1s/seq  elapsed=  1.9m  eta=  2.1m
[run] flowcast  k=2/4 seq=10/10 (20/40)  t0=8746   rollout=  5.9s  avg= 6.1s/seq  elapsed=  2.0m  eta=  2.0m
[run] flowcast  k=3/4 seq=1/10 (21/40)  t0=0      rollout=  5.9s  avg= 6.1s/seq  elapsed=  2.1m  eta=  1.9m
[run] flowcast  k=3/4 seq=2/10 (22/40)  t0=971    rollout=  5.9s  avg= 6.1s/seq  elapsed=  2.2m  eta=  1.8m
[run] flowcast  k=3/4 seq=3/10 (23/40)  t0=1943   rollout=  6.2s  avg= 6.1s/seq  elapsed=  2.3m  eta=  1.7m
[run] flowcast  k=3/4 seq=4/10 (24/40)  t0=2915   rollout=  6.0s  avg= 6.1s/seq  elapsed=  2.4m  eta=  1.6m
[run] flowcast  k=3/4 seq=5/10 (25/40)  t0=3887   rollout=  6.6s  avg= 6.1s/seq  elapsed=  2.5m  eta=  1.5m
[run] flowcast  k=3/4 seq=6/10 (26/40)  t0=4858   rollout=  5.9s  avg= 6.1s/seq  elapsed=  2.6m  eta=  1.4m
[run] flowcast  k=3/4 seq=7/10 (27/40)  t0=5830   rollout=  5.8s  avg= 6.1s/seq  elapsed=  2.7m  eta=  1.3m
[run] flowcast  k=3/4 seq=8/10 (28/40)  t0=6802   rollout=  6.3s  avg= 6.1s/seq  elapsed=  2.8m  eta=  1.2m
[run] flowcast  k=3/4 seq=9/10 (29/40)  t0=7774   rollout=  6.1s  avg= 6.1s/seq  elapsed=  2.9m  eta=  1.1m
[run] flowcast  k=3/4 seq=10/10 (30/40)  t0=8746   rollout=  6.4s  avg= 6.1s/seq  elapsed=  3.1m  eta=  1.0m
[run] flowcast  k=4/4 seq=1/10 (31/40)  t0=0      rollout=  6.1s  avg= 6.1s/seq  elapsed=  3.2m  eta=  0.9m
[run] flowcast  k=4/4 seq=2/10 (32/40)  t0=971    rollout=  5.9s  avg= 6.1s/seq  elapsed=  3.3m  eta=  0.8m
[run] flowcast  k=4/4 seq=3/10 (33/40)  t0=1943   rollout=  6.0s  avg= 6.1s/seq  elapsed=  3.4m  eta=  0.7m
[run] flowcast  k=4/4 seq=4/10 (34/40)  t0=2915   rollout=  6.5s  avg= 6.1s/seq  elapsed=  3.5m  eta=  0.6m
[run] flowcast  k=4/4 seq=5/10 (35/40)  t0=3887   rollout=  6.1s  avg= 6.1s/seq  elapsed=  3.6m  eta=  0.5m
[run] flowcast  k=4/4 seq=6/10 (36/40)  t0=4858   rollout=  6.1s  avg= 6.1s/seq  elapsed=  3.7m  eta=  0.4m
[run] flowcast  k=4/4 seq=7/10 (37/40)  t0=5830   rollout=  6.7s  avg= 6.1s/seq  elapsed=  3.8m  eta=  0.3m
[run] flowcast  k=4/4 seq=8/10 (38/40)  t0=6802   rollout=  6.3s  avg= 6.1s/seq  elapsed=  3.9m  eta=  0.2m
[run] flowcast  k=4/4 seq=9/10 (39/40)  t0=7774   rollout=  6.3s  avg= 6.1s/seq  elapsed=  4.0m  eta=  0.1m
[run] flowcast  k=4/4 seq=10/10 (40/40)  t0=8746   rollout=  6.8s  avg= 6.2s/seq  elapsed=  4.1m  eta=  0.0m
[run] flowcast ensemble finished in 4.1m
[score] aggregating...
| method | Time/Seq.(s) | CRPS↓ | CSI-M↑ | CSI-P16↑ | FSS-P16-M↑ | HSS-M↑ | FAR-M↓ | RMSE_u10↓ | RMSE_v10↓ | RMSE_t2m↓ | RMSE_qpepre↓ |
|---|---|---|---|---|---|---|---|---|---|---|---|
| flowcast | 6.084 | 0.6886 | 0.1324 | 0.0024 | 0.0068 | 0.1683 | 0.4280 | 1.5321 | 1.6655 | 1.1669 | 0.9084 |
[panels] skipped (no diffusion run; pass a diffusion checkpoint to render panels)
[done] /home3/davidlcs/Econ-Rag/Local_LLM/test_meeting/Stormcast-Distilation/experiment_scripts/results/log1p_ablation/log1p
[2026-05-14 17:30:41] [run_log1p] leg L done in 264s

================================================================
[2026-05-14 17:30:41] Leg N — NO_log1p (cleaned 192x96 raw, qpepre_log1p=False)
================================================================
/home3/davidlcs/Econ-Rag/Local_LLM/test_meeting/Stormcast-Distilation/physicsnemo/distributed/manager.py:415: UserWarning: Could not initialize using ENV, SLURM or OPENMPI methods. Assuming this is a single process job
  warn(
[device] cuda:0
[data] /home3/davidlcs/Econ-Rag/Local_LLM/test_meeting/Stormcast-Distilation/exp_3_train_2_5_yrs_val_1yr_tp1/zarr_exp3_L_24_H_24_train_2_5_years_full_cleaned_4_27_2026_raw valid=['2022/01/01', '2022/12/31'] hr=[192, 96]
[data] usable pairs=8759 channels=['u10', 'v10', 't2m', 'qpepre']
[seqs] 10 sequences x 12 steps (first=0, last=8746)
[load] regression /home3/davidlcs/Econ-Rag/Local_LLM/test_meeting/Stormcast-Distilation/runs/regression_zettabyte_v1_cleaned_4_27_2026_NO_log1p/regression_cleaned_NO_log1p/run_0/checkpoints_regression/StormCastUNet.0.10000.mdlus
[skip] diffusion leg disabled via --skip-diffusion
[load] flowcast /home3/davidlcs/Econ-Rag/Local_LLM/test_meeting/Stormcast-Distilation/runs/flowcast_zettabyte_v1_cleaned_4_27_2026_NO_log1p/flowcast_cleaned_NO_log1p/run_0/checkpoints_flowcast/FlowCastPrecond.0.20000.mdlus
[run] flowcast ensemble (K=4, NFE=10)
[run] flowcast ensemble starting: K=4 x S=10 x T=12 = 40 sequence-rollouts
[run] flowcast  k=1/4 seq=1/10 (1/40)  t0=0      rollout=  7.3s  avg= 7.3s/seq  elapsed=  0.1m  eta=  4.7m
[run] flowcast  k=1/4 seq=2/10 (2/40)  t0=971    rollout=  7.3s  avg= 7.3s/seq  elapsed=  0.2m  eta=  4.6m
[run] flowcast  k=1/4 seq=3/10 (3/40)  t0=1943   rollout= 10.0s  avg= 8.2s/seq  elapsed=  0.4m  eta=  5.0m
[run] flowcast  k=1/4 seq=4/10 (4/40)  t0=2915   rollout=  7.1s  avg= 7.9s/seq  elapsed=  0.5m  eta=  4.7m
[run] flowcast  k=1/4 seq=5/10 (5/40)  t0=3887   rollout=  8.7s  avg= 8.1s/seq  elapsed=  0.7m  eta=  4.7m
[run] flowcast  k=1/4 seq=6/10 (6/40)  t0=4858   rollout=  6.7s  avg= 7.8s/seq  elapsed=  0.8m  eta=  4.4m
[run] flowcast  k=1/4 seq=7/10 (7/40)  t0=5830   rollout=  8.6s  avg= 7.9s/seq  elapsed=  0.9m  eta=  4.4m
[run] flowcast  k=1/4 seq=8/10 (8/40)  t0=6802   rollout=  6.9s  avg= 7.8s/seq  elapsed=  1.0m  eta=  4.2m
[run] flowcast  k=1/4 seq=9/10 (9/40)  t0=7774   rollout=  9.0s  avg= 7.9s/seq  elapsed=  1.2m  eta=  4.1m
[run] flowcast  k=1/4 seq=10/10 (10/40)  t0=8746   rollout=  7.0s  avg= 7.8s/seq  elapsed=  1.3m  eta=  3.9m
[run] flowcast  k=2/4 seq=1/10 (11/40)  t0=0      rollout=  6.1s  avg= 7.7s/seq  elapsed=  1.4m  eta=  3.7m
[run] flowcast  k=2/4 seq=2/10 (12/40)  t0=971    rollout=  6.7s  avg= 7.6s/seq  elapsed=  1.5m  eta=  3.6m
[run] flowcast  k=2/4 seq=3/10 (13/40)  t0=1943   rollout=  6.6s  avg= 7.5s/seq  elapsed=  1.6m  eta=  3.4m
[run] flowcast  k=2/4 seq=4/10 (14/40)  t0=2915   rollout=  5.9s  avg= 7.4s/seq  elapsed=  1.7m  eta=  3.2m
[run] flowcast  k=2/4 seq=5/10 (15/40)  t0=3887   rollout=  6.7s  avg= 7.4s/seq  elapsed=  1.8m  eta=  3.1m
[run] flowcast  k=2/4 seq=6/10 (16/40)  t0=4858   rollout=  6.8s  avg= 7.3s/seq  elapsed=  2.0m  eta=  2.9m
[run] flowcast  k=2/4 seq=7/10 (17/40)  t0=5830   rollout=  6.4s  avg= 7.3s/seq  elapsed=  2.1m  eta=  2.8m
[run] flowcast  k=2/4 seq=8/10 (18/40)  t0=6802   rollout=  6.8s  avg= 7.2s/seq  elapsed=  2.2m  eta=  2.7m
[run] flowcast  k=2/4 seq=9/10 (19/40)  t0=7774   rollout=  6.3s  avg= 7.2s/seq  elapsed=  2.3m  eta=  2.5m
[run] flowcast  k=2/4 seq=10/10 (20/40)  t0=8746   rollout=  6.1s  avg= 7.1s/seq  elapsed=  2.4m  eta=  2.4m
[run] flowcast  k=3/4 seq=1/10 (21/40)  t0=0      rollout=  6.6s  avg= 7.1s/seq  elapsed=  2.5m  eta=  2.3m
[run] flowcast  k=3/4 seq=2/10 (22/40)  t0=971    rollout=  6.3s  avg= 7.1s/seq  elapsed=  2.6m  eta=  2.1m
[run] flowcast  k=3/4 seq=3/10 (23/40)  t0=1943   rollout=  6.5s  avg= 7.1s/seq  elapsed=  2.7m  eta=  2.0m
[run] flowcast  k=3/4 seq=4/10 (24/40)  t0=2915   rollout=  6.9s  avg= 7.0s/seq  elapsed=  2.8m  eta=  1.9m
[run] flowcast  k=3/4 seq=5/10 (25/40)  t0=3887   rollout=  7.1s  avg= 7.1s/seq  elapsed=  2.9m  eta=  1.8m
[run] flowcast  k=3/4 seq=6/10 (26/40)  t0=4858   rollout=  6.7s  avg= 7.0s/seq  elapsed=  3.0m  eta=  1.6m
[run] flowcast  k=3/4 seq=7/10 (27/40)  t0=5830   rollout=  6.5s  avg= 7.0s/seq  elapsed=  3.2m  eta=  1.5m
[run] flowcast  k=3/4 seq=8/10 (28/40)  t0=6802   rollout=  6.5s  avg= 7.0s/seq  elapsed=  3.3m  eta=  1.4m
[run] flowcast  k=3/4 seq=9/10 (29/40)  t0=7774   rollout=  6.1s  avg= 7.0s/seq  elapsed=  3.4m  eta=  1.3m
[run] flowcast  k=3/4 seq=10/10 (30/40)  t0=8746   rollout=  6.6s  avg= 7.0s/seq  elapsed=  3.5m  eta=  1.2m
[run] flowcast  k=4/4 seq=1/10 (31/40)  t0=0      rollout=  6.5s  avg= 7.0s/seq  elapsed=  3.6m  eta=  1.0m
[run] flowcast  k=4/4 seq=2/10 (32/40)  t0=971    rollout=  6.3s  avg= 6.9s/seq  elapsed=  3.7m  eta=  0.9m
[run] flowcast  k=4/4 seq=3/10 (33/40)  t0=1943   rollout=  6.0s  avg= 6.9s/seq  elapsed=  3.8m  eta=  0.8m
[run] flowcast  k=4/4 seq=4/10 (34/40)  t0=2915   rollout=  6.4s  avg= 6.9s/seq  elapsed=  3.9m  eta=  0.7m
[run] flowcast  k=4/4 seq=5/10 (35/40)  t0=3887   rollout=  7.0s  avg= 6.9s/seq  elapsed=  4.0m  eta=  0.6m
[run] flowcast  k=4/4 seq=6/10 (36/40)  t0=4858   rollout=  6.9s  avg= 6.9s/seq  elapsed=  4.1m  eta=  0.5m
[run] flowcast  k=4/4 seq=7/10 (37/40)  t0=5830   rollout=  7.1s  avg= 6.9s/seq  elapsed=  4.3m  eta=  0.3m
[run] flowcast  k=4/4 seq=8/10 (38/40)  t0=6802   rollout=  7.2s  avg= 6.9s/seq  elapsed=  4.4m  eta=  0.2m
[run] flowcast  k=4/4 seq=9/10 (39/40)  t0=7774   rollout=  6.4s  avg= 6.9s/seq  elapsed=  4.5m  eta=  0.1m
[run] flowcast  k=4/4 seq=10/10 (40/40)  t0=8746   rollout=  6.5s  avg= 6.9s/seq  elapsed=  4.6m  eta=  0.0m
[run] flowcast ensemble finished in 4.6m
[score] aggregating...
| method | Time/Seq.(s) | CRPS↓ | CSI-M↑ | CSI-P16↑ | FSS-P16-M↑ | HSS-M↑ | FAR-M↓ | RMSE_u10↓ | RMSE_v10↓ | RMSE_t2m↓ | RMSE_qpepre↓ |
|---|---|---|---|---|---|---|---|---|---|---|---|
| flowcast | 7.846 | 0.8392 | 0.1246 | 0.0015 | 0.0030 | 0.1425 | 0.8350 | 1.6766 | 1.9430 | 1.6492 | 1.1498 |
[panels] skipped (no diffusion run; pass a diffusion checkpoint to render panels)
[done] /home3/davidlcs/Econ-Rag/Local_LLM/test_meeting/Stormcast-Distilation/experiment_scripts/results/log1p_ablation/NO_log1p
[2026-05-14 17:35:45] [run_log1p] leg N done in 304s

================================================================
[2026-05-14 17:35:45] Stitching log1p ablation scoreboard
================================================================
[stitch] WARN /home3/davidlcs/Econ-Rag/Local_LLM/test_meeting/Stormcast-Distilation/experiment_scripts/results/log1p_ablation/log1p/scoreboard.csv has no 'diffusion' row -- skipping log1p_diffusion
[stitch]   collected log1p_flowcast
[stitch] WARN /home3/davidlcs/Econ-Rag/Local_LLM/test_meeting/Stormcast-Distilation/experiment_scripts/results/log1p_ablation/NO_log1p/scoreboard.csv has no 'diffusion' row -- skipping NO_log1p_diffusion
[stitch]   collected NO_log1p_flowcast
[stitch] wrote /home3/davidlcs/Econ-Rag/Local_LLM/test_meeting/Stormcast-Distilation/experiment_scripts/results/log1p_ablation/scoreboard_log1p.csv
[stitch] wrote /home3/davidlcs/Econ-Rag/Local_LLM/test_meeting/Stormcast-Distilation/experiment_scripts/results/log1p_ablation/scoreboard_log1p.md
[stitch] preview:
[stitch]   log1p_flowcast | 6.084 | 0.6886 | 0.1324 | 0.0024 | 0.0068 | 0.1683 | 0.4280 | 1.5321 | 1.6655 | 1.1669 | 0.9084
[stitch]   NO_log1p_flowcast | 7.846 | 0.8392 | 0.1246 | 0.0015 | 0.0030 | 0.1425 | 0.8350 | 1.6766 | 1.9430 | 1.6492 | 1.1498
[stitch] wrote /home3/davidlcs/Econ-Rag/Local_LLM/test_meeting/Stormcast-Distilation/experiment_scripts/results/log1p_ablation/rmse_per_step_log1p.csv  (24 rows)

================================================================
[2026-05-14 17:35:45] All done — total elapsed 569s
================================================================
[2026-05-14 17:35:45] [run_log1p] outputs:
[2026-05-14 17:35:45] [run_log1p]   scoreboard      : /home3/davidlcs/Econ-Rag/Local_LLM/test_meeting/Stormcast-Distilation/experiment_scripts/results/log1p_ablation/scoreboard_log1p.{md,csv}
[2026-05-14 17:35:45] [run_log1p]   per-step RMSE   : /home3/davidlcs/Econ-Rag/Local_LLM/test_meeting/Stormcast-Distilation/experiment_scripts/results/log1p_ablation/rmse_per_step_log1p.csv
[2026-05-14 17:35:45] [run_log1p]   per-leg         : /home3/davidlcs/Econ-Rag/Local_LLM/test_meeting/Stormcast-Distilation/experiment_scripts/results/log1p_ablation/{log1p,NO_log1p}/scoreboard.{md,csv}
[2026-05-14 17:35:45] [run_log1p]   per-leg panels  : /home3/davidlcs/Econ-Rag/Local_LLM/test_meeting/Stormcast-Distilation/experiment_scripts/results/log1p_ablation/{log1p,NO_log1p}/panels/<channel>/seq*_step*.png
[2026-05-14 17:35:45] [run_log1p]   per-leg run logs: /home3/davidlcs/Econ-Rag/Local_LLM/test_meeting/Stormcast-Distilation/experiment_scripts/results/log1p_ablation/{log1p,NO_log1p}.log
[run_log1p]     | # log1p vs NO_log1p qpepre encoding ablation
[run_log1p]     | 
[run_log1p]     | Matched ~2M-sample-budget checkpoints. qpepre is reported in mm/h on both sides (denormalize_state undoes log1p when applicable), so threshold-based metrics are directly comparable across encodings.
[run_log1p]     | 
[run_log1p]     | | method | Time/Seq.(s) | CRPS↓ | CSI-M↑ | CSI-P16↑ | FSS-P16-M↑ | HSS-M↑ | FAR-M↓ | RMSE_u10↓ | RMSE_v10↓ | RMSE_t2m↓ | RMSE_qpepre↓ |
[run_log1p]     | |---|---|---|---|---|---|---|---|---|---|---|---|
[run_log1p]     | | log1p_flowcast | 6.084 | 0.6886 | 0.1324 | 0.0024 | 0.0068 | 0.1683 | 0.4280 | 1.5321 | 1.6655 | 1.1669 | 0.9084 |
[run_log1p]     | | NO_log1p_flowcast | 7.846 | 0.8392 | 0.1246 | 0.0015 | 0.0030 | 0.1425 | 0.8350 | 1.6766 | 1.9430 | 1.6492 | 1.1498 |
==== log1p I-CFM-only done rc=0 ====
